Archive member included to satisfy reference by file (symbol)

C:/ST/STM32CubeIDE_1.18.1/STM32CubeIDE/plugins/com.st.stm32cube.ide.mcu.externaltools.gnu-tools-for-stm32.14.3.rel1.win32_1.0.100.202602081740/tools/bin/../lib/gcc/arm-none-eabi/14.3.1/../../../../arm-none-eabi/lib/thumb/v8-m.main+fp/hard\libc_nano.a(libc_a-exit.o)
                              C:/ST/STM32CubeIDE_1.18.1/STM32CubeIDE/plugins/com.st.stm32cube.ide.mcu.externaltools.gnu-tools-for-stm32.14.3.rel1.win32_1.0.100.202602081740/tools/bin/../lib/gcc/arm-none-eabi/14.3.1/../../../../arm-none-eabi/lib/thumb/v8-m.main+fp/hard/crt0.o (exit)
C:/ST/STM32CubeIDE_1.18.1/STM32CubeIDE/plugins/com.st.stm32cube.ide.mcu.externaltools.gnu-tools-for-stm32.14.3.rel1.win32_1.0.100.202602081740/tools/bin/../lib/gcc/arm-none-eabi/14.3.1/../../../../arm-none-eabi/lib/thumb/v8-m.main+fp/hard\libc_nano.a(libc_a-malloc.o)
                              ./Middlewares/ST/STM32_USB_Host_Library/Class/MSC/Src/usbh_msc.o (malloc)
C:/ST/STM32CubeIDE_1.18.1/STM32CubeIDE/plugins/com.st.stm32cube.ide.mcu.externaltools.gnu-tools-for-stm32.14.3.rel1.win32_1.0.100.202602081740/tools/bin/../lib/gcc/arm-none-eabi/14.3.1/../../../../arm-none-eabi/lib/thumb/v8-m.main+fp/hard\libc_nano.a(libc_a-mallocr.o)
                              C:/ST/STM32CubeIDE_1.18.1/STM32CubeIDE/plugins/com.st.stm32cube.ide.mcu.externaltools.gnu-tools-for-stm32.14.3.rel1.win32_1.0.100.202602081740/tools/bin/../lib/gcc/arm-none-eabi/14.3.1/../../../../arm-none-eabi/lib/thumb/v8-m.main+fp/hard\libc_nano.a(libc_a-malloc.o) (_malloc_r)
C:/ST/STM32CubeIDE_1.18.1/STM32CubeIDE/plugins/com.st.stm32cube.ide.mcu.externaltools.gnu-tools-for-stm32.14.3.rel1.win32_1.0.100.202602081740/tools/bin/../lib/gcc/arm-none-eabi/14.3.1/../../../../arm-none-eabi/lib/thumb/v8-m.main+fp/hard\libc_nano.a(libc_a-mlock.o)
                              C:/ST/STM32CubeIDE_1.18.1/STM32CubeIDE/plugins/com.st.stm32cube.ide.mcu.externaltools.gnu-tools-for-stm32.14.3.rel1.win32_1.0.100.202602081740/tools/bin/../lib/gcc/arm-none-eabi/14.3.1/../../../../arm-none-eabi/lib/thumb/v8-m.main+fp/hard\libc_nano.a(libc_a-mallocr.o) (__malloc_lock)
C:/ST/STM32CubeIDE_1.18.1/STM32CubeIDE/plugins/com.st.stm32cube.ide.mcu.externaltools.gnu-tools-for-stm32.14.3.rel1.win32_1.0.100.202602081740/tools/bin/../lib/gcc/arm-none-eabi/14.3.1/../../../../arm-none-eabi/lib/thumb/v8-m.main+fp/hard\libc_nano.a(libc_a-findfp.o)
                              C:/ST/STM32CubeIDE_1.18.1/STM32CubeIDE/plugins/com.st.stm32cube.ide.mcu.externaltools.gnu-tools-for-stm32.14.3.rel1.win32_1.0.100.202602081740/tools/bin/../lib/gcc/arm-none-eabi/14.3.1/../../../../arm-none-eabi/lib/thumb/v8-m.main+fp/hard\libc_nano.a(libc_a-exit.o) (__stdio_exit_handler)
C:/ST/STM32CubeIDE_1.18.1/STM32CubeIDE/plugins/com.st.stm32cube.ide.mcu.externaltools.gnu-tools-for-stm32.14.3.rel1.win32_1.0.100.202602081740/tools/bin/../lib/gcc/arm-none-eabi/14.3.1/../../../../arm-none-eabi/lib/thumb/v8-m.main+fp/hard\libc_nano.a(libc_a-fwalk.o)
                              C:/ST/STM32CubeIDE_1.18.1/STM32CubeIDE/plugins/com.st.stm32cube.ide.mcu.externaltools.gnu-tools-for-stm32.14.3.rel1.win32_1.0.100.202602081740/tools/bin/../lib/gcc/arm-none-eabi/14.3.1/../../../../arm-none-eabi/lib/thumb/v8-m.main+fp/hard\libc_nano.a(libc_a-findfp.o) (_fwalk_sglue)
C:/ST/STM32CubeIDE_1.18.1/STM32CubeIDE/plugins/com.st.stm32cube.ide.mcu.externaltools.gnu-tools-for-stm32.14.3.rel1.win32_1.0.100.202602081740/tools/bin/../lib/gcc/arm-none-eabi/14.3.1/../../../../arm-none-eabi/lib/thumb/v8-m.main+fp/hard\libc_nano.a(libc_a-printf.o)
                              ./Boot/Src/boot_jump.o (printf)
C:/ST/STM32CubeIDE_1.18.1/STM32CubeIDE/plugins/com.st.stm32cube.ide.mcu.externaltools.gnu-tools-for-stm32.14.3.rel1.win32_1.0.100.202602081740/tools/bin/../lib/gcc/arm-none-eabi/14.3.1/../../../../arm-none-eabi/lib/thumb/v8-m.main+fp/hard\libc_nano.a(libc_a-puts.o)
                              ./Boot/Src/boot_jump.o (puts)
C:/ST/STM32CubeIDE_1.18.1/STM32CubeIDE/plugins/com.st.stm32cube.ide.mcu.externaltools.gnu-tools-for-stm32.14.3.rel1.win32_1.0.100.202602081740/tools/bin/../lib/gcc/arm-none-eabi/14.3.1/../../../../arm-none-eabi/lib/thumb/v8-m.main+fp/hard\libc_nano.a(libc_a-stdio.o)
                              C:/ST/STM32CubeIDE_1.18.1/STM32CubeIDE/plugins/com.st.stm32cube.ide.mcu.externaltools.gnu-tools-for-stm32.14.3.rel1.win32_1.0.100.202602081740/tools/bin/../lib/gcc/arm-none-eabi/14.3.1/../../../../arm-none-eabi/lib/thumb/v8-m.main+fp/hard\libc_nano.a(libc_a-findfp.o) (__sread)
C:/ST/STM32CubeIDE_1.18.1/STM32CubeIDE/plugins/com.st.stm32cube.ide.mcu.externaltools.gnu-tools-for-stm32.14.3.rel1.win32_1.0.100.202602081740/tools/bin/../lib/gcc/arm-none-eabi/14.3.1/../../../../arm-none-eabi/lib/thumb/v8-m.main+fp/hard\libc_nano.a(libc_a-wbuf.o)
[...]
Memory Configuration

Name             Origin             Length             Attributes
RAM              0x20000000         0x00270000         xrw
SRAM4            0x28000000         0x00004000         xrw
FLASH            0x08000000         0x00200000         xr
*default*        0x00000000         0xffffffff

Linker script and memory map

LOAD C:/ST/STM32CubeIDE_1.18.1/STM32CubeIDE/plugins/com.st.stm32cube.ide.mcu.externaltools.gnu-tools-for-stm32.14.3.rel1.win32_1.0.100.202602081740/tools/bin/../lib/gcc/arm-none-eabi/14.3.1/thumb/v8-m.main+fp/hard/crti.o
LOAD C:/ST/STM32CubeIDE_1.18.1/STM32CubeIDE/plugins/com.st.stm32cube.ide.mcu.externaltools.gnu-tools-for-stm32.14.3.rel1.win32_1.0.100.202602081740/tools/bin/../lib/gcc/arm-none-eabi/14.3.1/thumb/v8-m.main+fp/hard/crtbegin.o
LOAD C:/ST/STM32CubeIDE_1.18.1/STM32CubeIDE/plugins/com.st.stm32cube.ide.mcu.externaltools.gnu-tools-for-stm32.14.3.rel1.win32_1.0.100.202602081740/tools/bin/../lib/gcc/arm-none-eabi/14.3.1/../../../../arm-none-eabi/lib/thumb/v8-m.main+fp/hard/crt0.o
LOAD ./Boot/Src/boot_jump.o
LOAD ./Boot/USB/Src/usb_fs_service.o
LOAD ./Boot/USB/Src/usb_msc_service.o
LOAD ./Boot/USB/Src/usb_update.o
LOAD ./Boot/USB/Src/usbh_conf.o
LOAD ./Boot/USB/Src/usbh_diskio.o
LOAD ./Drivers/STM32U5xx_HAL_Driver/Src/stm32u5xx_hal.o
LOAD ./Drivers/STM32U5xx_HAL_Driver/Src/stm32u5xx_hal_cortex.o
LOAD ./Drivers/STM32U5xx_HAL_Driver/Src/stm32u5xx_hal_dcache.o
LOAD ./Drivers/STM32U5xx_HAL_Driver/Src/stm32u5xx_hal_dma.o
LOAD ./Drivers/STM32U5xx_HAL_Driver/Src/stm32u5xx_hal_dma_ex.o
LOAD ./Drivers/STM32U5xx_HAL_Driver/Src/stm32u5xx_hal_exti.o
LOAD ./Drivers/STM32U5xx_HAL_Driver/Src/stm32u5xx_hal_flash.o
LOAD ./Drivers/STM32U5xx_HAL_Driver/Src/stm32u5xx_hal_flash_ex.o
LOAD ./Drivers/STM32U5xx_HAL_Driver/Src/stm32u5xx_hal_gpio.o
LOAD ./Drivers/STM32U5xx_HAL_Driver/Src/stm32u5xx_hal_hcd.o
LOAD ./Drivers/STM32U5xx_HAL_Driver/Src/stm32u5xx_hal_icache.o
LOAD ./Drivers/STM32U5xx_HAL_Driver/Src/stm32u5xx_hal_pwr.o
LOAD ./Drivers/STM32U5xx_HAL_Driver/Src/stm32u5xx_hal_pwr_ex.o
LOAD ./Drivers/STM32U5xx_HAL_Driver/Src/stm32u5xx_hal_rcc.o
LOAD ./Drivers/STM32U5xx_HAL_Driver/Src/stm32u5xx_hal_rcc_ex.o
LOAD ./Drivers/STM32U5xx_HAL_Driver/Src/stm32u5xx_ll_usb.o
LOAD ./Drivers/Vendor/FatFs/source/diskio.o
LOAD ./Drivers/Vendor/FatFs/source/ff.o
LOAD ./Drivers/Vendor/FatFs/source/ff_gen_drv.o
LOAD ./Drivers/Vendor/FatFs/source/ffsystem_baremetal.o
LOAD ./Middlewares/ST/STM32_USB_Host_Library/Class/MSC/Src/usbh_msc.o
LOAD ./Middlewares/ST/STM32_USB_Host_Library/Class/MSC/Src/usbh_msc_bot.o
LOAD ./Middlewares/ST/STM32_USB_Host_Library/Class/MSC/Src/usbh_msc_scsi.o
LOAD ./Middlewares/ST/STM32_USB_Host_Library/Core/Src/usbh_core.o
LOAD ./Middlewares/ST/STM32_USB_Host_Library/Core/Src/usbh_ctlreq.o
LOAD ./Middlewares/ST/STM32_USB_Host_Library/Core/Src/usbh_ioreq.o
LOAD ./Middlewares/ST/STM32_USB_Host_Library/Core/Src/usbh_pipes.o
LOAD ./Src/main.o
LOAD ./Src/stm32u5xx_it.o
LOAD ./Src/syscalls.o
LOAD ./Src/sysmem.o
LOAD ./Src/system_stm32u5xx.o
LOAD ./Startup/startup_stm32u599nihxq.o
START GROUP
LOAD C:/ST/STM32CubeIDE_1.18.1/STM32CubeIDE/plugins/com.st.stm32cube.ide.mcu.externaltools.gnu-tools-for-stm32.14.3.rel1.win32_1.0.100.202602081740/tools/bin/../lib/gcc/arm-none-eabi/14.3.1/../../../../arm-none-eabi/lib/thumb/v8-m.main+fp/hard\libc_nano.a
LOAD C:/ST/STM32CubeIDE_1.18.1/STM32CubeIDE/plugins/com.st.stm32cube.ide.mcu.externaltools.gnu-tools-for-stm32.14.3.rel1.win32_1.0.100.202602081740/tools/bin/../lib/gcc/arm-none-eabi/14.3.1/../../../../arm-none-eabi/lib/thumb/v8-m.main+fp/hard\libm.a
END GROUP
START GROUP
LOAD C:/ST/STM32CubeIDE_1.18.1/STM32CubeIDE/plugins/com.st.stm32cube.ide.mcu.externaltools.gnu-tools-for-stm32.14.3.rel1.win32_1.0.100.202602081740/tools/bin/../lib/gcc/arm-none-eabi/14.3.1/thumb/v8-m.main+fp/hard\libgcc.a
LOAD C:/ST/STM32CubeIDE_1.18.1/STM32CubeIDE/plugins/com.st.stm32cube.ide.mcu.externaltools.gnu-tools-for-stm32.14.3.rel1.win32_1.0.100.202602081740/tools/bin/../lib/gcc/arm-none-eabi/14.3.1/../../../../arm-none-eabi/lib/thumb/v8-m.main+fp/hard\libc_nano.a
END GROUP
START GROUP
LOAD C:/ST/STM32CubeIDE_1.18.1/STM32CubeIDE/plugins/com.st.stm32cube.ide.mcu.externaltools.gnu-tools-for-stm32.14.3.rel1.win32_1.0.100.202602081740/tools/bin/../lib/gcc/arm-none-eabi/14.3.1/thumb/v8-m.main+fp/hard\libgcc.a
LOAD C:/ST/STM32CubeIDE_1.18.1/STM32CubeIDE/plugins/com.st.stm32cube.ide.mcu.externaltools.gnu-tools-for-stm32.14.3.rel1.win32_1.0.100.202602081740/tools/bin/../lib/gcc/arm-none-eabi/14.3.1/../../../../arm-none-eabi/lib/thumb/v8-m.main+fp/hard\libc_nano.a
LOAD C:/ST/STM32CubeIDE_1.18.1/STM32CubeIDE/plugins/com.st.stm32cube.ide.mcu.externaltools.gnu-tools-for-stm32.14.3.rel1.win32_1.0.100.202602081740/tools/bin/../lib/gcc/arm-none-eabi/14.3.1/../../../../arm-none-eabi/lib/thumb/v8-m.main+fp/hard\libnosys.a
END GROUP
START GROUP
LOAD C:/ST/STM32CubeIDE_1.18.1/STM32CubeIDE/plugins/com.st.stm32cube.ide.mcu.externaltools.gnu-tools-for-stm32.14.3.rel1.win32_1.0.100.202602081740/tools/bin/../lib/gcc/arm-none-eabi/14.3.1/thumb/v8-m.main+fp/hard\libgcc.a
LOAD C:/ST/STM32CubeIDE_1.18.1/STM32CubeIDE/plugins/com.st.stm32cube.ide.mcu.externaltools.gnu-tools-for-stm32.14.3.rel1.win32_1.0.100.202602081740/tools/bin/../lib/gcc/arm-none-eabi/14.3.1/../../../../arm-none-eabi/lib/thumb/v8-m.main+fp/hard\libc_nano.a
LOAD C:/ST/STM32CubeIDE_1.18.1/STM32CubeIDE/plugins/com.st.stm32cube.ide.mcu.externaltools.gnu-tools-for-stm32.14.3.rel1.win32_1.0.100.202602081740/tools/bin/../lib/gcc/arm-none-eabi/14.3.1/../../../../arm-none-eabi/lib/thumb/v8-m.main+fp/hard\libnosys.a
END GROUP
LOAD C:/ST/STM32CubeIDE_1.18.1/STM32CubeIDE/plugins/com.st.stm32cube.ide.mcu.externaltools.gnu-tools-for-stm32.14.3.rel1.win32_1.0.100.202602081740/tools/bin/../lib/gcc/arm-none-eabi/14.3.1/thumb/v8-m.main+fp/hard/crtend.o
LOAD C:/ST/STM32CubeIDE_1.18.1/STM32CubeIDE/plugins/com.st.stm32cube.ide.mcu.externaltools.gnu-tools-for-stm32.14.3.rel1.win32_1.0.100.202602081740/tools/bin/../lib/gcc/arm-none-eabi/14.3.1/thumb/v8-m.main+fp/hard/crtn.o
                0x20270000                        _estack = (ORIGIN (RAM) + LENGTH (RAM))
                0x2026e000                        _sstack = (_estack - _Min_Stack_Size)
                0x00000200                        _Min_Heap_Size = 0x200
                0x00002000                        _Min_Stack_Size = 0x2000

.isr_vector     0x08000000      0x26c
 *(.isr_vector)
 .isr_vector    0x08000000      0x26c ./Startup/startup_stm32u599nihxq.o
                0x08000000                g_pfnVectors

.text           0x0800026c     0xf184
 *(.text)
 .text          0x0800026c       0x40 C:/ST/STM32CubeIDE_1.18.1/STM32CubeIDE/plugins/com.st.stm32cube.ide.mcu.externaltools.gnu-tools-for-stm32.14.3.rel1.win32_1.0.100.202602081740/tools/bin/../lib/gcc/arm-none-eabi/14.3.1/thumb/v8-m.main+fp/hard/crtbegin.o
 *(.text*)
 .text.Boot_DisableAllInterrupts
                0x080002ac       0x48 ./Boot/Src/boot_jump.o
 .text.Boot_IsApplicationValid
                0x080002f4       0xbc ./Boot/Src/boot_jump.o
                0x080002f4                Boot_IsApplicationValid
 .text.Boot_JumpToApplication
                0x080003b0       0xf4 ./Boot/Src/boot_jump.o
                0x080003b0                Boot_JumpToApplication
 .text.UsbFsService_Init
                0x080004a4       0x38 ./Boot/USB/Src/usb_fs_service.o
                0x080004a4                UsbFsService_Init
 .text.UsbFsService_Mount
                0x080004dc       0x84 ./Boot/USB/Src/usb_fs_service.o
                0x080004dc                UsbFsService_Mount
 .text.UsbFsService_Unmount
                0x08000560       0x44 ./Boot/USB/Src/usb_fs_service.o
                0x08000560                UsbFsService_Unmount
 .text.UsbFsService_FileExists
                0x080005a4       0x74 ./Boot/USB/Src/usb_fs_service.o
                0x080005a4                UsbFsService_FileExists
 .text.UsbFsService_ReadFile
                0x08000618      0x16c ./Boot/USB/Src/usb_fs_service.o
                0x08000618                UsbFsService_ReadFile
 .text.UsbFsService_OpenStream
                0x08000784       0x80 ./Boot/USB/Src/usb_fs_service.o
                0x08000784                UsbFsService_OpenStream
 .text.UsbFsService_ReadStream
                0x08000804       0x74 ./Boot/USB/Src/usb_fs_service.o
                0x08000804                UsbFsService_ReadStream
 .text.UsbFsService_CloseStream
                0x08000878       0x28 ./Boot/USB/Src/usb_fs_service.o
                0x08000878                UsbFsService_CloseStream
 .text.UsbFsService_GetLastError
                0x080008a0       0x18 ./Boot/USB/Src/usb_fs_service.o
                0x080008a0                UsbFsService_GetLastError
 .text.UsbMscService_Init
                0x080008b8       0x74 ./Boot/USB/Src/usb_msc_service.o
                0x080008b8                UsbMscService_Init
 .text.UsbMscService_Process
                0x0800092c      0x1ac ./Boot/USB/Src/usb_msc_service.o
                0x0800092c                UsbMscService_Process
 .text.UsbMscService_SetEnabled
                0x08000ad8       0x6c ./Boot/USB/Src/usb_msc_service.o
                0x08000ad8                UsbMscService_SetEnabled
 .text.UsbMscService_IsReady
                0x08000b44       0x20 ./Boot/USB/Src/usb_msc_service.o
                0x08000b44                UsbMscService_IsReady
 .text.UsbMscService_GetState
                0x08000b64       0x18 ./Boot/USB/Src/usb_msc_service.o
                0x08000b64                UsbMscService_GetState
 .text.UsbMscService_GetStateName
                0x08000b7c       0x70 ./Boot/USB/Src/usb_msc_service.o
                0x08000b7c                UsbMscService_GetStateName
 .text.UsbMscService_UserProcess
                0x08000bec      0x18c ./Boot/USB/Src/usb_msc_service.o
 .text.UsbMscService_SetState
                0x08000d78       0x34 ./Boot/USB/Src/usb_msc_service.o
 .text.UsbMscService_RestartHost
                0x08000dac       0x60 ./Boot/USB/Src/usb_msc_service.o
 .text.UsbMscService_TriggerRecovery
                0x08000e0c       0x68 ./Boot/USB/Src/usb_msc_service.o
 .text.USBH_LL_SetVbusDelay
                0x08000e74       0x20 ./Boot/USB/Src/usbh_conf.o
                0x08000e74                USBH_LL_SetVbusDelay
 .text.USBH_LL_HardResetHostController
                0x08000e94       0xcc ./Boot/USB/Src/usbh_conf.o
                0x08000e94                USBH_LL_HardResetHostController
 .text.HAL_HCD_MspInit
                0x08000f60      0x27c ./Boot/USB/Src/usbh_conf.o
                0x08000f60                HAL_HCD_MspInit
 .text.HAL_HCD_SOF_Callback
                0x080011dc       0x2c ./Boot/USB/Src/usbh_conf.o
                0x080011dc                HAL_HCD_SOF_Callback
 .text.HAL_HCD_Connect_Callback
                0x08001208       0x2c ./Boot/USB/Src/usbh_conf.o
                0x08001208                HAL_HCD_Connect_Callback
 .text.HAL_HCD_Disconnect_Callback
                0x08001234       0x2c ./Boot/USB/Src/usbh_conf.o
                0x08001234                HAL_HCD_Disconnect_Callback
 .text.HAL_HCD_HC_NotifyURBChange_Callback
                0x08001260       0x1c ./Boot/USB/Src/usbh_conf.o
                0x08001260                HAL_HCD_HC_NotifyURBChange_Callback
 .text.HAL_HCD_PortEnabled_Callback
                0x0800127c       0x2c ./Boot/USB/Src/usbh_conf.o
                0x0800127c                HAL_HCD_PortEnabled_Callback
 .text.HAL_HCD_PortDisabled_Callback
                0x080012a8       0x2c ./Boot/USB/Src/usbh_conf.o
                0x080012a8                HAL_HCD_PortDisabled_Callback
 .text.USBH_LL_Init
                0x080012d4       0x7c ./Boot/USB/Src/usbh_conf.o
                0x080012d4                USBH_LL_Init
 .text.USBH_LL_Start
                0x08001350       0x26 ./Boot/USB/Src/usbh_conf.o
                0x08001350                USBH_LL_Start
 .text.USBH_LL_Stop
                0x08001376       0x26 ./Boot/USB/Src/usbh_conf.o
                0x08001376                USBH_LL_Stop
 .text.USBH_LL_GetSpeed
                0x0800139c       0x3e ./Boot/USB/Src/usbh_conf.o
                0x0800139c                USBH_LL_GetSpeed
 .text.USBH_LL_ResetPort
                0x080013da       0x26 ./Boot/USB/Src/usbh_conf.o
                0x080013da                USBH_LL_ResetPort
 .text.USBH_LL_GetLastXferSize
                0x08001400       0x26 ./Boot/USB/Src/usbh_conf.o
                0x08001400                USBH_LL_GetLastXferSize
 .text.USBH_LL_OpenPipe
                0x08001426       0x58 ./Boot/USB/Src/usbh_conf.o
                0x08001426                USBH_LL_OpenPipe
 .text.USBH_LL_ActivatePipe
                0x0800147e       0x2e ./Boot/USB/Src/usbh_conf.o
                0x0800147e                USBH_LL_ActivatePipe
 .text.USBH_LL_ClosePipe
                0x080014ac       0x3c ./Boot/USB/Src/usbh_conf.o
                0x080014ac                USBH_LL_ClosePipe
 .text.USBH_LL_SubmitURB
                0x080014e8       0x50 ./Boot/USB/Src/usbh_conf.o
                0x080014e8                USBH_LL_SubmitURB
 .text.USBH_LL_GetURBState
                0x08001538       0xcc ./Boot/USB/Src/usbh_conf.o
                0x08001538                USBH_LL_GetURBState
 .text.USBH_LL_DriverVBUS
                0x08001604       0x48 ./Boot/USB/Src/usbh_conf.o
                0x08001604                USBH_LL_DriverVBUS
 .text.USBH_LL_SetToggle
                0x0800164c       0x58 ./Boot/USB/Src/usbh_conf.o
                0x0800164c                USBH_LL_SetToggle
 .text.USBH_LL_GetToggle
                0x080016a4       0x4e ./Boot/USB/Src/usbh_conf.o
                0x080016a4                USBH_LL_GetToggle
 .text.USBH_Delay
                0x080016f2       0x16 ./Boot/USB/Src/usbh_conf.o
                0x080016f2                USBH_Delay
 .text.USBH_Get_USB_Status
                0x08001708       0x38 ./Boot/USB/Src/usbh_conf.o
 .text.USBH_initialize
                0x08001740       0x1c ./Boot/USB/Src/usbh_diskio.o
 .text.USBH_status
                0x0800175c       0x40 ./Boot/USB/Src/usbh_diskio.o
 .text.USBH_read
                0x0800179c      0x18c ./Boot/USB/Src/usbh_diskio.o
 .text.USBH_write
                0x08001928       0x1e ./Boot/USB/Src/usbh_diskio.o
 *fill*         0x08001946        0x2 
 .text.USBH_ioctl
                0x08001948       0xac ./Boot/USB/Src/usbh_diskio.o
 .text.HAL_Init
                0x080019f4       0x60 ./Drivers/STM32U5xx_HAL_Driver/Src/stm32u5xx_hal.o
                0x080019f4                HAL_Init
 .text.HAL_MspInit
                0x08001a54        0xe ./Drivers/STM32U5xx_HAL_Driver/Src/stm32u5xx_hal.o
                0x08001a54                HAL_MspInit
 *fill*         0x08001a62        0x2 
 .text.HAL_InitTick
                0x08001a64       0xec ./Drivers/STM32U5xx_HAL_Driver/Src/stm32u5xx_hal.o
                0x08001a64                HAL_InitTick
 .text.HAL_IncTick
                0x08001b50       0x28 ./Drivers/STM32U5xx_HAL_Driver/Src/stm32u5xx_hal.o
                0x08001b50                HAL_IncTick
 .text.HAL_GetTick
                0x08001b78       0x18 ./Drivers/STM32U5xx_HAL_Driver/Src/stm32u5xx_hal.o
                0x08001b78                HAL_GetTick
 .text.HAL_Delay
                0x08001b90       0x48 ./Drivers/STM32U5xx_HAL_Driver/Src/stm32u5xx_hal.o
                0x08001b90                HAL_Delay
 .text.HAL_SYSCFG_EnableOTGPHY
                0x08001bd8       0x28 ./Drivers/STM32U5xx_HAL_Driver/Src/stm32u5xx_hal.o
                0x08001bd8                HAL_SYSCFG_EnableOTGPHY
 .text.HAL_SYSCFG_SetOTGPHYReferenceClockSelection
                0x08001c00       0x28 ./Drivers/STM32U5xx_HAL_Driver/Src/stm32u5xx_hal.o
                0x08001c00                HAL_SYSCFG_SetOTGPHYReferenceClockSelection
 .text.__NVIC_SetPriorityGrouping
                0x08001c28       0x48 ./Drivers/STM32U5xx_HAL_Driver/Src/stm32u5xx_hal_cortex.o
 .text.__NVIC_GetPriorityGrouping
                0x08001c70       0x1c ./Drivers/STM32U5xx_HAL_Driver/Src/stm32u5xx_hal_cortex.o
 .text.__NVIC_EnableIRQ
                0x08001c8c       0x3c ./Drivers/STM32U5xx_HAL_Driver/Src/stm32u5xx_hal_cortex.o
 .text.__NVIC_DisableIRQ
                0x08001cc8       0x48 ./Drivers/STM32U5xx_HAL_Driver/Src/stm32u5xx_hal_cortex.o
 .text.__NVIC_SetPriority
                0x08001d10       0x54 ./Drivers/STM32U5xx_HAL_Driver/Src/stm32u5xx_hal_cortex.o
 .text.NVIC_EncodePriority
                0x08001d64       0x66 ./Drivers/STM32U5xx_HAL_Driver/Src/stm32u5xx_hal_cortex.o
 .text.HAL_NVIC_SetPriorityGrouping
                0x08001dca       0x16 ./Drivers/STM32U5xx_HAL_Driver/Src/stm32u5xx_hal_cortex.o
                0x08001dca                HAL_NVIC_SetPriorityGrouping
 .text.HAL_NVIC_SetPriority
                0x08001de0       0x34 ./Drivers/STM32U5xx_HAL_Driver/Src/stm32u5xx_hal_cortex.o
                0x08001de0                HAL_NVIC_SetPriority
 .text.HAL_NVIC_EnableIRQ
                0x08001e14       0x1c ./Drivers/STM32U5xx_HAL_Driver/Src/stm32u5xx_hal_cortex.o
                0x08001e14                HAL_NVIC_EnableIRQ
 .text.HAL_NVIC_DisableIRQ
                0x08001e30       0x1c ./Drivers/STM32U5xx_HAL_Driver/Src/stm32u5xx_hal_cortex.o
                0x08001e30                HAL_NVIC_DisableIRQ
 .text.HAL_SYSTICK_Config
                0x08001e4c       0x44 ./Drivers/STM32U5xx_HAL_Driver/Src/stm32u5xx_hal_cortex.o
                0x08001e4c                HAL_SYSTICK_Config
 .text.HAL_SYSTICK_CLKSourceConfig
                0x08001e90       0xb0 ./Drivers/STM32U5xx_HAL_Driver/Src/stm32u5xx_hal_cortex.o
                0x08001e90                HAL_SYSTICK_CLKSourceConfig
 .text.HAL_SYSTICK_GetCLKSourceConfig
                0x08001f40       0x74 ./Drivers/STM32U5xx_HAL_Driver/Src/stm32u5xx_hal_cortex.o
                0x08001f40                HAL_SYSTICK_GetCLKSourceConfig
 .text.HAL_GPIO_Init
                0x08001fb4      0x3c0 ./Drivers/STM32U5xx_HAL_Driver/Src/stm32u5xx_hal_gpio.o
                0x08001fb4                HAL_GPIO_Init
 .text.HAL_GPIO_WritePin
                0x08002374       0x30 ./Drivers/STM32U5xx_HAL_Driver/Src/stm32u5xx_hal_gpio.o
                0x08002374                HAL_GPIO_WritePin
 .text.HAL_GPIO_TogglePin
                0x080023a4       0x34 ./Drivers/STM32U5xx_HAL_Driver/Src/stm32u5xx_hal_gpio.o
                0x080023a4                HAL_GPIO_TogglePin
 .text.HAL_HCD_Init
                0x080023d8       0xba ./Drivers/STM32U5xx_HAL_Driver/Src/stm32u5xx_hal_hcd.o
                0x080023d8                HAL_HCD_Init
 .text.HAL_HCD_HC_Init
                0x08002492      0x13a ./Drivers/STM32U5xx_HAL_Driver/Src/stm32u5xx_hal_hcd.o
                0x08002492                HAL_HCD_HC_Init
 .text.HAL_HCD_HC_Halt
                0x080025cc       0x46 ./Drivers/STM32U5xx_HAL_Driver/Src/stm32u5xx_hal_hcd.o
                0x080025cc                HAL_HCD_HC_Halt
 *fill*         0x08002612        0x2 
 .text.HAL_HCD_HC_SubmitRequest
                0x08002614      0x278 ./Drivers/STM32U5xx_HAL_Driver/Src/stm32u5xx_hal_hcd.o
                0x08002614                HAL_HCD_HC_SubmitRequest
 .text.HAL_HCD_IRQHandler
                0x0800288c      0x220 ./Drivers/STM32U5xx_HAL_Driver/Src/stm32u5xx_hal_hcd.o
                0x0800288c                HAL_HCD_IRQHandler
 .text.HAL_HCD_Start
                0x08002aac       0x46 ./Drivers/STM32U5xx_HAL_Driver/Src/stm32u5xx_hal_hcd.o
                0x08002aac                HAL_HCD_Start
 .text.HAL_HCD_Stop
                0x08002af2       0x3a ./Drivers/STM32U5xx_HAL_Driver/Src/stm32u5xx_hal_hcd.o
                0x08002af2                HAL_HCD_Stop
 .text.HAL_HCD_ResetPort
                0x08002b2c       0x1c ./Drivers/STM32U5xx_HAL_Driver/Src/stm32u5xx_hal_hcd.o
                0x08002b2c                HAL_HCD_ResetPort
 .text.HAL_HCD_HC_GetURBState
                0x08002b48       0x24 ./Drivers/STM32U5xx_HAL_Driver/Src/stm32u5xx_hal_hcd.o
                0x08002b48                HAL_HCD_HC_GetURBState
 .text.HAL_HCD_HC_GetXferCount
                0x08002b6c       0x24 ./Drivers/STM32U5xx_HAL_Driver/Src/stm32u5xx_hal_hcd.o
                0x08002b6c                HAL_HCD_HC_GetXferCount
 .text.HAL_HCD_GetCurrentFrame
                0x08002b90       0x1c ./Drivers/STM32U5xx_HAL_Driver/Src/stm32u5xx_hal_hcd.o
                0x08002b90                HAL_HCD_GetCurrentFrame
 .text.HAL_HCD_GetCurrentSpeed
                0x08002bac       0x1c ./Drivers/STM32U5xx_HAL_Driver/Src/stm32u5xx_hal_hcd.o
                0x08002bac                HAL_HCD_GetCurrentSpeed
 .text.HAL_HCD_HC_ClearHubInfo
                0x08002bc8       0x52 ./Drivers/STM32U5xx_HAL_Driver/Src/stm32u5xx_hal_hcd.o
                0x08002bc8                HAL_HCD_HC_ClearHubInfo
 .text.HAL_HCD_HC_Activate
                0x08002c1a       0x50 ./Drivers/STM32U5xx_HAL_Driver/Src/stm32u5xx_hal_hcd.o
                0x08002c1a                HAL_HCD_HC_Activate
 .text.HCD_HC_IN_IRQHandler
                0x08002c6a      0xb96 ./Drivers/STM32U5xx_HAL_Driver/Src/stm32u5xx_hal_hcd.o
 .text.HCD_HC_OUT_IRQHandler
                0x08003800      0x7c0 ./Drivers/STM32U5xx_HAL_Driver/Src/stm32u5xx_hal_hcd.o
 .text.HCD_RXQLVL_IRQHandler
                0x08003fc0      0x174 ./Drivers/STM32U5xx_HAL_Driver/Src/stm32u5xx_hal_hcd.o
 .text.HCD_Port_IRQHandler
                0x08004134       0xe6 ./Drivers/STM32U5xx_HAL_Driver/Src/stm32u5xx_hal_hcd.o
 *fill*         0x0800421a        0x2 
 .text.HAL_PWREx_ControlVoltageScaling
                0x0800421c       0xfc ./Drivers/STM32U5xx_HAL_Driver/Src/stm32u5xx_hal_pwr_ex.o
                0x0800421c                HAL_PWREx_ControlVoltageScaling
 .text.HAL_PWREx_GetVoltageRange
                0x08004318       0x1c ./Drivers/STM32U5xx_HAL_Driver/Src/stm32u5xx_hal_pwr_ex.o
                0x08004318                HAL_PWREx_GetVoltageRange
 .text.HAL_PWREx_ConfigSupply
                0x08004334       0xa0 ./Drivers/STM32U5xx_HAL_Driver/Src/stm32u5xx_hal_pwr_ex.o
                0x08004334                HAL_PWREx_ConfigSupply
 .text.HAL_PWREx_EnableVddUSB
                0x080043d4       0x20 ./Drivers/STM32U5xx_HAL_Driver/Src/stm32u5xx_hal_pwr_ex.o
                0x080043d4                HAL_PWREx_EnableVddUSB
 .text.HAL_PWREx_EnableUSBHSTranceiverSupply
                0x080043f4       0x3c ./Drivers/STM32U5xx_HAL_Driver/Src/stm32u5xx_hal_pwr_ex.o
                0x080043f4                HAL_PWREx_EnableUSBHSTranceiverSupply
 .text.HAL_RCC_OscConfig
                0x08004430      0xdb0 ./Drivers/STM32U5xx_HAL_Driver/Src/stm32u5xx_hal_rcc.o
                0x08004430                HAL_RCC_OscConfig
 .text.HAL_RCC_ClockConfig
                0x080051e0      0x3e4 ./Drivers/STM32U5xx_HAL_Driver/Src/stm32u5xx_hal_rcc.o
                0x080051e0                HAL_RCC_ClockConfig
 .text.HAL_RCC_GetSysClockFreq
                0x080055c4      0x20c ./Drivers/STM32U5xx_HAL_Driver/Src/stm32u5xx_hal_rcc.o
                0x080055c4                HAL_RCC_GetSysClockFreq
 .text.HAL_RCC_GetHCLKFreq
                0x080057d0       0x34 ./Drivers/STM32U5xx_HAL_Driver/Src/stm32u5xx_hal_rcc.o
                0x080057d0                HAL_RCC_GetHCLKFreq
 .text.RCC_SetFlashLatencyFromMSIRange
                0x08005804      0x10c ./Drivers/STM32U5xx_HAL_Driver/Src/stm32u5xx_hal_rcc.o
 .text.HAL_RCCEx_PeriphCLKConfig
                0x08005910      0xe34 ./Drivers/STM32U5xx_HAL_Driver/Src/stm32u5xx_hal_rcc_ex.o
                0x08005910                HAL_RCCEx_PeriphCLKConfig
 .text.RCCEx_PLL2_Config
                0x08006744      0x130 ./Drivers/STM32U5xx_HAL_Driver/Src/stm32u5xx_hal_rcc_ex.o
 .text.RCCEx_PLL3_Config
                0x08006874      0x130 ./Drivers/STM32U5xx_HAL_Driver/Src/stm32u5xx_hal_rcc_ex.o
 .text.USB_CoreInit
                0x080069a4       0x6a ./Drivers/STM32U5xx_HAL_Driver/Src/stm32u5xx_ll_usb.o
                0x080069a4                USB_CoreInit
 .text.USB_EnableGlobalInt
                0x08006a0e       0x22 ./Drivers/STM32U5xx_HAL_Driver/Src/stm32u5xx_ll_usb.o
                0x08006a0e                USB_EnableGlobalInt
 .text.USB_DisableGlobalInt
                0x08006a30       0x22 ./Drivers/STM32U5xx_HAL_Driver/Src/stm32u5xx_ll_usb.o
                0x08006a30                USB_DisableGlobalInt
 .text.USB_SetCurrentMode
                0x08006a52       0x98 ./Drivers/STM32U5xx_HAL_Driver/Src/stm32u5xx_ll_usb.o
                0x08006a52                USB_SetCurrentMode
 .text.USB_FlushTxFifo
                0x08006aea       0x64 ./Drivers/STM32U5xx_HAL_Driver/Src/stm32u5xx_ll_usb.o
                0x08006aea                USB_FlushTxFifo
 .text.USB_FlushRxFifo
                0x08006b4e       0x5c ./Drivers/STM32U5xx_HAL_Driver/Src/stm32u5xx_ll_usb.o
                0x08006b4e                USB_FlushRxFifo
 .text.USB_WritePacket
                0x08006baa       0x7c ./Drivers/STM32U5xx_HAL_Driver/Src/stm32u5xx_ll_usb.o
                0x08006baa                USB_WritePacket
 .text.USB_ReadPacket
                0x08006c26       0xb0 ./Drivers/STM32U5xx_HAL_Driver/Src/stm32u5xx_ll_usb.o
                0x08006c26                USB_ReadPacket
 .text.USB_ReadInterrupts
                0x08006cd6       0x26 ./Drivers/STM32U5xx_HAL_Driver/Src/stm32u5xx_ll_usb.o
                0x08006cd6                USB_ReadInterrupts
 .text.USB_ReadChInterrupts
                0x08006cfc       0x42 ./Drivers/STM32U5xx_HAL_Driver/Src/stm32u5xx_ll_usb.o
                0x08006cfc                USB_ReadChInterrupts
 .text.USB_GetMode
                0x08006d3e       0x1c ./Drivers/STM32U5xx_HAL_Driver/Src/stm32u5xx_ll_usb.o
                0x08006d3e                USB_GetMode
 .text.USB_CoreReset
                0x08006d5a       0x70 ./Drivers/STM32U5xx_HAL_Driver/Src/stm32u5xx_ll_usb.o
 *fill*         0x08006dca        0x2 
 .text.USB_HostInit
                0x08006dcc      0x1a0 ./Drivers/STM32U5xx_HAL_Driver/Src/stm32u5xx_ll_usb.o
                0x08006dcc                USB_HostInit
 .text.USB_InitFSLSPClkSel
                0x08006f6c       0x7a ./Drivers/STM32U5xx_HAL_Driver/Src/stm32u5xx_ll_usb.o
                0x08006f6c                USB_InitFSLSPClkSel
 .text.USB_ResetPort
                0x08006fe6       0x54 ./Drivers/STM32U5xx_HAL_Driver/Src/stm32u5xx_ll_usb.o
                0x08006fe6                USB_ResetPort
 .text.USB_DriveVbus
                0x0800703a       0x72 ./Drivers/STM32U5xx_HAL_Driver/Src/stm32u5xx_ll_usb.o
                0x0800703a                USB_DriveVbus
 .text.USB_GetHostSpeed
                0x080070ac       0x2e ./Drivers/STM32U5xx_HAL_Driver/Src/stm32u5xx_ll_usb.o
                0x080070ac                USB_GetHostSpeed
 .text.USB_GetCurrentFrame
                0x080070da       0x22 ./Drivers/STM32U5xx_HAL_Driver/Src/stm32u5xx_ll_usb.o
                0x080070da                USB_GetCurrentFrame
 .text.USB_HC_Init
                0x080070fc      0x258 ./Drivers/STM32U5xx_HAL_Driver/Src/stm32u5xx_ll_usb.o
                0x080070fc                USB_HC_Init
 .text.USB_HC_StartXfer
                0x08007354      0x4f4 ./Drivers/STM32U5xx_HAL_Driver/Src/stm32u5xx_ll_usb.o
                0x08007354                USB_HC_StartXfer
 .text.USB_HC_ReadInterrupt
                0x08007848       0x22 ./Drivers/STM32U5xx_HAL_Driver/Src/stm32u5xx_ll_usb.o
                0x08007848                USB_HC_ReadInterrupt
 .text.USB_HC_Halt
                0x0800786a      0x240 ./Drivers/STM32U5xx_HAL_Driver/Src/stm32u5xx_ll_usb.o
                0x0800786a                USB_HC_Halt
 .text.USB_HC_Activate
                0x08007aaa       0x56 ./Drivers/STM32U5xx_HAL_Driver/Src/stm32u5xx_ll_usb.o
                0x08007aaa                USB_HC_Activate
 .text.USB_DoPing
                0x08007b00       0x78 ./Drivers/STM32U5xx_HAL_Driver/Src/stm32u5xx_ll_usb.o
                0x08007b00                USB_DoPing
 .text.USB_StopHost
                0x08007b78      0x124 ./Drivers/STM32U5xx_HAL_Driver/Src/stm32u5xx_ll_usb.o
                0x08007b78                USB_StopHost
 .text.disk_status
                0x08007c9c       0x34 ./Drivers/Vendor/FatFs/source/diskio.o
                0x08007c9c                disk_status
 .text.disk_initialize
                0x08007cd0       0x50 ./Drivers/Vendor/FatFs/source/diskio.o
                0x08007cd0                disk_initialize
 .text.disk_read
                0x08007d20       0x40 ./Drivers/Vendor/FatFs/source/diskio.o
                0x08007d20                disk_read
 .text.disk_write
                0x08007d60       0x40 ./Drivers/Vendor/FatFs/source/diskio.o
                0x08007d60                disk_write
 .text.disk_ioctl
                0x08007da0       0x3c ./Drivers/Vendor/FatFs/source/diskio.o
                0x08007da0                disk_ioctl
 .text.get_fattime
                0x08007ddc       0x10 ./Drivers/Vendor/FatFs/source/diskio.o
                0x08007ddc                get_fattime
 .text.ld_word  0x08007dec       0x32 ./Drivers/Vendor/FatFs/source/ff.o
 .text.ld_dword
                0x08007e1e       0x46 ./Drivers/Vendor/FatFs/source/ff.o
 .text.st_word  0x08007e64       0x36 ./Drivers/Vendor/FatFs/source/ff.o
 .text.st_dword
                0x08007e9a       0x58 ./Drivers/Vendor/FatFs/source/ff.o
 .text.dbc_1st  0x08007ef2       0x40 ./Drivers/Vendor/FatFs/source/ff.o
 .text.dbc_2nd  0x08007f32       0x54 ./Drivers/Vendor/FatFs/source/ff.o
 *fill*         0x08007f86        0x2 
 .text.chk_share
                0x08007f88       0xb8 ./Drivers/Vendor/FatFs/source/ff.o
 .text.enq_share
                0x08008040       0x44 ./Drivers/Vendor/FatFs/source/ff.o
 .text.inc_share
                0x08008084      0x11c ./Drivers/Vendor/FatFs/source/ff.o
 .text.dec_share
                0x080081a0       0x78 ./Drivers/Vendor/FatFs/source/ff.o
 .text.clear_share
                0x08008218       0x48 ./Drivers/Vendor/FatFs/source/ff.o
 .text.sync_window
                0x08008260       0x78 ./Drivers/Vendor/FatFs/source/ff.o
 .text.move_window
                0x080082d8       0x5a ./Drivers/Vendor/FatFs/source/ff.o
 *fill*         0x08008332        0x2 
 .text.sync_fs  0x08008334       0xdc ./Drivers/Vendor/FatFs/source/ff.o
 .text.clst2sect
                0x08008410       0x3e ./Drivers/Vendor/FatFs/source/ff.o
 .text.get_fat  0x0800844e      0x14e ./Drivers/Vendor/FatFs/source/ff.o
 .text.put_fat  0x0800859c      0x1d4 ./Drivers/Vendor/FatFs/source/ff.o
 .text.remove_chain
                0x08008770       0xca ./Drivers/Vendor/FatFs/source/ff.o
 .text.create_chain
                0x0800883a      0x1a2 ./Drivers/Vendor/FatFs/source/ff.o
 .text.clmt_clust
                0x080089dc       0x68 ./Drivers/Vendor/FatFs/source/ff.o
 .text.dir_clear
                0x08008a44       0x90 ./Drivers/Vendor/FatFs/source/ff.o
 .text.dir_sdi  0x08008ad4       0xf6 ./Drivers/Vendor/FatFs/source/ff.o
 .text.dir_next
                0x08008bca      0x12c ./Drivers/Vendor/FatFs/source/ff.o
 .text.dir_alloc
                0x08008cf6       0x8e ./Drivers/Vendor/FatFs/source/ff.o
 .text.ld_clust
                0x08008d84       0x3e ./Drivers/Vendor/FatFs/source/ff.o
 .text.st_clust
                0x08008dc2       0x40 ./Drivers/Vendor/FatFs/source/ff.o
 .text.dir_find
                0x08008e02       0xaa ./Drivers/Vendor/FatFs/source/ff.o
 .text.dir_register
                0x08008eac       0x64 ./Drivers/Vendor/FatFs/source/ff.o
 .text.get_fileinfo
                0x08008f10       0xd0 ./Drivers/Vendor/FatFs/source/ff.o
 .text.create_name
                0x08008fe0      0x190 ./Drivers/Vendor/FatFs/source/ff.o
 .text.follow_path
                0x08009170       0xde ./Drivers/Vendor/FatFs/source/ff.o
 .text.get_ldnumber
                0x0800924e       0x8a ./Drivers/Vendor/FatFs/source/ff.o
 .text.check_fs
                0x080092d8      0x148 ./Drivers/Vendor/FatFs/source/ff.o
 .text.find_volume
                0x08009420       0xbe ./Drivers/Vendor/FatFs/source/ff.o
 *fill*         0x080094de        0x2 
 .text.mount_volume
                0x080094e0      0x3fc ./Drivers/Vendor/FatFs/source/ff.o
 .text.validate
                0x080098dc       0x6a ./Drivers/Vendor/FatFs/source/ff.o
 *fill*         0x08009946        0x2 
 .text.f_mount  0x08009948       0x98 ./Drivers/Vendor/FatFs/source/ff.o
                0x08009948                f_mount
 .text.f_open   0x080099e0      0x386 ./Drivers/Vendor/FatFs/source/ff.o
                0x080099e0                f_open
 .text.f_read   0x08009d66      0x27e ./Drivers/Vendor/FatFs/source/ff.o
                0x08009d66                f_read
 .text.f_sync   0x08009fe4       0xfc ./Drivers/Vendor/FatFs/source/ff.o
                0x08009fe4                f_sync
 .text.f_close  0x0800a0e0       0x54 ./Drivers/Vendor/FatFs/source/ff.o
                0x0800a0e0                f_close
 .text.f_lseek  0x0800a134      0x412 ./Drivers/Vendor/FatFs/source/ff.o
                0x0800a134                f_lseek
 .text.f_stat   0x0800a546       0x72 ./Drivers/Vendor/FatFs/source/ff.o
                0x0800a546                f_stat
 .text.FATFS_LinkDriverEx
                0x0800a5b8       0x98 ./Drivers/Vendor/FatFs/source/ff_gen_drv.o
                0x0800a5b8                FATFS_LinkDriverEx
 .text.FATFS_UnLinkDriverEx
                0x0800a650       0x70 ./Drivers/Vendor/FatFs/source/ff_gen_drv.o
                0x0800a650                FATFS_UnLinkDriverEx
 .text.USBH_MSC_InterfaceInit
                0x0800a6c0      0x244 ./Middlewares/ST/STM32_USB_Host_Library/Class/MSC/Src/usbh_msc.o
 .text.USBH_MSC_InterfaceDeInit
                0x0800a904       0x8c ./Middlewares/ST/STM32_USB_Host_Library/Class/MSC/Src/usbh_msc.o
 .text.USBH_MSC_ClassRequest
                0x0800a990       0xd4 ./Middlewares/ST/STM32_USB_Host_Library/Class/MSC/Src/usbh_msc.o
 .text.USBH_MSC_Process
                0x0800aa64      0x5d0 ./Middlewares/ST/STM32_USB_Host_Library/Class/MSC/Src/usbh_msc.o
 .text.USBH_MSC_SOFProcess
                0x0800b034       0x16 ./Middlewares/ST/STM32_USB_Host_Library/Class/MSC/Src/usbh_msc.o
 .text.USBH_MSC_RdWrProcess
                0x0800b04a      0x1c4 ./Middlewares/ST/STM32_USB_Host_Library/Class/MSC/Src/usbh_msc.o
 .text.USBH_MSC_IsReady
                0x0800b20e       0x3c ./Middlewares/ST/STM32_USB_Host_Library/Class/MSC/Src/usbh_msc.o
                0x0800b20e                USBH_MSC_IsReady
 .text.USBH_MSC_GetLUNInfo
                0x0800b24a       0x52 ./Middlewares/ST/STM32_USB_Host_Library/Class/MSC/Src/usbh_msc.o
                0x0800b24a                USBH_MSC_GetLUNInfo
 .text.USBH_MSC_Read
                0x0800b29c      0x114 ./Middlewares/ST/STM32_USB_Host_Library/Class/MSC/Src/usbh_msc.o
                0x0800b29c                USBH_MSC_Read
 .text.USBH_MSC_BOT_REQ_Reset
                0x0800b3b0       0x3a ./Middlewares/ST/STM32_USB_Host_Library/Class/MSC/Src/usbh_msc_bot.o
                0x0800b3b0                USBH_MSC_BOT_REQ_Reset
 .text.USBH_MSC_BOT_REQ_GetMaxLUN
                0x0800b3ea       0x3c ./Middlewares/ST/STM32_USB_Host_Library/Class/MSC/Src/usbh_msc_bot.o
                0x0800b3ea                USBH_MSC_BOT_REQ_GetMaxLUN
 *fill*         0x0800b426        0x2 
 .text.USBH_MSC_BOT_Init
                0x0800b428       0x44 ./Middlewares/ST/STM32_USB_Host_Library/Class/MSC/Src/usbh_msc_bot.o
                0x0800b428                USBH_MSC_BOT_Init
 .text.USBH_MSC_BOT_Process
                0x0800b46c      0x4c0 ./Middlewares/ST/STM32_USB_Host_Library/Class/MSC/Src/usbh_msc_bot.o
                0x0800b46c                USBH_MSC_BOT_Process
 .text.USBH_MSC_BOT_Abort
                0x0800b92c       0x58 ./Middlewares/ST/STM32_USB_Host_Library/Class/MSC/Src/usbh_msc_bot.o
 .text.USBH_MSC_DecodeCSW
                0x0800b984       0x88 ./Middlewares/ST/STM32_USB_Host_Library/Class/MSC/Src/usbh_msc_bot.o
 .text.USBH_MSC_SCSI_TestUnitReady
                0x0800ba0c       0x86 ./Middlewares/ST/STM32_USB_Host_Library/Class/MSC/Src/usbh_msc_scsi.o
                0x0800ba0c                USBH_MSC_SCSI_TestUnitReady
 .text.USBH_MSC_SCSI_ReadCapacity
                0x0800ba92       0xf4 ./Middlewares/ST/STM32_USB_Host_Library/Class/MSC/Src/usbh_msc_scsi.o
                0x0800ba92                USBH_MSC_SCSI_ReadCapacity
 .text.USBH_MSC_SCSI_Inquiry
                0x0800bb86      0x14a ./Middlewares/ST/STM32_USB_Host_Library/Class/MSC/Src/usbh_msc_scsi.o
                0x0800bb86                USBH_MSC_SCSI_Inquiry
 .text.USBH_MSC_SCSI_RequestSense
                0x0800bcd0       0xfe ./Middlewares/ST/STM32_USB_Host_Library/Class/MSC/Src/usbh_msc_scsi.o
                0x0800bcd0                USBH_MSC_SCSI_RequestSense
 .text.USBH_MSC_SCSI_Write
                0x0800bdce       0xe0 ./Middlewares/ST/STM32_USB_Host_Library/Class/MSC/Src/usbh_msc_scsi.o
                0x0800bdce                USBH_MSC_SCSI_Write
 .text.USBH_MSC_SCSI_Read
                0x0800beae       0xe0 ./Middlewares/ST/STM32_USB_Host_Library/Class/MSC/Src/usbh_msc_scsi.o
                0x0800beae                USBH_MSC_SCSI_Read
 .text.USBH_Init
                0x0800bf8e       0x74 ./Middlewares/ST/STM32_USB_Host_Library/Core/Src/usbh_core.o
                0x0800bf8e                USBH_Init
 .text.USBH_DeInit
                0x0800c002       0x58 ./Middlewares/ST/STM32_USB_Host_Library/Core/Src/usbh_core.o
                0x0800c002                USBH_DeInit
 .text.DeInitStateMachine
                0x0800c05a       0xe2 ./Middlewares/ST/STM32_USB_Host_Library/Core/Src/usbh_core.o
 .text.USBH_RegisterClass
                0x0800c13c       0x54 ./Middlewares/ST/STM32_USB_Host_Library/Core/Src/usbh_core.o
                0x0800c13c                USBH_RegisterClass
 .text.USBH_SelectInterface
                0x0800c190       0x38 ./Middlewares/ST/STM32_USB_Host_Library/Core/Src/usbh_core.o
                0x0800c190                USBH_SelectInterface
 .text.USBH_FindInterface
                0x0800c1c8       0x8c ./Middlewares/ST/STM32_USB_Host_Library/Core/Src/usbh_core.o
                0x0800c1c8                USBH_FindInterface
 .text.USBH_Start
                0x0800c254       0x20 ./Middlewares/ST/STM32_USB_Host_Library/Core/Src/usbh_core.o
                0x0800c254                USBH_Start
 .text.USBH_Stop
                0x0800c274       0x38 ./Middlewares/ST/STM32_USB_Host_Library/Core/Src/usbh_core.o
                0x0800c274                USBH_Stop
 .text.USBH_Process
                0x0800c2ac      0x3e8 ./Middlewares/ST/STM32_USB_Host_Library/Core/Src/usbh_core.o
                0x0800c2ac                USBH_Process
 .text.USBH_HandleEnum
                0x0800c694      0x3c0 ./Middlewares/ST/STM32_USB_Host_Library/Core/Src/usbh_core.o
 .text.USBH_LL_SetTimer
                0x0800ca54       0x1e ./Middlewares/ST/STM32_USB_Host_Library/Core/Src/usbh_core.o
                0x0800ca54                USBH_LL_SetTimer
 .text.USBH_LL_IncTimer
                0x0800ca72       0x24 ./Middlewares/ST/STM32_USB_Host_Library/Core/Src/usbh_core.o
                0x0800ca72                USBH_LL_IncTimer
 .text.USBH_HandleSof
                0x0800ca96       0x30 ./Middlewares/ST/STM32_USB_Host_Library/Core/Src/usbh_core.o
 .text.USBH_LL_PortEnabled
                0x0800cac6       0x1c ./Middlewares/ST/STM32_USB_Host_Library/Core/Src/usbh_core.o
                0x0800cac6                USBH_LL_PortEnabled
 .text.USBH_LL_PortDisabled
                0x0800cae2       0x1c ./Middlewares/ST/STM32_USB_Host_Library/Core/Src/usbh_core.o
                0x0800cae2                USBH_LL_PortDisabled
 .text.USBH_LL_Connect
                0x0800cafe       0x2e ./Middlewares/ST/STM32_USB_Host_Library/Core/Src/usbh_core.o
                0x0800cafe                USBH_LL_Connect
 .text.USBH_LL_Disconnect
                0x0800cb2c       0x48 ./Middlewares/ST/STM32_USB_Host_Library/Core/Src/usbh_core.o
                0x0800cb2c                USBH_LL_Disconnect
 .text.USBH_Get_DevDesc
                0x0800cb74       0x58 ./Middlewares/ST/STM32_USB_Host_Library/Core/Src/usbh_ctlreq.o
                0x0800cb74                USBH_Get_DevDesc
 .text.USBH_Get_CfgDesc
                0x0800cbcc       0x54 ./Middlewares/ST/STM32_USB_Host_Library/Core/Src/usbh_ctlreq.o
                0x0800cbcc                USBH_Get_CfgDesc
 .text.USBH_Get_StringDesc
                0x0800cc20       0x68 ./Middlewares/ST/STM32_USB_Host_Library/Core/Src/usbh_ctlreq.o
                0x0800cc20                USBH_Get_StringDesc
 .text.USBH_GetDescriptor
                0x0800cc88       0x6a ./Middlewares/ST/STM32_USB_Host_Library/Core/Src/usbh_ctlreq.o
                0x0800cc88                USBH_GetDescriptor
 .text.USBH_SetAddress
                0x0800ccf2       0x48 ./Middlewares/ST/STM32_USB_Host_Library/Core/Src/usbh_ctlreq.o
                0x0800ccf2                USBH_SetAddress
 .text.USBH_SetCfg
                0x0800cd3a       0x46 ./Middlewares/ST/STM32_USB_Host_Library/Core/Src/usbh_ctlreq.o
                0x0800cd3a                USBH_SetCfg
 .text.USBH_SetFeature
                0x0800cd80       0x48 ./Middlewares/ST/STM32_USB_Host_Library/Core/Src/usbh_ctlreq.o
                0x0800cd80                USBH_SetFeature
 .text.USBH_ClrFeature
                0x0800cdc8       0x48 ./Middlewares/ST/STM32_USB_Host_Library/Core/Src/usbh_ctlreq.o
                0x0800cdc8                USBH_ClrFeature
 .text.USBH_ParseDevDesc
                0x0800ce10      0x160 ./Middlewares/ST/STM32_USB_Host_Library/Core/Src/usbh_ctlreq.o
 .text.USBH_ParseCfgDesc
                0x0800cf70      0x1f8 ./Middlewares/ST/STM32_USB_Host_Library/Core/Src/usbh_ctlreq.o
 .text.USBH_ParseInterfaceDesc
                0x0800d168       0x5e ./Middlewares/ST/STM32_USB_Host_Library/Core/Src/usbh_ctlreq.o
 .text.USBH_ParseEPDesc
                0x0800d1c6      0x1d0 ./Middlewares/ST/STM32_USB_Host_Library/Core/Src/usbh_ctlreq.o
 .text.USBH_ParseStringDesc
                0x0800d396       0x66 ./Middlewares/ST/STM32_USB_Host_Library/Core/Src/usbh_ctlreq.o
 .text.USBH_GetNextDesc
                0x0800d3fc       0x34 ./Middlewares/ST/STM32_USB_Host_Library/Core/Src/usbh_ctlreq.o
                0x0800d3fc                USBH_GetNextDesc
 .text.USBH_CtlReq
                0x0800d430       0x7a ./Middlewares/ST/STM32_USB_Host_Library/Core/Src/usbh_ctlreq.o
                0x0800d430                USBH_CtlReq
 *fill*         0x0800d4aa        0x2 
 .text.USBH_HandleControl
                0x0800d4ac      0x380 ./Middlewares/ST/STM32_USB_Host_Library/Core/Src/usbh_ctlreq.o
 .text.USBH_CtlSendSetup
                0x0800d82c       0x34 ./Middlewares/ST/STM32_USB_Host_Library/Core/Src/usbh_ioreq.o
                0x0800d82c                USBH_CtlSendSetup
 .text.USBH_CtlSendData
                0x0800d860       0x4a ./Middlewares/ST/STM32_USB_Host_Library/Core/Src/usbh_ioreq.o
                0x0800d860                USBH_CtlSendData
 .text.USBH_CtlReceiveData
                0x0800d8aa       0x3c ./Middlewares/ST/STM32_USB_Host_Library/Core/Src/usbh_ioreq.o
                0x0800d8aa                USBH_CtlReceiveData
 .text.USBH_BulkSendData
                0x0800d8e6       0x4a ./Middlewares/ST/STM32_USB_Host_Library/Core/Src/usbh_ioreq.o
                0x0800d8e6                USBH_BulkSendData
 .text.USBH_BulkReceiveData
                0x0800d930       0x3c ./Middlewares/ST/STM32_USB_Host_Library/Core/Src/usbh_ioreq.o
                0x0800d930                USBH_BulkReceiveData
 .text.USBH_OpenPipe
                0x0800d96c       0x3e ./Middlewares/ST/STM32_USB_Host_Library/Core/Src/usbh_pipes.o
                0x0800d96c                USBH_OpenPipe
 .text.USBH_ActivatePipe
                0x0800d9aa       0x20 ./Middlewares/ST/STM32_USB_Host_Library/Core/Src/usbh_pipes.o
                0x0800d9aa                USBH_ActivatePipe
 .text.USBH_ClosePipe
                0x0800d9ca       0x20 ./Middlewares/ST/STM32_USB_Host_Library/Core/Src/usbh_pipes.o
                0x0800d9ca                USBH_ClosePipe
 .text.USBH_AllocPipe
                0x0800d9ea       0x42 ./Middlewares/ST/STM32_USB_Host_Library/Core/Src/usbh_pipes.o
                0x0800d9ea                USBH_AllocPipe
 .text.USBH_FreePipe
                0x0800da2c       0x3c ./Middlewares/ST/STM32_USB_Host_Library/Core/Src/usbh_pipes.o
                0x0800da2c                USBH_FreePipe
 .text.USBH_GetFreePipe
                0x0800da68       0x48 ./Middlewares/ST/STM32_USB_Host_Library/Core/Src/usbh_pipes.o
 .text.ITM_SendChar
                0x0800dab0       0x4e ./Src/main.o
 .text._write   0x0800dafe       0x38 ./Src/main.o
                0x0800dafe                _write
 *fill*         0x0800db36        0x2 
 .text.main     0x0800db38       0x60 ./Src/main.o
                0x0800db38                main
 .text.Recovery_Loop
                0x0800db98       0x30 ./Src/main.o
 .text.Boot_RunStartupPolicy
                0x0800dbc8       0x40 ./Src/main.o
 .text.crc32_update
                0x0800dc08       0x80 ./Src/main.o
 .text.ReadBinTest
                0x0800dc88      0x12c ./Src/main.o
 .text.UsbFsMountTestLoop
                0x0800ddb4      0x2c0 ./Src/main.o
 .text.SystemPower_Config
                0x0800e074       0x18 ./Src/main.o
 .text.SystemClock_Config
                0x0800e08c       0xa6 ./Src/main.o
 *fill*         0x0800e132        0x2 
 .text.MX_GPIO_Init
                0x0800e134       0xbc ./Src/main.o
 .text.Error_Handler
                0x0800e1f0        0xc ./Src/main.o
                0x0800e1f0                Error_Handler
 .text.OTG_HS_IRQHandler
                0x0800e1fc       0x14 ./Src/stm32u5xx_it.o
                0x0800e1fc                OTG_HS_IRQHandler
 .text.NMI_Handler
                0x0800e210        0x8 ./Src/stm32u5xx_it.o
                0x0800e210                NMI_Handler
 .text.HardFault_Handler
                0x0800e218        0x8 ./Src/stm32u5xx_it.o
                0x0800e218                HardFault_Handler
 .text.MemManage_Handler
                0x0800e220        0x8 ./Src/stm32u5xx_it.o
                0x0800e220                MemManage_Handler
 .text.BusFault_Handler
                0x0800e228        0x8 ./Src/stm32u5xx_it.o
                0x0800e228                BusFault_Handler
 .text.UsageFault_Handler
                0x0800e230        0x8 ./Src/stm32u5xx_it.o
                0x0800e230                UsageFault_Handler
 .text.DebugMon_Handler
                0x0800e238        0xe ./Src/stm32u5xx_it.o
                0x0800e238                DebugMon_Handler
 .text.SysTick_Handler
                0x0800e246        0xc ./Src/stm32u5xx_it.o
                0x0800e246                SysTick_Handler
 .text._read    0x0800e252       0x3a ./Src/syscalls.o
                0x0800e252                _read
 .text._close   0x0800e28c       0x18 ./Src/syscalls.o
                0x0800e28c                _close
 .text._fstat   0x0800e2a4       0x20 ./Src/syscalls.o
                0x0800e2a4                _fstat
 .text._isatty  0x0800e2c4       0x16 ./Src/syscalls.o
                0x0800e2c4                _isatty
 .text._lseek   0x0800e2da       0x1a ./Src/syscalls.o
                0x0800e2da                _lseek
 .text._sbrk    0x0800e2f4       0x6c ./Src/sysmem.o
                0x0800e2f4                _sbrk
 .text.SystemInit
                0x0800e360       0x70 ./Src/system_stm32u5xx.o
                0x0800e360                SystemInit
 .text.Reset_Handler
                0x0800e3d0       0x5c ./Startup/startup_stm32u599nihxq.o
                0x0800e3d0                Reset_Handler
 .text.Default_Handler
                0x0800e42c        0x2 ./Startup/startup_stm32u599nihxq.o
                0x0800e42c                EXTI2_IRQHandler
                0x0800e42c                TIM8_TRG_COM_IRQHandler
                0x0800e42c                TIM8_CC_IRQHandler
                0x0800e42c                EXTI5_IRQHandler
                0x0800e42c                FLASH_S_IRQHandler
                0x0800e42c                EXTI13_IRQHandler
                0x0800e42c                DCACHE2_IRQHandler
                0x0800e42c                TIM1_CC_IRQHandler
                0x0800e42c                TSC_IRQHandler
                0x0800e42c                TAMP_IRQHandler
                0x0800e42c                DSIHOST_IRQHandler
                0x0800e42c                TIM6_IRQHandler
                0x0800e42c                EXTI12_IRQHandler
                0x0800e42c                CORDIC_IRQHandler
                0x0800e42c                PendSV_Handler
                0x0800e42c                EXTI3_IRQHandler
                0x0800e42c                ADC12_IRQHandler
                0x0800e42c                LPTIM4_IRQHandler
                0x0800e42c                EXTI8_IRQHandler
                0x0800e42c                LPTIM2_IRQHandler
                0x0800e42c                GPDMA1_CH5_IRQHandler
                0x0800e42c                GPDMA1_CH12_IRQHandler
                0x0800e42c                GFXMMU_IRQHandler
                0x0800e42c                I2C3_ER_IRQHandler
                0x0800e42c                I2C5_EV_IRQHandler
                0x0800e42c                PWR_S3WU_IRQHandler
                0x0800e42c                GPDMA1_CH15_IRQHandler
                0x0800e42c                MDF1_FLT2_IRQHandler
                0x0800e42c                LCD_TFT_IRQHandler
                0x0800e42c                LPTIM3_IRQHandler
                0x0800e42c                GPDMA1_CH11_IRQHandler
                0x0800e42c                EXTI0_IRQHandler
                0x0800e42c                I2C2_EV_IRQHandler
                0x0800e42c                FPU_IRQHandler
                0x0800e42c                MDF1_FLT4_IRQHandler
                0x0800e42c                FDCAN1_IT1_IRQHandler
                0x0800e42c                RAMCFG_IRQHandler
                0x0800e42c                DCACHE1_IRQHandler
                0x0800e42c                GPDMA1_CH3_IRQHandler
                0x0800e42c                SPI1_IRQHandler
                0x0800e42c                OCTOSPI1_IRQHandler
                0x0800e42c                GPDMA1_CH4_IRQHandler
                0x0800e42c                GPDMA1_CH14_IRQHandler
                0x0800e42c                TIM8_UP_IRQHandler
                0x0800e42c                RCC_S_IRQHandler
                0x0800e42c                OCTOSPI2_IRQHandler
                0x0800e42c                SAI2_IRQHandler
                0x0800e42c                MDF1_FLT1_IRQHandler
                0x0800e42c                USART6_IRQHandler
                0x0800e42c                MDF1_FLT5_IRQHandler
                0x0800e42c                EXTI15_IRQHandler
                0x0800e42c                TIM17_IRQHandler
                0x0800e42c                USART3_IRQHandler
                0x0800e42c                RTC_IRQHandler
                0x0800e42c                EXTI9_IRQHandler
                0x0800e42c                HSPI1_IRQHandler
                0x0800e42c                UART5_IRQHandler
                0x0800e42c                GPDMA1_CH7_IRQHandler
                0x0800e42c                LPDMA1_CH1_IRQHandler
                0x0800e42c                TIM4_IRQHandler
                0x0800e42c                I2C1_EV_IRQHandler
                0x0800e42c                TIM16_IRQHandler
                0x0800e42c                UART4_IRQHandler
                0x0800e42c                SecureFault_Handler
                0x0800e42c                GPDMA1_CH6_IRQHandler
                0x0800e42c                TIM3_IRQHandler
                0x0800e42c                RCC_IRQHandler
                0x0800e42c                TIM1_TRG_COM_IRQHandler
                0x0800e42c                Default_Handler
                0x0800e42c                GPDMA1_CH1_IRQHandler
                0x0800e42c                FMAC_IRQHandler
                0x0800e42c                I2C5_ER_IRQHandler
                0x0800e42c                GPDMA1_CH0_IRQHandler
                0x0800e42c                TIM7_IRQHandler
                0x0800e42c                SDMMC1_IRQHandler
                0x0800e42c                TIM5_IRQHandler
                0x0800e42c                UCPD1_IRQHandler
                0x0800e42c                TIM15_IRQHandler
                0x0800e42c                I2C3_EV_IRQHandler
                0x0800e42c                GPDMA1_CH9_IRQHandler
                0x0800e42c                PVD_PVM_IRQHandler
                0x0800e42c                GPU2D_IRQSYS_IRQHandler
                0x0800e42c                SPI2_IRQHandler
                0x0800e42c                LCD_TFT_ERR_IRQHandler
                0x0800e42c                LPDMA1_CH3_IRQHandler
                0x0800e42c                GPDMA1_CH2_IRQHandler
                0x0800e42c                EXTI14_IRQHandler
                0x0800e42c                EXTI11_IRQHandler
                0x0800e42c                SVC_Handler
                0x0800e42c                CRS_IRQHandler
                0x0800e42c                LSECSSD_IRQHandler
                0x0800e42c                EXTI4_IRQHandler
                0x0800e42c                RTC_S_IRQHandler
                0x0800e42c                RNG_IRQHandler
                0x0800e42c                GPDMA1_CH8_IRQHandler
                0x0800e42c                GPDMA1_CH13_IRQHandler
                0x0800e42c                COMP_IRQHandler
                0x0800e42c                TIM1_UP_IRQHandler
                0x0800e42c                ADC4_IRQHandler
                0x0800e42c                WWDG_IRQHandler
                0x0800e42c                I2C4_EV_IRQHandler
                0x0800e42c                IWDG_IRQHandler
                0x0800e42c                I2C6_ER_IRQHandler
                0x0800e42c                LPUART1_IRQHandler
                0x0800e42c                MDF1_FLT0_IRQHandler
                0x0800e42c                FDCAN1_IT0_IRQHandler
                0x0800e42c                TIM2_IRQHandler
                0x0800e42c                LPDMA1_CH2_IRQHandler
                0x0800e42c                GPDMA1_CH10_IRQHandler
                0x0800e42c                EXTI7_IRQHandler
                0x0800e42c                DMA2D_IRQHandler
                0x0800e42c                TIM1_BRK_IRQHandler
                0x0800e42c                EXTI1_IRQHandler
                0x0800e42c                SDMMC2_IRQHandler
                0x0800e42c                DAC1_IRQHandler
                0x0800e42c                GTZC_IRQHandler
                0x0800e42c                MDF1_FLT3_IRQHandler
                0x0800e42c                USART2_IRQHandler
                0x0800e42c                I2C6_EV_IRQHandler
                0x0800e42c                ADF1_FLT0_IRQHandler
                0x0800e42c                I2C2_ER_IRQHandler
                0x0800e42c                TIM8_BRK_IRQHandler
                0x0800e42c                FLASH_IRQHandler
                0x0800e42c                USART1_IRQHandler
                0x0800e42c                EXTI10_IRQHandler
                0x0800e42c                SPI3_IRQHandler
                0x0800e42c                I2C1_ER_IRQHandler
                0x0800e42c                LPDMA1_CH0_IRQHandler
                0x0800e42c                FMC_IRQHandler
                0x0800e42c                GPU2D_IRQ_IRQHandler
                0x0800e42c                EXTI6_IRQHandler
                0x0800e42c                LPTIM1_IRQHandler
                0x0800e42c                DCMI_PSSI_IRQHandler
                0x0800e42c                I2C4_ER_IRQHandler
                0x0800e42c                ICACHE_IRQHandler
                0x0800e42c                SAI1_IRQHandler
                0x0800e42c                HASH_IRQHandler
 *fill*         0x0800e42e        0x2 
 .text.malloc   0x0800e430       0x10 C:/ST/STM32CubeIDE_1.18.1/STM32CubeIDE/plugins/com.st.stm32cube.ide.mcu.externaltools.gnu-tools-for-stm32.14.3.rel1.win32_1.0.100.202602081740/tools/bin/../lib/gcc/arm-none-eabi/14.3.1/../../../../arm-none-eabi/lib/thumb/v8-m.main+fp/hard\libc_nano.a(libc_a-malloc.o)
                0x0800e430                malloc
 .text.free     0x0800e440       0x10 C:/ST/STM32CubeIDE_1.18.1/STM32CubeIDE/plugins/com.st.stm32cube.ide.mcu.externaltools.gnu-tools-for-stm32.14.3.rel1.win32_1.0.100.202602081740/tools/bin/../lib/gcc/arm-none-eabi/14.3.1/../../../../arm-none-eabi/lib/thumb/v8-m.main+fp/hard\libc_nano.a(libc_a-malloc.o)
                0x0800e440                free
 .text.sbrk_aligned
                0x0800e450       0x44 C:/ST/STM32CubeIDE_1.18.1/STM32CubeIDE/plugins/com.st.stm32cube.ide.mcu.externaltools.gnu-tools-for-stm32.14.3.rel1.win32_1.0.100.202602081740/tools/bin/../lib/gcc/arm-none-eabi/14.3.1/../../../../arm-none-eabi/lib/thumb/v8-m.main+fp/hard\libc_nano.a(libc_a-mallocr.o)
 .text._malloc_r
                0x0800e494      0x100 C:/ST/STM32CubeIDE_1.18.1/STM32CubeIDE/plugins/com.st.stm32cube.ide.mcu.externaltools.gnu-tools-for-stm32.14.3.rel1.win32_1.0.100.202602081740/tools/bin/../lib/gcc/arm-none-eabi/14.3.1/../../../../arm-none-eabi/lib/thumb/v8-m.main+fp/hard\libc_nano.a(libc_a-mallocr.o)
                0x0800e494                _malloc_r
 .text.__malloc_lock
                0x0800e594        0xc C:/ST/STM32CubeIDE_1.18.1/STM32CubeIDE/plugins/com.st.stm32cube.ide.mcu.externaltools.gnu-tools-for-stm32.14.3.rel1.win32_1.0.100.202602081740/tools/bin/../lib/gcc/arm-none-eabi/14.3.1/../../../../arm-none-eabi/lib/thumb/v8-m.main+fp/hard\libc_nano.a(libc_a-mlock.o)
                0x0800e594                __malloc_lock
 .text.__malloc_unlock
                0x0800e5a0        0xc C:/ST/STM32CubeIDE_1.18.1/STM32CubeIDE/plugins/com.st.stm32cube.ide.mcu.externaltools.gnu-tools-for-stm32.14.3.rel1.win32_1.0.100.202602081740/tools/bin/../lib/gcc/arm-none-eabi/14.3.1/../../../../arm-none-eabi/lib/thumb/v8-m.main+fp/hard\libc_nano.a(libc_a-mlock.o)
                0x0800e5a0                __malloc_unlock
 .text.std      0x0800e5ac       0x6c C:/ST/STM32CubeIDE_1.18.1/STM32CubeIDE/plugins/com.st.stm32cube.ide.mcu.externaltools.gnu-tools-for-stm32.14.3.rel1.win32_1.0.100.202602081740/tools/bin/../lib/gcc/arm-none-eabi/14.3.1/../../../../arm-none-eabi/lib/thumb/v8-m.main+fp/hard\libc_nano.a(libc_a-findfp.o)
 .text.stdio_exit_handler
                0x0800e618       0x18 C:/ST/STM32CubeIDE_1.18.1/STM32CubeIDE/plugins/com.st.stm32cube.ide.mcu.externaltools.gnu-tools-for-stm32.14.3.rel1.win32_1.0.100.202602081740/tools/bin/../lib/gcc/arm-none-eabi/14.3.1/../../../../arm-none-eabi/lib/thumb/v8-m.main+fp/hard\libc_nano.a(libc_a-findfp.o)
 .text.cleanup_stdio
                0x0800e630       0x40 C:/ST/STM32CubeIDE_1.18.1/STM32CubeIDE/plugins/com.st.stm32cube.ide.mcu.externaltools.gnu-tools-for-stm32.14.3.rel1.win32_1.0.100.202602081740/tools/bin/../lib/gcc/arm-none-eabi/14.3.1/../../../../arm-none-eabi/lib/thumb/v8-m.main+fp/hard\libc_nano.a(libc_a-findfp.o)
 .text.global_stdio_init.part.0
                0x0800e670       0x40 C:/ST/STM32CubeIDE_1.18.1/STM32CubeIDE/plugins/com.st.stm32cube.ide.mcu.externaltools.gnu-tools-for-stm32.14.3.rel1.win32_1.0.100.202602081740/tools/bin/../lib/gcc/arm-none-eabi/14.3.1/../../../../arm-none-eabi/lib/thumb/v8-m.main+fp/hard\libc_nano.a(libc_a-findfp.o)
 .text.__sfp_lock_acquire
                0x0800e6b0        0xc C:/ST/STM32CubeIDE_1.18.1/STM32CubeIDE/plugins/com.st.stm32cube.ide.mcu.externaltools.gnu-tools-for-stm32.14.3.rel1.win32_1.0.100.202602081740/tools/bin/../lib/gcc/arm-none-eabi/14.3.1/../../../../arm-none-eabi/lib/thumb/v8-m.main+fp/hard\libc_nano.a(libc_a-findfp.o)
                0x0800e6b0                __sfp_lock_acquire
 .text.__sfp_lock_release
                0x0800e6bc        0xc C:/ST/STM32CubeIDE_1.18.1/STM32CubeIDE/plugins/com.st.stm32cube.ide.mcu.externaltools.gnu-tools-for-stm32.14.3.rel1.win32_1.0.100.202602081740/tools/bin/../lib/gcc/arm-none-eabi/14.3.1/../../../../arm-none-eabi/lib/thumb/v8-m.main+fp/hard\libc_nano.a(libc_a-findfp.o)
                0x0800e6bc                __sfp_lock_release
 .text.__sinit  0x0800e6c8       0x30 C:/ST/STM32CubeIDE_1.18.1/STM32CubeIDE/plugins/com.st.stm32cube.ide.mcu.externaltools.gnu-tools-for-stm32.14.3.rel1.win32_1.0.100.202602081740/tools/bin/../lib/gcc/arm-none-eabi/14.3.1/../../../../arm-none-eabi/lib/thumb/v8-m.main+fp/hard\libc_nano.a(libc_a-findfp.o)
                0x0800e6c8                __sinit
 .text._fwalk_sglue
                0x0800e6f8       0x3c C:/ST/STM32CubeIDE_1.18.1/STM32CubeIDE/plugins/com.st.stm32cube.ide.mcu.externaltools.gnu-tools-for-stm32.14.3.rel1.win32_1.0.100.202602081740/tools/bin/../lib/gcc/arm-none-eabi/14.3.1/../../../../arm-none-eabi/lib/thumb/v8-m.main+fp/hard\libc_nano.a(libc_a-fwalk.o)
                0x0800e6f8                _fwalk_sglue
 .text.printf   0x0800e734       0x24 C:/ST/STM32CubeIDE_1.18.1/STM32CubeIDE/plugins/com.st.stm32cube.ide.mcu.externaltools.gnu-tools-for-stm32.14.3.rel1.win32_1.0.100.202602081740/tools/bin/../lib/gcc/arm-none-eabi/14.3.1/../../../../arm-none-eabi/lib/thumb/v8-m.main+fp/hard\libc_nano.a(libc_a-printf.o)
                0x0800e734                iprintf
                0x0800e734                printf
 .text._puts_r  0x0800e758       0xaa C:/ST/STM32CubeIDE_1.18.1/STM32CubeIDE/plugins/com.st.stm32cube.ide.mcu.externaltools.gnu-tools-for-stm32.14.3.rel1.win32_1.0.100.202602081740/tools/bin/../lib/gcc/arm-none-eabi/14.3.1/../../../../arm-none-eabi/lib/thumb/v8-m.main+fp/hard\libc_nano.a(libc_a-puts.o)
                0x0800e758                _puts_r
 *fill*         0x0800e802        0x2 
 .text.puts     0x0800e804       0x10 C:/ST/STM32CubeIDE_1.18.1/STM32CubeIDE/plugins/com.st.stm32cube.ide.mcu.externaltools.gnu-tools-for-stm32.14.3.rel1.win32_1.0.100.202602081740/tools/bin/../lib/gcc/arm-none-eabi/14.3.1/../../../../arm-none-eabi/lib/thumb/v8-m.main+fp/hard\libc_nano.a(libc_a-puts.o)
                0x0800e804                puts
 .text.__sread  0x0800e814       0x22 C:/ST/STM32CubeIDE_1.18.1/STM32CubeIDE/plugins/com.st.stm32cube.ide.mcu.externaltools.gnu-tools-for-stm32.14.3.rel1.win32_1.0.100.202602081740/tools/bin/../lib/gcc/arm-none-eabi/14.3.1/../../../../arm-none-eabi/lib/thumb/v8-m.main+fp/hard\libc_nano.a(libc_a-stdio.o)
                0x0800e814                __sread
 .text.__swrite
                0x0800e836       0x38 C:/ST/STM32CubeIDE_1.18.1/STM32CubeIDE/plugins/com.st.stm32cube.ide.mcu.externaltools.gnu-tools-for-stm32.14.3.rel1.win32_1.0.100.202602081740/tools/bin/../lib/gcc/arm-none-eabi/14.3.1/../../../../arm-none-eabi/lib/thumb/v8-m.main+fp/hard\libc_nano.a(libc_a-stdio.o)
                0x0800e836                __swrite
 .text.__sseek  0x0800e86e       0x26 C:/ST/STM32CubeIDE_1.18.1/STM32CubeIDE/plugins/com.st.stm32cube.ide.mcu.externaltools.gnu-tools-for-stm32.14.3.rel1.win32_1.0.100.202602081740/tools/bin/../lib/gcc/arm-none-eabi/14.3.1/../../../../arm-none-eabi/lib/thumb/v8-m.main+fp/hard\libc_nano.a(libc_a-stdio.o)
                0x0800e86e                __sseek
 .text.__sclose
                0x0800e894        0x8 C:/ST/STM32CubeIDE_1.18.1/STM32CubeIDE/plugins/com.st.stm32cube.ide.mcu.externaltools.gnu-tools-for-stm32.14.3.rel1.win32_1.0.100.202602081740/tools/bin/../lib/gcc/arm-none-eabi/14.3.1/../../../../arm-none-eabi/lib/thumb/v8-m.main+fp/hard\libc_nano.a(libc_a-stdio.o)
                0x0800e894                __sclose
 .text.__swbuf_r
                0x0800e89c       0x7c C:/ST/STM32CubeIDE_1.18.1/STM32CubeIDE/plugins/com.st.stm32cube.ide.mcu.externaltools.gnu-tools-for-stm32.14.3.rel1.win32_1.0.100.202602081740/tools/bin/../lib/gcc/arm-none-eabi/14.3.1/../../../../arm-none-eabi/lib/thumb/v8-m.main+fp/hard\libc_nano.a(libc_a-wbuf.o)
                0x0800e89c                __swbuf_r
 .text.__swsetup_r
                0x0800e918       0xa8 C:/ST/STM32CubeIDE_1.18.1/STM32CubeIDE/plugins/com.st.stm32cube.ide.mcu.externaltools.gnu-tools-for-stm32.14.3.rel1.win32_1.0.100.202602081740/tools/bin/../lib/gcc/arm-none-eabi/14.3.1/../../../../arm-none-eabi/lib/thumb/v8-m.main+fp/hard\libc_nano.a(libc_a-wsetup.o)
                0x0800e918                __swsetup_r
 .text.memcmp   0x0800e9c0       0x20 C:/ST/STM32CubeIDE_1.18.1/STM32CubeIDE/plugins/com.st.stm32cube.ide.mcu.externaltools.gnu-tools-for-stm32.14.3.rel1.win32_1.0.100.202602081740/tools/bin/../lib/gcc/arm-none-eabi/14.3.1/../../../../arm-none-eabi/lib/thumb/v8-m.main+fp/hard\libc_nano.a(libc_a-memcmp.o)
                0x0800e9c0                memcmp
 .text.memset   0x0800e9e0       0x10 C:/ST/STM32CubeIDE_1.18.1/STM32CubeIDE/plugins/com.st.stm32cube.ide.mcu.externaltools.gnu-tools-for-stm32.14.3.rel1.win32_1.0.100.202602081740/tools/bin/../lib/gcc/arm-none-eabi/14.3.1/../../../../arm-none-eabi/lib/thumb/v8-m.main+fp/hard\libc_nano.a(libc_a-memset.o)
                0x0800e9e0                memset
 .text.strchr   0x0800e9f0       0x1a C:/ST/STM32CubeIDE_1.18.1/STM32CubeIDE/plugins/com.st.stm32cube.ide.mcu.externaltools.gnu-tools-for-stm32.14.3.rel1.win32_1.0.100.202602081740/tools/bin/../lib/gcc/arm-none-eabi/14.3.1/../../../../arm-none-eabi/lib/thumb/v8-m.main+fp/hard\libc_nano.a(libc_a-strchr.o)
                0x0800e9f0                strchr
 *fill*         0x0800ea0a        0x2 
 .text._close_r
                0x0800ea0c       0x20 C:/ST/STM32CubeIDE_1.18.1/STM32CubeIDE/plugins/com.st.stm32cube.ide.mcu.externaltools.gnu-tools-for-stm32.14.3.rel1.win32_1.0.100.202602081740/tools/bin/../lib/gcc/arm-none-eabi/14.3.1/../../../../arm-none-eabi/lib/thumb/v8-m.main+fp/hard\libc_nano.a(libc_a-closer.o)
                0x0800ea0c                _close_r
 .text._lseek_r
                0x0800ea2c       0x24 C:/ST/STM32CubeIDE_1.18.1/STM32CubeIDE/plugins/com.st.stm32cube.ide.mcu.externaltools.gnu-tools-for-stm32.14.3.rel1.win32_1.0.100.202602081740/tools/bin/../lib/gcc/arm-none-eabi/14.3.1/../../../../arm-none-eabi/lib/thumb/v8-m.main+fp/hard\libc_nano.a(libc_a-lseekr.o)
                0x0800ea2c                _lseek_r
 .text._read_r  0x0800ea50       0x24 C:/ST/STM32CubeIDE_1.18.1/STM32CubeIDE/plugins/com.st.stm32cube.ide.mcu.externaltools.gnu-tools-for-stm32.14.3.rel1.win32_1.0.100.202602081740/tools/bin/../lib/gcc/arm-none-eabi/14.3.1/../../../../arm-none-eabi/lib/thumb/v8-m.main+fp/hard\libc_nano.a(libc_a-readr.o)
                0x0800ea50                _read_r
 .text._sbrk_r  0x0800ea74       0x20 C:/ST/STM32CubeIDE_1.18.1/STM32CubeIDE/plugins/com.st.stm32cube.ide.mcu.externaltools.gnu-tools-for-stm32.14.3.rel1.win32_1.0.100.202602081740/tools/bin/../lib/gcc/arm-none-eabi/14.3.1/../../../../arm-none-eabi/lib/thumb/v8-m.main+fp/hard\libc_nano.a(libc_a-sbrkr.o)
                0x0800ea74                _sbrk_r
 .text._write_r
                0x0800ea94       0x24 C:/ST/STM32CubeIDE_1.18.1/STM32CubeIDE/plugins/com.st.stm32cube.ide.mcu.externaltools.gnu-tools-for-stm32.14.3.rel1.win32_1.0.100.202602081740/tools/bin/../lib/gcc/arm-none-eabi/14.3.1/../../../../arm-none-eabi/lib/thumb/v8-m.main+fp/hard\libc_nano.a(libc_a-writer.o)
                0x0800ea94                _write_r
 .text.__errno  0x0800eab8        0xc C:/ST/STM32CubeIDE_1.18.1/STM32CubeIDE/plugins/com.st.stm32cube.ide.mcu.externaltools.gnu-tools-for-stm32.14.3.rel1.win32_1.0.100.202602081740/tools/bin/../lib/gcc/arm-none-eabi/14.3.1/../../../../arm-none-eabi/lib/thumb/v8-m.main+fp/hard\libc_nano.a(libc_a-errno.o)
                0x0800eab8                __errno
 .text.__libc_init_array
                0x0800eac4       0x48 C:/ST/STM32CubeIDE_1.18.1/STM32CubeIDE/plugins/com.st.stm32cube.ide.mcu.externaltools.gnu-tools-for-stm32.14.3.rel1.win32_1.0.100.202602081740/tools/bin/../lib/gcc/arm-none-eabi/14.3.1/../../../../arm-none-eabi/lib/thumb/v8-m.main+fp/hard\libc_nano.a(libc_a-init.o)
                0x0800eac4                __libc_init_array
 .text.__retarget_lock_init_recursive
                0x0800eb0c        0x2 C:/ST/STM32CubeIDE_1.18.1/STM32CubeIDE/plugins/com.st.stm32cube.ide.mcu.externaltools.gnu-tools-for-stm32.14.3.rel1.win32_1.0.100.202602081740/tools/bin/../lib/gcc/arm-none-eabi/14.3.1/../../../../arm-none-eabi/lib/thumb/v8-m.main+fp/hard\libc_nano.a(libc_a-lock.o)
                0x0800eb0c                __retarget_lock_init_recursive
 .text.__retarget_lock_acquire_recursive
                0x0800eb0e        0x2 C:/ST/STM32CubeIDE_1.18.1/STM32CubeIDE/plugins/com.st.stm32cube.ide.mcu.externaltools.gnu-tools-for-stm32.14.3.rel1.win32_1.0.100.202602081740/tools/bin/../lib/gcc/arm-none-eabi/14.3.1/../../../../arm-none-eabi/lib/thumb/v8-m.main+fp/hard\libc_nano.a(libc_a-lock.o)
                0x0800eb0e                __retarget_lock_acquire_recursive
 .text.__retarget_lock_release_recursive
                0x0800eb10        0x2 C:/ST/STM32CubeIDE_1.18.1/STM32CubeIDE/plugins/com.st.stm32cube.ide.mcu.externaltools.gnu-tools-for-stm32.14.3.rel1.win32_1.0.100.202602081740/tools/bin/../lib/gcc/arm-none-eabi/14.3.1/../../../../arm-none-eabi/lib/thumb/v8-m.main+fp/hard\libc_nano.a(libc_a-lock.o)
                0x0800eb10                __retarget_lock_release_recursive
 .text.memcpy   0x0800eb12       0x1a C:/ST/STM32CubeIDE_1.18.1/STM32CubeIDE/plugins/com.st.stm32cube.ide.mcu.externaltools.gnu-tools-for-stm32.14.3.rel1.win32_1.0.100.202602081740/tools/bin/../lib/gcc/arm-none-eabi/14.3.1/../../../../arm-none-eabi/lib/thumb/v8-m.main+fp/hard\libc_nano.a(libc_a-memcpy-stub.o)
                0x0800eb12                memcpy
 .text._free_r  0x0800eb2c       0x94 C:/ST/STM32CubeIDE_1.18.1/STM32CubeIDE/plugins/com.st.stm32cube.ide.mcu.externaltools.gnu-tools-for-stm32.14.3.rel1.win32_1.0.100.202602081740/tools/bin/../lib/gcc/arm-none-eabi/14.3.1/../../../../arm-none-eabi/lib/thumb/v8-m.main+fp/hard\libc_nano.a(libc_a-freer.o)
                0x0800eb2c                _free_r
 .text.__sfputc_r
                0x0800ebc0       0x2e C:/ST/STM32CubeIDE_1.18.1/STM32CubeIDE/plugins/com.st.stm32cube.ide.mcu.externaltools.gnu-tools-for-stm32.14.3.rel1.win32_1.0.100.202602081740/tools/bin/../lib/gcc/arm-none-eabi/14.3.1/../../../../arm-none-eabi/lib/thumb/v8-m.main+fp/hard\libc_nano.a(libc_a-nano-vfprintf.o)
 .text.__sfputs_r
                0x0800ebee       0x24 C:/ST/STM32CubeIDE_1.18.1/STM32CubeIDE/plugins/com.st.stm32cube.ide.mcu.externaltools.gnu-tools-for-stm32.14.3.rel1.win32_1.0.100.202602081740/tools/bin/../lib/gcc/arm-none-eabi/14.3.1/../../../../arm-none-eabi/lib/thumb/v8-m.main+fp/hard\libc_nano.a(libc_a-nano-vfprintf.o)
                0x0800ebee                __sfputs_r
 *fill*         0x0800ec12        0x2 
 .text._vfprintf_r
                0x0800ec14      0x228 C:/ST/STM32CubeIDE_1.18.1/STM32CubeIDE/plugins/com.st.stm32cube.ide.mcu.externaltools.gnu-tools-for-stm32.14.3.rel1.win32_1.0.100.202602081740/tools/bin/../lib/gcc/arm-none-eabi/14.3.1/../../../../arm-none-eabi/lib/thumb/v8-m.main+fp/hard\libc_nano.a(libc_a-nano-vfprintf.o)
                0x0800ec14                _vfprintf_r
                0x0800ec14                _vfiprintf_r
 .text._printf_common
                0x0800ee3c       0xe4 C:/ST/STM32CubeIDE_1.18.1/STM32CubeIDE/plugins/com.st.stm32cube.ide.mcu.externaltools.gnu-tools-for-stm32.14.3.rel1.win32_1.0.100.202602081740/tools/bin/../lib/gcc/arm-none-eabi/14.3.1/../../../../arm-none-eabi/lib/thumb/v8-m.main+fp/hard\libc_nano.a(libc_a-nano-vfprintf_i.o)
                0x0800ee3c                _printf_common
 .text._printf_i
                0x0800ef20      0x24c C:/ST/STM32CubeIDE_1.18.1/STM32CubeIDE/plugins/com.st.stm32cube.ide.mcu.externaltools.gnu-tools-for-stm32.14.3.rel1.win32_1.0.100.202602081740/tools/bin/../lib/gcc/arm-none-eabi/14.3.1/../../../../arm-none-eabi/lib/thumb/v8-m.main+fp/hard\libc_nano.a(libc_a-nano-vfprintf_i.o)
                0x0800ef20                _printf_i
 .text.__sflush_r
                0x0800f16c      0x100 C:/ST/STM32CubeIDE_1.18.1/STM32CubeIDE/plugins/com.st.stm32cube.ide.mcu.externaltools.gnu-tools-for-stm32.14.3.rel1.win32_1.0.100.202602081740/tools/bin/../lib/gcc/arm-none-eabi/14.3.1/../../../../arm-none-eabi/lib/thumb/v8-m.main+fp/hard\libc_nano.a(libc_a-fflush.o)
                0x0800f16c                __sflush_r
 .text._fflush_r
                0x0800f26c       0x50 C:/ST/STM32CubeIDE_1.18.1/STM32CubeIDE/plugins/com.st.stm32cube.ide.mcu.externaltools.gnu-tools-for-stm32.14.3.rel1.win32_1.0.100.202602081740/tools/bin/../lib/gcc/arm-none-eabi/14.3.1/../../../../arm-none-eabi/lib/thumb/v8-m.main+fp/hard\libc_nano.a(libc_a-fflush.o)
                0x0800f26c                _fflush_r
 .text.__swhatbuf_r
                0x0800f2bc       0x48 C:/ST/STM32CubeIDE_1.18.1/STM32CubeIDE/plugins/com.st.stm32cube.ide.mcu.externaltools.gnu-tools-for-stm32.14.3.rel1.win32_1.0.100.202602081740/tools/bin/../lib/gcc/arm-none-eabi/14.3.1/../../../../arm-none-eabi/lib/thumb/v8-m.main+fp/hard\libc_nano.a(libc_a-makebuf.o)
                0x0800f2bc                __swhatbuf_r
 .text.__smakebuf_r
                0x0800f304       0x72 C:/ST/STM32CubeIDE_1.18.1/STM32CubeIDE/plugins/com.st.stm32cube.ide.mcu.externaltools.gnu-tools-for-stm32.14.3.rel1.win32_1.0.100.202602081740/tools/bin/../lib/gcc/arm-none-eabi/14.3.1/../../../../arm-none-eabi/lib/thumb/v8-m.main+fp/hard\libc_nano.a(libc_a-makebuf.o)
                0x0800f304                __smakebuf_r
 *fill*         0x0800f376        0x2 
 .text._fstat_r
                0x0800f378       0x24 C:/ST/STM32CubeIDE_1.18.1/STM32CubeIDE/plugins/com.st.stm32cube.ide.mcu.externaltools.gnu-tools-for-stm32.14.3.rel1.win32_1.0.100.202602081740/tools/bin/../lib/gcc/arm-none-eabi/14.3.1/../../../../arm-none-eabi/lib/thumb/v8-m.main+fp/hard\libc_nano.a(libc_a-fstatr.o)
                0x0800f378                _fstat_r
 .text._isatty_r
                0x0800f39c       0x20 C:/ST/STM32CubeIDE_1.18.1/STM32CubeIDE/plugins/com.st.stm32cube.ide.mcu.externaltools.gnu-tools-for-stm32.14.3.rel1.win32_1.0.100.202602081740/tools/bin/../lib/gcc/arm-none-eabi/14.3.1/../../../../arm-none-eabi/lib/thumb/v8-m.main+fp/hard\libc_nano.a(libc_a-isattyr.o)
                0x0800f39c                _isatty_r
 .text.memchr   0x0800f3bc       0x1c C:/ST/STM32CubeIDE_1.18.1/STM32CubeIDE/plugins/com.st.stm32cube.ide.mcu.externaltools.gnu-tools-for-stm32.14.3.rel1.win32_1.0.100.202602081740/tools/bin/../lib/gcc/arm-none-eabi/14.3.1/../../../../arm-none-eabi/lib/thumb/v8-m.main+fp/hard\libc_nano.a(libc_a-memchr-stub.o)
                0x0800f3bc                memchr
 *(.glue_7)
 .glue_7        0x0800f3d8        0x0 linker stubs
 *(.glue_7t)
 .glue_7t       0x0800f3d8        0x0 linker stubs
 *(.eh_frame)
 .eh_frame      0x0800f3d8        0x0 C:/ST/STM32CubeIDE_1.18.1/STM32CubeIDE/plugins/com.st.stm32cube.ide.mcu.externaltools.gnu-tools-for-stm32.14.3.rel1.win32_1.0.100.202602081740/tools/bin/../lib/gcc/arm-none-eabi/14.3.1/thumb/v8-m.main+fp/hard/crtbegin.o
 *(.init)
 .init          0x0800f3d8        0x4 C:/ST/STM32CubeIDE_1.18.1/STM32CubeIDE/plugins/com.st.stm32cube.ide.mcu.externaltools.gnu-tools-for-stm32.14.3.rel1.win32_1.0.100.202602081740/tools/bin/../lib/gcc/arm-none-eabi/14.3.1/thumb/v8-m.main+fp/hard/crti.o
                0x0800f3d8                _init
 .init          0x0800f3dc        0x8 C:/ST/STM32CubeIDE_1.18.1/STM32CubeIDE/plugins/com.st.stm32cube.ide.mcu.externaltools.gnu-tools-for-stm32.14.3.rel1.win32_1.0.100.202602081740/tools/bin/../lib/gcc/arm-none-eabi/14.3.1/thumb/v8-m.main+fp/hard/crtn.o
 *(.fini)
 .fini          0x0800f3e4        0x4 C:/ST/STM32CubeIDE_1.18.1/STM32CubeIDE/plugins/com.st.stm32cube.ide.mcu.externaltools.gnu-tools-for-stm32.14.3.rel1.win32_1.0.100.202602081740/tools/bin/../lib/gcc/arm-none-eabi/14.3.1/thumb/v8-m.main+fp/hard/crti.o
                0x0800f3e4                _fini
 .fini          0x0800f3e8        0x8 C:/ST/STM32CubeIDE_1.18.1/STM32CubeIDE/plugins/com.st.stm32cube.ide.mcu.externaltools.gnu-tools-for-stm32.14.3.rel1.win32_1.0.100.202602081740/tools/bin/../lib/gcc/arm-none-eabi/14.3.1/thumb/v8-m.main+fp/hard/crtn.o
                0x0800f3f0                        _etext = .

.vfp11_veneer   0x0800f3f0        0x0
 .vfp11_veneer  0x0800f3f0        0x0 linker stubs

.v4_bx          0x0800f3f0        0x0
 .v4_bx         0x0800f3f0        0x0 linker stubs

.iplt           0x0800f3f0        0x0
 .iplt          0x0800f3f0        0x0 C:/ST/STM32CubeIDE_1.18.1/STM32CubeIDE/plugins/com.st.stm32cube.ide.mcu.externaltools.gnu-tools-for-stm32.14.3.rel1.win32_1.0.100.202602081740/tools/bin/../lib/gcc/arm-none-eabi/14.3.1/thumb/v8-m.main+fp/hard/crtbegin.o

.rodata         0x0800f3f0      0xb07
 *(.rodata)
 .rodata        0x0800f3f0      0x225 ./Boot/Src/boot_jump.o
 *fill*         0x0800f615        0x3 
 .rodata        0x0800f618      0x242 ./Boot/USB/Src/usb_msc_service.o
 *fill*         0x0800f85a        0x2 
 .rodata        0x0800f85c       0x83 ./Boot/USB/Src/usbh_diskio.o
 *fill*         0x0800f8df        0x1 
 .rodata        0x0800f8e0       0x5b ./Drivers/Vendor/FatFs/source/ff.o
 *fill*         0x0800f93b        0x1 
 .rodata        0x0800f93c       0x79 ./Middlewares/ST/STM32_USB_Host_Library/Class/MSC/Src/usbh_msc.o
 *fill*         0x0800f9b5        0x3 
 .rodata        0x0800f9b8      0x3cf ./Src/main.o
 *(.rodata*)
 *fill*         0x0800fd87        0x1 
 .rodata.USBH_Driver
                0x0800fd88       0x14 ./Boot/USB/Src/usbh_diskio.o
                0x0800fd88                USBH_Driver
 .rodata.LPGPIO_Map
                0x0800fd9c       0x80 ./Drivers/STM32U5xx_HAL_Driver/Src/stm32u5xx_hal_gpio.o
 .rodata.T.3    0x0800fe1c       0x40 ./Src/main.o
 .rodata.probe_paths.1
                0x0800fe5c       0x10 ./Src/main.o
 .rodata.crc_paths.0
                0x0800fe6c        0x8 ./Src/main.o
 .rodata.AHBPrescTable
                0x0800fe74       0x10 ./Src/system_stm32u5xx.o
                0x0800fe74                AHBPrescTable
 .rodata.MSIRangeTable
                0x0800fe84       0x40 ./Src/system_stm32u5xx.o
                0x0800fe84                MSIRangeTable
 .rodata._vfprintf_r.str1.1
                0x0800fec4       0x33 C:/ST/STM32CubeIDE_1.18.1/STM32CubeIDE/plugins/com.st.stm32cube.ide.mcu.externaltools.gnu-tools-for-stm32.14.3.rel1.win32_1.0.100.202602081740/tools/bin/../lib/gcc/arm-none-eabi/14.3.1/../../../../arm-none-eabi/lib/thumb/v8-m.main+fp/hard\libc_nano.a(libc_a-nano-vfprintf.o)
                                 0x11 (size before relaxing)
 .rodata._printf_i.str1.1
                0x0800fef7       0x22 C:/ST/STM32CubeIDE_1.18.1/STM32CubeIDE/plugins/com.st.stm32cube.ide.mcu.externaltools.gnu-tools-for-stm32.14.3.rel1.win32_1.0.100.202602081740/tools/bin/../lib/gcc/arm-none-eabi/14.3.1/../../../../arm-none-eabi/lib/thumb/v8-m.main+fp/hard\libc_nano.a(libc_a-nano-vfprintf_i.o)

.ARM.extab
 *(.ARM.extab* .gnu.linkonce.armextab.*)

.ARM            0x0800fef7        0x0
                0x0800fef7                        __exidx_start = .
 *(.ARM.exidx*)
                0x0800fef7                        __exidx_end = .

.preinit_array  0x0800fef7        0x0
                0x0800fef7                        PROVIDE (__preinit_array_start = .)
 *(.preinit_array*)
                0x0800fef7                        PROVIDE (__preinit_array_end = .)

.init_array     0x0800fef8        0x4
                0x0800fef8                        PROVIDE (__init_array_start = .)
 *(SORT_BY_NAME(.init_array.*))
 *(.init_array*)
 .init_array    0x0800fef8        0x4 C:/ST/STM32CubeIDE_1.18.1/STM32CubeIDE/plugins/com.st.stm32cube.ide.mcu.externaltools.gnu-tools-for-stm32.14.3.rel1.win32_1.0.100.202602081740/tools/bin/../lib/gcc/arm-none-eabi/14.3.1/thumb/v8-m.main+fp/hard/crtbegin.o
                0x0800fefc                        PROVIDE (__init_array_end = .)

.fini_array     0x0800fefc        0x4
                [!provide]                        PROVIDE (__fini_array_start = .)
 *(SORT_BY_NAME(.fini_array.*))
 *(.fini_array*)
 .fini_array    0x0800fefc        0x4 C:/ST/STM32CubeIDE_1.18.1/STM32CubeIDE/plugins/com.st.stm32cube.ide.mcu.externaltools.gnu-tools-for-stm32.14.3.rel1.win32_1.0.100.202602081740/tools/bin/../lib/gcc/arm-none-eabi/14.3.1/thumb/v8-m.main+fp/hard/crtbegin.o
                [!provide]                        PROVIDE (__fini_array_end = .)
                0x0800ff00                        _sidata = LOADADDR (.data)

.rel.dyn        0x0800ff00        0x0
 .rel.iplt      0x0800ff00        0x0 C:/ST/STM32CubeIDE_1.18.1/STM32CubeIDE/plugins/com.st.stm32cube.ide.mcu.externaltools.gnu-tools-for-stm32.14.3.rel1.win32_1.0.100.202602081740/tools/bin/../lib/gcc/arm-none-eabi/14.3.1/thumb/v8-m.main+fp/hard/crtbegin.o

.data           0x20000000       0x94 load address 0x0800ff00
                0x20000000                        _sdata = .
 *(.data)
 *(.data*)
 .data.usb_vbus_delay_ms
                0x20000000        0x4 ./Boot/USB/Src/usbh_conf.o
 .data.last_ctrl_out.3
                0x20000004        0x1 ./Boot/USB/Src/usbh_conf.o
 .data.last_ctrl_in.2
                0x20000005        0x1 ./Boot/USB/Src/usbh_conf.o
 .data.last_bulk_out.1
                0x20000006        0x1 ./Boot/USB/Src/usbh_conf.o
 .data.last_bulk_in.0
                0x20000007        0x1 ./Boot/USB/Src/usbh_conf.o
 .data.uwTickPrio
                0x20000008        0x4 ./Drivers/STM32U5xx_HAL_Driver/Src/stm32u5xx_hal.o
                0x20000008                uwTickPrio
 .data.uwTickFreq
                0x2000000c        0x1 ./Drivers/STM32U5xx_HAL_Driver/Src/stm32u5xx_hal.o
                0x2000000c                uwTickFreq
 *fill*         0x2000000d        0x3 
 .data.USBH_msc
                0x20000010       0x20 ./Middlewares/ST/STM32_USB_Host_Library/Class/MSC/Src/usbh_msc.o
                0x20000010                USBH_msc
 .data.last_bot_state.0
                0x20000030        0x1 ./Middlewares/ST/STM32_USB_Host_Library/Class/MSC/Src/usbh_msc_bot.o
 *fill*         0x20000031        0x3 
 .data.SystemCoreClock
                0x20000034        0x4 ./Src/system_stm32u5xx.o
                0x20000034                SystemCoreClock
 .data.__sglue  0x20000038        0xc C:/ST/STM32CubeIDE_1.18.1/STM32CubeIDE/plugins/com.st.stm32cube.ide.mcu.externaltools.gnu-tools-for-stm32.14.3.rel1.win32_1.0.100.202602081740/tools/bin/../lib/gcc/arm-none-eabi/14.3.1/../../../../arm-none-eabi/lib/thumb/v8-m.main+fp/hard\libc_nano.a(libc_a-findfp.o)
                0x20000038                __sglue
 .data._impure_ptr
                0x20000044        0x4 C:/ST/STM32CubeIDE_1.18.1/STM32CubeIDE/plugins/com.st.stm32cube.ide.mcu.externaltools.gnu-tools-for-stm32.14.3.rel1.win32_1.0.100.202602081740/tools/bin/../lib/gcc/arm-none-eabi/14.3.1/../../../../arm-none-eabi/lib/thumb/v8-m.main+fp/hard\libc_nano.a(libc_a-impure.o)
                0x20000044                _impure_ptr
 .data._impure_data
                0x20000048       0x4c C:/ST/STM32CubeIDE_1.18.1/STM32CubeIDE/plugins/com.st.stm32cube.ide.mcu.externaltools.gnu-tools-for-stm32.14.3.rel1.win32_1.0.100.202602081740/tools/bin/../lib/gcc/arm-none-eabi/14.3.1/../../../../arm-none-eabi/lib/thumb/v8-m.main+fp/hard\libc_nano.a(libc_a-impure.o)
                0x20000048                _impure_data
 *(.RamFunc)
 *(.RamFunc*)
                0x20000094                        _edata = .

.igot.plt       0x20000094        0x0 load address 0x0800ff94
 .igot.plt      0x20000094        0x0 C:/ST/STM32CubeIDE_1.18.1/STM32CubeIDE/plugins/com.st.stm32cube.ide.mcu.externaltools.gnu-tools-for-stm32.14.3.rel1.win32_1.0.100.202602081740/tools/bin/../lib/gcc/arm-none-eabi/14.3.1/thumb/v8-m.main+fp/hard/crtbegin.o

.bss            0x20000094    0x10e52 load address 0x0800ff94
                0x20000094                        _sbss = .
                0x20000094                        __bss_start__ = _sbss
 *(.bss)
 .bss           0x20000094       0x1c C:/ST/STM32CubeIDE_1.18.1/STM32CubeIDE/plugins/com.st.stm32cube.ide.mcu.externaltools.gnu-tools-for-stm32.14.3.rel1.win32_1.0.100.202602081740/tools/bin/../lib/gcc/arm-none-eabi/14.3.1/thumb/v8-m.main+fp/hard/crtbegin.o
 *(.bss*)
 .bss.usb_fs_object
                0x200000b0      0x230 ./Boot/USB/Src/usb_fs_service.o
 .bss.usb_fs_path
                0x200002e0        0x4 ./Boot/USB/Src/usb_fs_service.o
 .bss.usb_fs_mounted
                0x200002e4        0x1 ./Boot/USB/Src/usb_fs_service.o
 .bss.usb_fs_driver_linked
                0x200002e5        0x1 ./Boot/USB/Src/usb_fs_service.o
 *fill*         0x200002e6        0x2 
 .bss.usb_fs_last_error
                0x200002e8        0x4 ./Boot/USB/Src/usb_fs_service.o
 .bss.usb_fs_stream
                0x200002ec      0x230 ./Boot/USB/Src/usb_fs_service.o
 .bss.usb_fs_stream_open
                0x2000051c        0x1 ./Boot/USB/Src/usb_fs_service.o
 *fill*         0x2000051d        0x3 
 .bss.hUsbHostHS
                0x20000520      0x3e0 ./Boot/USB/Src/usb_msc_service.o
                0x20000520                hUsbHostHS
 .bss.usb_msc_enabled
                0x20000900        0x1 ./Boot/USB/Src/usb_msc_service.o
 .bss.usb_msc_host_initialized
                0x20000901        0x1 ./Boot/USB/Src/usb_msc_service.o
 .bss.usb_msc_state
                0x20000902        0x1 ./Boot/USB/Src/usb_msc_service.o
 *fill*         0x20000903        0x1 
 .bss.usb_msc_last_error
                0x20000904        0x4 ./Boot/USB/Src/usb_msc_service.o
 .bss.usb_msc_attempt_count
                0x20000908        0x4 ./Boot/USB/Src/usb_msc_service.o
 .bss.usb_msc_attempt_start_tick
                0x2000090c        0x4 ./Boot/USB/Src/usb_msc_service.o
 .bss.usb_msc_enum_start_tick
                0x20000910        0x4 ./Boot/USB/Src/usb_msc_service.o
 .bss.usb_msc_seen_enumerating
                0x20000914        0x1 ./Boot/USB/Src/usb_msc_service.o
 .bss.usb_msc_timeout_reported
                0x20000915        0x1 ./Boot/USB/Src/usb_msc_service.o
 .bss.usb_msc_recovery_restarts
                0x20000916        0x1 ./Boot/USB/Src/usb_msc_service.o
 *fill*         0x20000917        0x1 
 .bss.hhcd_USB_OTG_HS
                0x20000918      0x420 ./Boot/USB/Src/usbh_conf.o
                0x20000918                hhcd_USB_OTG_HS
 .bss.uwTick    0x20000d38        0x4 ./Drivers/STM32U5xx_HAL_Driver/Src/stm32u5xx_hal.o
                0x20000d38                uwTick
 .bss.FatFs     0x20000d3c        0x8 ./Drivers/Vendor/FatFs/source/ff.o
 .bss.Fsid      0x20000d44        0x2 ./Drivers/Vendor/FatFs/source/ff.o
 *fill*         0x20000d46        0x2 
 .bss.Files     0x20000d48       0x40 ./Drivers/Vendor/FatFs/source/ff.o
 .bss.disk      0x20000d88       0x10 ./Drivers/Vendor/FatFs/source/ff_gen_drv.o
                0x20000d88                disk
 .bss.chunk.2   0x20000d98    0x10000 ./Src/main.o
 .bss.__sbrk_heap_end
                0x20010d98        0x4 ./Src/sysmem.o
 .bss.__malloc_sbrk_start
                0x20010d9c        0x4 C:/ST/STM32CubeIDE_1.18.1/STM32CubeIDE/plugins/com.st.stm32cube.ide.mcu.externaltools.gnu-tools-for-stm32.14.3.rel1.win32_1.0.100.202602081740/tools/bin/../lib/gcc/arm-none-eabi/14.3.1/../../../../arm-none-eabi/lib/thumb/v8-m.main+fp/hard\libc_nano.a(libc_a-mallocr.o)
                0x20010d9c                __malloc_sbrk_start
 .bss.__malloc_free_list
                0x20010da0        0x4 C:/ST/STM32CubeIDE_1.18.1/STM32CubeIDE/plugins/com.st.stm32cube.ide.mcu.externaltools.gnu-tools-for-stm32.14.3.rel1.win32_1.0.100.202602081740/tools/bin/../lib/gcc/arm-none-eabi/14.3.1/../../../../arm-none-eabi/lib/thumb/v8-m.main+fp/hard\libc_nano.a(libc_a-mallocr.o)
                0x20010da0                __malloc_free_list
 .bss.__sf      0x20010da4      0x138 C:/ST/STM32CubeIDE_1.18.1/STM32CubeIDE/plugins/com.st.stm32cube.ide.mcu.externaltools.gnu-tools-for-stm32.14.3.rel1.win32_1.0.100.202602081740/tools/bin/../lib/gcc/arm-none-eabi/14.3.1/../../../../arm-none-eabi/lib/thumb/v8-m.main+fp/hard\libc_nano.a(libc_a-findfp.o)
                0x20010da4                __sf
 .bss.__stdio_exit_handler
                0x20010edc        0x4 C:/ST/STM32CubeIDE_1.18.1/STM32CubeIDE/plugins/com.st.stm32cube.ide.mcu.externaltools.gnu-tools-for-stm32.14.3.rel1.win32_1.0.100.202602081740/tools/bin/../lib/gcc/arm-none-eabi/14.3.1/../../../../arm-none-eabi/lib/thumb/v8-m.main+fp/hard\libc_nano.a(libc_a-findfp.o)
                0x20010edc                __stdio_exit_handler
 .bss.errno     0x20010ee0        0x4 C:/ST/STM32CubeIDE_1.18.1/STM32CubeIDE/plugins/com.st.stm32cube.ide.mcu.externaltools.gnu-tools-for-stm32.14.3.rel1.win32_1.0.100.202602081740/tools/bin/../lib/gcc/arm-none-eabi/14.3.1/../../../../arm-none-eabi/lib/thumb/v8-m.main+fp/hard\libc_nano.a(libc_a-reent.o)
                0x20010ee0                errno
 .bss.__lock___malloc_recursive_mutex
                0x20010ee4        0x1 C:/ST/STM32CubeIDE_1.18.1/STM32CubeIDE/plugins/com.st.stm32cube.ide.mcu.externaltools.gnu-tools-for-stm32.14.3.rel1.win32_1.0.100.202602081740/tools/bin/../lib/gcc/arm-none-eabi/14.3.1/../../../../arm-none-eabi/lib/thumb/v8-m.main+fp/hard\libc_nano.a(libc_a-lock.o)
                0x20010ee4                __lock___malloc_recursive_mutex
 .bss.__lock___sfp_recursive_mutex
                0x20010ee5        0x1 C:/ST/STM32CubeIDE_1.18.1/STM32CubeIDE/plugins/com.st.stm32cube.ide.mcu.externaltools.gnu-tools-for-stm32.14.3.rel1.win32_1.0.100.202602081740/tools/bin/../lib/gcc/arm-none-eabi/14.3.1/../../../../arm-none-eabi/lib/thumb/v8-m.main+fp/hard\libc_nano.a(libc_a-lock.o)
                0x20010ee5                __lock___sfp_recursive_mutex
 *(COMMON)
                0x20010ee6                        _ebss = .
                0x20010ee6                        __bss_end__ = _ebss

._user_heap_stack
                0x20010ee6     0x2202 load address 0x0800ff94
                0x20010ee8                        . = ALIGN (0x8)
 *fill*         0x20010ee6        0x2 
                [!provide]                        PROVIDE (end = .)
                0x20010ee8                        PROVIDE (_end = .)
                0x200110e8                        . = (. + _Min_Heap_Size)
 *fill*         0x20010ee8      0x200 
                0x200130e8                        . = (. + _Min_Stack_Size)
 *fill*         0x200110e8     0x2000 
                0x200130e8                        . = ALIGN (0x8)

/DISCARD/
 libc.a(*)
 libm.a(*)
 libgcc.a(*)

.ARM.attributes
                0x00000000       0x36
 *(.ARM.attributes)
 .ARM.attributes
                0x00000000       0x26 C:/ST/STM32CubeIDE_1.18.1/STM32CubeIDE/plugins/com.st.stm32cube.ide.mcu.externaltools.gnu-tools-for-stm32.14.3.rel1.win32_1.0.100.202602081740/tools/bin/../lib/gcc/arm-none-eabi/14.3.1/thumb/v8-m.main+fp/hard/crti.o
 .ARM.attributes
                0x00000026       0x38 C:/ST/STM32CubeIDE_1.18.1/STM32CubeIDE/plugins/com.st.stm32cube.ide.mcu.externaltools.gnu-tools-for-stm32.14.3.rel1.win32_1.0.100.202602081740/tools/bin/../lib/gcc/arm-none-eabi/14.3.1/thumb/v8-m.main+fp/hard/crtbegin.o
 .ARM.attributes
                0x0000005e       0x3a ./Boot/Src/boot_jump.o
 .ARM.attributes
                0x00000098       0x3a ./Boot/USB/Src/usb_fs_service.o
 .ARM.attributes
                0x000000d2       0x3a ./Boot/USB/Src/usb_msc_service.o
 .ARM.attributes
                0x0000010c       0x3a ./Boot/USB/Src/usbh_conf.o
 .ARM.attributes
                0x00000146       0x3a ./Boot/USB/Src/usbh_diskio.o
 .ARM.attributes
                0x00000180       0x3a ./Drivers/STM32U5xx_HAL_Driver/Src/stm32u5xx_hal.o
 .ARM.attributes
                0x000001ba       0x3a ./Drivers/STM32U5xx_HAL_Driver/Src/stm32u5xx_hal_cortex.o
 .ARM.attributes
                0x000001f4       0x3a ./Drivers/STM32U5xx_HAL_Driver/Src/stm32u5xx_hal_gpio.o
 .ARM.attributes
                0x0000022e       0x3a ./Drivers/STM32U5xx_HAL_Driver/Src/stm32u5xx_hal_hcd.o
 .ARM.attributes
                0x00000268       0x3a ./Drivers/STM32U5xx_HAL_Driver/Src/stm32u5xx_hal_pwr_ex.o
 .ARM.attributes
                0x000002a2       0x3a ./Drivers/STM32U5xx_HAL_Driver/Src/stm32u5xx_hal_rcc.o
 .ARM.attributes
                0x000002dc       0x3a ./Drivers/STM32U5xx_HAL_Driver/Src/stm32u5xx_hal_rcc_ex.o
 .ARM.attributes
                0x00000316       0x3a ./Drivers/STM32U5xx_HAL_Driver/Src/stm32u5xx_ll_usb.o
 .ARM.attributes
                0x00000350       0x3a ./Drivers/Vendor/FatFs/source/diskio.o
 .ARM.attributes
                0x0000038a       0x3a ./Drivers/Vendor/FatFs/source/ff.o
 .ARM.attributes
                0x000003c4       0x3a ./Drivers/Vendor/FatFs/source/ff_gen_drv.o
 .ARM.attributes
                0x000003fe       0x3a ./Middlewares/ST/STM32_USB_Host_Library/Class/MSC/Src/usbh_msc.o
 .ARM.attributes
                0x00000438       0x3a ./Middlewares/ST/STM32_USB_Host_Library/Class/MSC/Src/usbh_msc_bot.o
 .ARM.attributes
                0x00000472       0x3a ./Middlewares/ST/STM32_USB_Host_Library/Class/MSC/Src/usbh_msc_scsi.o
 .ARM.attributes
                0x000004ac       0x3a ./Middlewares/ST/STM32_USB_Host_Library/Core/Src/usbh_core.o
 .ARM.attributes
                0x000004e6       0x3a ./Middlewares/ST/STM32_USB_Host_Library/Core/Src/usbh_ctlreq.o
 .ARM.attributes
                0x00000520       0x3a ./Middlewares/ST/STM32_USB_Host_Library/Core/Src/usbh_ioreq.o
 .ARM.attributes
                0x0000055a       0x3a ./Middlewares/ST/STM32_USB_Host_Library/Core/Src/usbh_pipes.o
 .ARM.attributes
                0x00000594       0x3a ./Src/main.o
 .ARM.attributes
                0x000005ce       0x3a ./Src/stm32u5xx_it.o
 .ARM.attributes
                0x00000608       0x3a ./Src/syscalls.o
 .ARM.attributes
                0x00000642       0x3a ./Src/sysmem.o
 .ARM.attributes
                0x0000067c       0x3a ./Src/system_stm32u5xx.o
 .ARM.attributes
                0x000006b6       0x24 ./Startup/startup_stm32u599nihxq.o
 .ARM.attributes
                0x000006da       0x38 C:/ST/STM32CubeIDE_1.18.1/STM32CubeIDE/plugins/com.st.stm32cube.ide.mcu.externaltools.gnu-tools-for-stm32.14.3.rel1.win32_1.0.100.202602081740/tools/bin/../lib/gcc/arm-none-eabi/14.3.1/../../../../arm-none-eabi/lib/thumb/v8-m.main+fp/hard\libc_nano.a(libc_a-malloc.o)
 .ARM.attributes
                0x00000712       0x38 C:/ST/STM32CubeIDE_1.18.1/STM32CubeIDE/plugins/com.st.stm32cube.ide.mcu.externaltools.gnu-tools-for-stm32.14.3.rel1.win32_1.0.100.202602081740/tools/bin/../lib/gcc/arm-none-eabi/14.3.1/../../../../arm-none-eabi/lib/thumb/v8-m.main+fp/hard\libc_nano.a(libc_a-mallocr.o)
 .ARM.attributes