Archive member included to satisfy reference by file (symbol)

C:/ST/STM32CubeIDE_1.18.1/STM32CubeIDE/plugins/com.st.stm32cube.ide.mcu.externaltools.gnu-tools-for-stm32.14.3.rel1.win32_1.0.100.202602081740/tools/bin/../lib/gcc/arm-none-eabi/14.3.1/../../../../arm-none-eabi/lib/thumb/v8-m.main+fp/hard\libc_nano.a(libc_a-exit.o)
                              C:/ST/STM32CubeIDE_1.18.1/STM32CubeIDE/plugins/com.st.stm32cube.ide.mcu.externaltools.gnu-tools-for-stm32.14.3.rel1.win32_1.0.100.202602081740/tools/bin/../lib/gcc/arm-none-eabi/14.3.1/../../../../arm-none-eabi/lib/thumb/v8-m.main+fp/hard/crt0.o (exit)
C:/ST/STM32CubeIDE_1.18.1/STM32CubeIDE/plugins/com.st.stm32cube.ide.mcu.externaltools.gnu-tools-for-stm32.14.3.rel1.win32_1.0.100.202602081740/tools/bin/../lib/gcc/arm-none-eabi/14.3.1/../../../../arm-none-eabi/lib/thumb/v8-m.main+fp/hard\libc_nano.a(libc_a-malloc.o)
                              ./Middlewares/ST/STM32_USB_Host_Library/Class/MSC/Src/usbh_msc.o (malloc)
C:/ST/STM32CubeIDE_1.18.1/STM32CubeIDE/plugins/com.st.stm32cube.ide.mcu.externaltools.gnu-tools-for-stm32.14.3.rel1.win32_1.0.100.202602081740/tools/bin/../lib/gcc/arm-none-eabi/14.3.1/../../../../arm-none-eabi/lib/thumb/v8-m.main+fp/hard\libc_nano.a(libc_a-mallocr.o)
                              C:/ST/STM32CubeIDE_1.18.1/STM32CubeIDE/plugins/com.st.stm32cube.ide.mcu.externaltools.gnu-tools-for-stm32.14.3.rel1.win32_1.0.100.202602081740/tools/bin/../lib/gcc/arm-none-eabi/14.3.1/../../../../arm-none-eabi/lib/thumb/v8-m.main+fp/hard\libc_nano.a(libc_a-malloc.o) (_malloc_r)
C:/ST/STM32CubeIDE_1.18.1/STM32CubeIDE/plugins/com.st.stm32cube.ide.mcu.externaltools.gnu-tools-for-stm32.14.3.rel1.win32_1.0.100.202602081740/tools/bin/../lib/gcc/arm-none-eabi/14.3.1/../../../../arm-none-eabi/lib/thumb/v8-m.main+fp/hard\libc_nano.a(libc_a-mlock.o)
                              C:/ST/STM32CubeIDE_1.18.1/STM32CubeIDE/plugins/com.st.stm32cube.ide.mcu.externaltools.gnu-tools-for-stm32.14.3.rel1.win32_1.0.100.202602081740/tools/bin/../lib/gcc/arm-none-eabi/14.3.1/../../../../arm-none-eabi/lib/thumb/v8-m.main+fp/hard\libc_nano.a(libc_a-mallocr.o) (__malloc_lock)
C:/ST/STM32CubeIDE_1.18.1/STM32CubeIDE/plugins/com.st.stm32cube.ide.mcu.externaltools.gnu-tools-for-stm32.14.3.rel1.win32_1.0.100.202602081740/tools/bin/../lib/gcc/arm-none-eabi/14.3.1/../../../../arm-none-eabi/lib/thumb/v8-m.main+fp/hard\libc_nano.a(libc_a-strtoul.o)
                              ./USB_Host/App/usb_host.o (strtoul)
C:/ST/STM32CubeIDE_1.18.1/STM32CubeIDE/plugins/com.st.stm32cube.ide.mcu.externaltools.gnu-tools-for-stm32.14.3.rel1.win32_1.0.100.202602081740/tools/bin/../lib/gcc/arm-none-eabi/14.3.1/../../../../arm-none-eabi/lib/thumb/v8-m.main+fp/hard\libc_nano.a(libc_a-ctype_.o)
                              C:/ST/STM32CubeIDE_1.18.1/STM32CubeIDE/plugins/com.st.stm32cube.ide.mcu.externaltools.gnu-tools-for-stm32.14.3.rel1.win32_1.0.100.202602081740/tools/bin/../lib/gcc/arm-none-eabi/14.3.1/../../../../arm-none-eabi/lib/thumb/v8-m.main+fp/hard\libc_nano.a(libc_a-strtoul.o) (_ctype_)
C:/ST/STM32CubeIDE_1.18.1/STM32CubeIDE/plugins/com.st.stm32cube.ide.mcu.externaltools.gnu-tools-for-stm32.14.3.rel1.win32_1.0.100.202602081740/tools/bin/../lib/gcc/arm-none-eabi/14.3.1/../../../../arm-none-eabi/lib/thumb/v8-m.main+fp/hard\libc_nano.a(libc_a-findfp.o)
                              C:/ST/STM32CubeIDE_1.18.1/STM32CubeIDE/plugins/com.st.stm32cube.ide.mcu.externaltools.gnu-tools-for-stm32.14.3.rel1.win32_1.0.100.202602081740/tools/bin/../lib/gcc/arm-none-eabi/14.3.1/../../../../arm-none-eabi/lib/thumb/v8-m.main+fp/hard\libc_nano.a(libc_a-exit.o) (__stdio_exit_handler)
C:/ST/STM32CubeIDE_1.18.1/STM32CubeIDE/plugins/com.st.stm32cube.ide.mcu.externaltools.gnu-tools-for-stm32.14.3.rel1.win32_1.0.100.202602081740/tools/bin/../lib/gcc/arm-none-eabi/14.3.1/../../../../arm-none-eabi/lib/thumb/v8-m.main+fp/hard\libc_nano.a(libc_a-fwalk.o)
                              C:/ST/STM32CubeIDE_1.18.1/STM32CubeIDE/plugins/com.st.stm32cube.ide.mcu.externaltools.gnu-tools-for-stm32.14.3.rel1.win32_1.0.100.202602081740/tools/bin/../lib/gcc/arm-none-eabi/14.3.1/../../../../arm-none-eabi/lib/thumb/v8-m.main+fp/hard\libc_nano.a(libc_a-findfp.o) (_fwalk_sglue)
C:/ST/STM32CubeIDE_1.18.1/STM32CubeIDE/plugins/com.st.stm32cube.ide.mcu.externaltools.gnu-tools-for-stm32.14.3.rel1.win32_1.0.100.202602081740/tools/bin/../lib/gcc/arm-none-eabi/14.3.1/../../../../arm-none-eabi/lib/thumb/v8-m.main+fp/hard\libc_nano.a(libc_a-printf.o)
                              ./Boot/Src/boot_jump.o (printf)
C:/ST/STM32CubeIDE_1.18.1/STM32CubeIDE/plugins/com.st.stm32cube.ide.mcu.externaltools.gnu-tools-for-stm32.14.3.rel1.win32_1.0.100.202602081740/tools/bin/../lib/gcc/arm-none-eabi/14.3.1/../../../../arm-none-eabi/lib/thumb/v8-m.main+fp/hard\libc_nano.a(libc_a-putchar.o)
                              ./Middlewares/ST/STM32_USB_Host_Library/Class/MSC/Src/usbh_msc.o (putchar)
[...]
Memory Configuration

Name             Origin             Length             Attributes
RAM              0x20000000         0x00270000         xrw
SRAM4            0x28000000         0x00004000         xrw
FLASH            0x08000000         0x00200000         xr
*default*        0x00000000         0xffffffff

Linker script and memory map

LOAD C:/ST/STM32CubeIDE_1.18.1/STM32CubeIDE/plugins/com.st.stm32cube.ide.mcu.externaltools.gnu-tools-for-stm32.14.3.rel1.win32_1.0.100.202602081740/tools/bin/../lib/gcc/arm-none-eabi/14.3.1/thumb/v8-m.main+fp/hard/crti.o
LOAD C:/ST/STM32CubeIDE_1.18.1/STM32CubeIDE/plugins/com.st.stm32cube.ide.mcu.externaltools.gnu-tools-for-stm32.14.3.rel1.win32_1.0.100.202602081740/tools/bin/../lib/gcc/arm-none-eabi/14.3.1/thumb/v8-m.main+fp/hard/crtbegin.o
LOAD C:/ST/STM32CubeIDE_1.18.1/STM32CubeIDE/plugins/com.st.stm32cube.ide.mcu.externaltools.gnu-tools-for-stm32.14.3.rel1.win32_1.0.100.202602081740/tools/bin/../lib/gcc/arm-none-eabi/14.3.1/../../../../arm-none-eabi/lib/thumb/v8-m.main+fp/hard/crt0.o
LOAD ./Boot/Src/boot_jump.o
LOAD ./Drivers/STM32U5xx_HAL_Driver/Src/stm32u5xx_hal.o
LOAD ./Drivers/STM32U5xx_HAL_Driver/Src/stm32u5xx_hal_cortex.o
LOAD ./Drivers/STM32U5xx_HAL_Driver/Src/stm32u5xx_hal_dcache.o
LOAD ./Drivers/STM32U5xx_HAL_Driver/Src/stm32u5xx_hal_dma.o
LOAD ./Drivers/STM32U5xx_HAL_Driver/Src/stm32u5xx_hal_dma_ex.o
LOAD ./Drivers/STM32U5xx_HAL_Driver/Src/stm32u5xx_hal_exti.o
LOAD ./Drivers/STM32U5xx_HAL_Driver/Src/stm32u5xx_hal_flash.o
LOAD ./Drivers/STM32U5xx_HAL_Driver/Src/stm32u5xx_hal_flash_ex.o
LOAD ./Drivers/STM32U5xx_HAL_Driver/Src/stm32u5xx_hal_gpio.o
LOAD ./Drivers/STM32U5xx_HAL_Driver/Src/stm32u5xx_hal_hcd.o
LOAD ./Drivers/STM32U5xx_HAL_Driver/Src/stm32u5xx_hal_icache.o
LOAD ./Drivers/STM32U5xx_HAL_Driver/Src/stm32u5xx_hal_pwr.o
LOAD ./Drivers/STM32U5xx_HAL_Driver/Src/stm32u5xx_hal_pwr_ex.o
LOAD ./Drivers/STM32U5xx_HAL_Driver/Src/stm32u5xx_hal_rcc.o
LOAD ./Drivers/STM32U5xx_HAL_Driver/Src/stm32u5xx_hal_rcc_ex.o
LOAD ./Drivers/STM32U5xx_HAL_Driver/Src/stm32u5xx_ll_usb.o
LOAD ./Drivers/Vendor/FatFs/source/diskio.o
LOAD ./Drivers/Vendor/FatFs/source/ff.o
LOAD ./Drivers/Vendor/FatFs/source/ff_gen_drv.o
LOAD ./Drivers/Vendor/FatFs/source/ffsystem_baremetal.o
LOAD ./Drivers/Vendor/FatFs/source/ffunicode.o
LOAD ./Drivers/Vendor/FatFs/source/drivers/USB/usbh_diskio.o
LOAD ./FATFS/App/fatfs_usb.o
LOAD ./Middlewares/ST/STM32_USB_Host_Library/Class/MSC/Src/usbh_msc.o
LOAD ./Middlewares/ST/STM32_USB_Host_Library/Class/MSC/Src/usbh_msc_bot.o
LOAD ./Middlewares/ST/STM32_USB_Host_Library/Class/MSC/Src/usbh_msc_scsi.o
LOAD ./Middlewares/ST/STM32_USB_Host_Library/Core/Src/usbh_core.o
LOAD ./Middlewares/ST/STM32_USB_Host_Library/Core/Src/usbh_ctlreq.o
LOAD ./Middlewares/ST/STM32_USB_Host_Library/Core/Src/usbh_ioreq.o
LOAD ./Middlewares/ST/STM32_USB_Host_Library/Core/Src/usbh_pipes.o
LOAD ./Src/main.o
LOAD ./Src/stm32u5xx_it.o
LOAD ./Src/syscalls.o
LOAD ./Src/sysmem.o
LOAD ./Src/system_stm32u5xx.o
LOAD ./Startup/startup_stm32u599nihxq.o
LOAD ./USB_Host/App/usb_host.o
LOAD ./USB_Host/Target/usbh_conf.o
START GROUP
LOAD C:/ST/STM32CubeIDE_1.18.1/STM32CubeIDE/plugins/com.st.stm32cube.ide.mcu.externaltools.gnu-tools-for-stm32.14.3.rel1.win32_1.0.100.202602081740/tools/bin/../lib/gcc/arm-none-eabi/14.3.1/../../../../arm-none-eabi/lib/thumb/v8-m.main+fp/hard\libc_nano.a
LOAD C:/ST/STM32CubeIDE_1.18.1/STM32CubeIDE/plugins/com.st.stm32cube.ide.mcu.externaltools.gnu-tools-for-stm32.14.3.rel1.win32_1.0.100.202602081740/tools/bin/../lib/gcc/arm-none-eabi/14.3.1/../../../../arm-none-eabi/lib/thumb/v8-m.main+fp/hard\libm.a
END GROUP
START GROUP
LOAD C:/ST/STM32CubeIDE_1.18.1/STM32CubeIDE/plugins/com.st.stm32cube.ide.mcu.externaltools.gnu-tools-for-stm32.14.3.rel1.win32_1.0.100.202602081740/tools/bin/../lib/gcc/arm-none-eabi/14.3.1/thumb/v8-m.main+fp/hard\libgcc.a
LOAD C:/ST/STM32CubeIDE_1.18.1/STM32CubeIDE/plugins/com.st.stm32cube.ide.mcu.externaltools.gnu-tools-for-stm32.14.3.rel1.win32_1.0.100.202602081740/tools/bin/../lib/gcc/arm-none-eabi/14.3.1/../../../../arm-none-eabi/lib/thumb/v8-m.main+fp/hard\libc_nano.a
END GROUP
START GROUP
LOAD C:/ST/STM32CubeIDE_1.18.1/STM32CubeIDE/plugins/com.st.stm32cube.ide.mcu.externaltools.gnu-tools-for-stm32.14.3.rel1.win32_1.0.100.202602081740/tools/bin/../lib/gcc/arm-none-eabi/14.3.1/thumb/v8-m.main+fp/hard\libgcc.a
LOAD C:/ST/STM32CubeIDE_1.18.1/STM32CubeIDE/plugins/com.st.stm32cube.ide.mcu.externaltools.gnu-tools-for-stm32.14.3.rel1.win32_1.0.100.202602081740/tools/bin/../lib/gcc/arm-none-eabi/14.3.1/../../../../arm-none-eabi/lib/thumb/v8-m.main+fp/hard\libc_nano.a
LOAD C:/ST/STM32CubeIDE_1.18.1/STM32CubeIDE/plugins/com.st.stm32cube.ide.mcu.externaltools.gnu-tools-for-stm32.14.3.rel1.win32_1.0.100.202602081740/tools/bin/../lib/gcc/arm-none-eabi/14.3.1/../../../../arm-none-eabi/lib/thumb/v8-m.main+fp/hard\libnosys.a
END GROUP
START GROUP
LOAD C:/ST/STM32CubeIDE_1.18.1/STM32CubeIDE/plugins/com.st.stm32cube.ide.mcu.externaltools.gnu-tools-for-stm32.14.3.rel1.win32_1.0.100.202602081740/tools/bin/../lib/gcc/arm-none-eabi/14.3.1/thumb/v8-m.main+fp/hard\libgcc.a
LOAD C:/ST/STM32CubeIDE_1.18.1/STM32CubeIDE/plugins/com.st.stm32cube.ide.mcu.externaltools.gnu-tools-for-stm32.14.3.rel1.win32_1.0.100.202602081740/tools/bin/../lib/gcc/arm-none-eabi/14.3.1/../../../../arm-none-eabi/lib/thumb/v8-m.main+fp/hard\libc_nano.a
LOAD C:/ST/STM32CubeIDE_1.18.1/STM32CubeIDE/plugins/com.st.stm32cube.ide.mcu.externaltools.gnu-tools-for-stm32.14.3.rel1.win32_1.0.100.202602081740/tools/bin/../lib/gcc/arm-none-eabi/14.3.1/../../../../arm-none-eabi/lib/thumb/v8-m.main+fp/hard\libnosys.a
END GROUP
LOAD C:/ST/STM32CubeIDE_1.18.1/STM32CubeIDE/plugins/com.st.stm32cube.ide.mcu.externaltools.gnu-tools-for-stm32.14.3.rel1.win32_1.0.100.202602081740/tools/bin/../lib/gcc/arm-none-eabi/14.3.1/thumb/v8-m.main+fp/hard/crtend.o
LOAD C:/ST/STM32CubeIDE_1.18.1/STM32CubeIDE/plugins/com.st.stm32cube.ide.mcu.externaltools.gnu-tools-for-stm32.14.3.rel1.win32_1.0.100.202602081740/tools/bin/../lib/gcc/arm-none-eabi/14.3.1/thumb/v8-m.main+fp/hard/crtn.o
                0x20270000                        _estack = (ORIGIN (RAM) + LENGTH (RAM))
                0x2026fc00                        _sstack = (_estack - _Min_Stack_Size)
                0x00000200                        _Min_Heap_Size = 0x200
                0x00000400                        _Min_Stack_Size = 0x400

.isr_vector     0x08000000      0x26c
 *(.isr_vector)
 .isr_vector    0x08000000      0x26c ./Startup/startup_stm32u599nihxq.o
                0x08000000                g_pfnVectors

.text           0x0800026c     0xf24c
 *(.text)
 .text          0x0800026c       0x40 C:/ST/STM32CubeIDE_1.18.1/STM32CubeIDE/plugins/com.st.stm32cube.ide.mcu.externaltools.gnu-tools-for-stm32.14.3.rel1.win32_1.0.100.202602081740/tools/bin/../lib/gcc/arm-none-eabi/14.3.1/thumb/v8-m.main+fp/hard/crtbegin.o
 *(.text*)
 .text.Boot_DisableAllInterrupts
                0x080002ac       0x48 ./Boot/Src/boot_jump.o
 .text.Boot_IsApplicationValid
                0x080002f4       0xbc ./Boot/Src/boot_jump.o
                0x080002f4                Boot_IsApplicationValid
 .text.Boot_JumpToApplication
                0x080003b0       0xf4 ./Boot/Src/boot_jump.o
                0x080003b0                Boot_JumpToApplication
 .text.HAL_Init
                0x080004a4       0x60 ./Drivers/STM32U5xx_HAL_Driver/Src/stm32u5xx_hal.o
                0x080004a4                HAL_Init
 .text.HAL_MspInit
                0x08000504        0xe ./Drivers/STM32U5xx_HAL_Driver/Src/stm32u5xx_hal.o
                0x08000504                HAL_MspInit
 *fill*         0x08000512        0x2 
 .text.HAL_InitTick
                0x08000514       0xec ./Drivers/STM32U5xx_HAL_Driver/Src/stm32u5xx_hal.o
                0x08000514                HAL_InitTick
 .text.HAL_IncTick
                0x08000600       0x28 ./Drivers/STM32U5xx_HAL_Driver/Src/stm32u5xx_hal.o
                0x08000600                HAL_IncTick
 .text.HAL_GetTick
                0x08000628       0x18 ./Drivers/STM32U5xx_HAL_Driver/Src/stm32u5xx_hal.o
                0x08000628                HAL_GetTick
 .text.HAL_Delay
                0x08000640       0x48 ./Drivers/STM32U5xx_HAL_Driver/Src/stm32u5xx_hal.o
                0x08000640                HAL_Delay
 .text.HAL_SYSCFG_EnableOTGPHY
                0x08000688       0x28 ./Drivers/STM32U5xx_HAL_Driver/Src/stm32u5xx_hal.o
                0x08000688                HAL_SYSCFG_EnableOTGPHY
 .text.HAL_SYSCFG_SetOTGPHYReferenceClockSelection
                0x080006b0       0x28 ./Drivers/STM32U5xx_HAL_Driver/Src/stm32u5xx_hal.o
                0x080006b0                HAL_SYSCFG_SetOTGPHYReferenceClockSelection
 .text.__NVIC_SetPriorityGrouping
                0x080006d8       0x48 ./Drivers/STM32U5xx_HAL_Driver/Src/stm32u5xx_hal_cortex.o
 .text.__NVIC_GetPriorityGrouping
                0x08000720       0x1c ./Drivers/STM32U5xx_HAL_Driver/Src/stm32u5xx_hal_cortex.o
 .text.__NVIC_EnableIRQ
                0x0800073c       0x3c ./Drivers/STM32U5xx_HAL_Driver/Src/stm32u5xx_hal_cortex.o
 .text.__NVIC_SetPriority
                0x08000778       0x54 ./Drivers/STM32U5xx_HAL_Driver/Src/stm32u5xx_hal_cortex.o
 .text.NVIC_EncodePriority
                0x080007cc       0x66 ./Drivers/STM32U5xx_HAL_Driver/Src/stm32u5xx_hal_cortex.o
 .text.HAL_NVIC_SetPriorityGrouping
                0x08000832       0x16 ./Drivers/STM32U5xx_HAL_Driver/Src/stm32u5xx_hal_cortex.o
                0x08000832                HAL_NVIC_SetPriorityGrouping
 .text.HAL_NVIC_SetPriority
                0x08000848       0x34 ./Drivers/STM32U5xx_HAL_Driver/Src/stm32u5xx_hal_cortex.o
                0x08000848                HAL_NVIC_SetPriority
 .text.HAL_NVIC_EnableIRQ
                0x0800087c       0x1c ./Drivers/STM32U5xx_HAL_Driver/Src/stm32u5xx_hal_cortex.o
                0x0800087c                HAL_NVIC_EnableIRQ
 .text.HAL_SYSTICK_Config
                0x08000898       0x44 ./Drivers/STM32U5xx_HAL_Driver/Src/stm32u5xx_hal_cortex.o
                0x08000898                HAL_SYSTICK_Config
 .text.HAL_SYSTICK_CLKSourceConfig
                0x080008dc       0xb0 ./Drivers/STM32U5xx_HAL_Driver/Src/stm32u5xx_hal_cortex.o
                0x080008dc                HAL_SYSTICK_CLKSourceConfig
 .text.HAL_SYSTICK_GetCLKSourceConfig
                0x0800098c       0x74 ./Drivers/STM32U5xx_HAL_Driver/Src/stm32u5xx_hal_cortex.o
                0x0800098c                HAL_SYSTICK_GetCLKSourceConfig
 .text.HAL_GPIO_Init
                0x08000a00      0x3c0 ./Drivers/STM32U5xx_HAL_Driver/Src/stm32u5xx_hal_gpio.o
                0x08000a00                HAL_GPIO_Init
 .text.HAL_GPIO_WritePin
                0x08000dc0       0x30 ./Drivers/STM32U5xx_HAL_Driver/Src/stm32u5xx_hal_gpio.o
                0x08000dc0                HAL_GPIO_WritePin
 .text.HAL_GPIO_TogglePin
                0x08000df0       0x34 ./Drivers/STM32U5xx_HAL_Driver/Src/stm32u5xx_hal_gpio.o
                0x08000df0                HAL_GPIO_TogglePin
 .text.HAL_HCD_Init
                0x08000e24       0xba ./Drivers/STM32U5xx_HAL_Driver/Src/stm32u5xx_hal_hcd.o
                0x08000e24                HAL_HCD_Init
 .text.HAL_HCD_HC_Init
                0x08000ede      0x13a ./Drivers/STM32U5xx_HAL_Driver/Src/stm32u5xx_hal_hcd.o
                0x08000ede                HAL_HCD_HC_Init
 .text.HAL_HCD_HC_Halt
                0x08001018       0x46 ./Drivers/STM32U5xx_HAL_Driver/Src/stm32u5xx_hal_hcd.o
                0x08001018                HAL_HCD_HC_Halt
 *fill*         0x0800105e        0x2 
 .text.HAL_HCD_HC_SubmitRequest
                0x08001060      0x278 ./Drivers/STM32U5xx_HAL_Driver/Src/stm32u5xx_hal_hcd.o
                0x08001060                HAL_HCD_HC_SubmitRequest
 .text.HAL_HCD_IRQHandler
                0x080012d8      0x220 ./Drivers/STM32U5xx_HAL_Driver/Src/stm32u5xx_hal_hcd.o
                0x080012d8                HAL_HCD_IRQHandler
 .text.HAL_HCD_Start
                0x080014f8       0x46 ./Drivers/STM32U5xx_HAL_Driver/Src/stm32u5xx_hal_hcd.o
                0x080014f8                HAL_HCD_Start
 .text.HAL_HCD_Stop
                0x0800153e       0x3a ./Drivers/STM32U5xx_HAL_Driver/Src/stm32u5xx_hal_hcd.o
                0x0800153e                HAL_HCD_Stop
 .text.HAL_HCD_ResetPort
                0x08001578       0x1c ./Drivers/STM32U5xx_HAL_Driver/Src/stm32u5xx_hal_hcd.o
                0x08001578                HAL_HCD_ResetPort
 .text.HAL_HCD_HC_GetURBState
                0x08001594       0x24 ./Drivers/STM32U5xx_HAL_Driver/Src/stm32u5xx_hal_hcd.o
                0x08001594                HAL_HCD_HC_GetURBState
 .text.HAL_HCD_HC_GetXferCount
                0x080015b8       0x24 ./Drivers/STM32U5xx_HAL_Driver/Src/stm32u5xx_hal_hcd.o
                0x080015b8                HAL_HCD_HC_GetXferCount
 .text.HAL_HCD_GetCurrentFrame
                0x080015dc       0x1c ./Drivers/STM32U5xx_HAL_Driver/Src/stm32u5xx_hal_hcd.o
                0x080015dc                HAL_HCD_GetCurrentFrame
 .text.HAL_HCD_GetCurrentSpeed
                0x080015f8       0x1c ./Drivers/STM32U5xx_HAL_Driver/Src/stm32u5xx_hal_hcd.o
                0x080015f8                HAL_HCD_GetCurrentSpeed
 .text.HAL_HCD_HC_ClearHubInfo
                0x08001614       0x52 ./Drivers/STM32U5xx_HAL_Driver/Src/stm32u5xx_hal_hcd.o
                0x08001614                HAL_HCD_HC_ClearHubInfo
 .text.HAL_HCD_HC_Activate
                0x08001666       0x50 ./Drivers/STM32U5xx_HAL_Driver/Src/stm32u5xx_hal_hcd.o
                0x08001666                HAL_HCD_HC_Activate
 .text.HCD_HC_IN_IRQHandler
                0x080016b6      0xb3a ./Drivers/STM32U5xx_HAL_Driver/Src/stm32u5xx_hal_hcd.o
 .text.HCD_HC_OUT_IRQHandler
                0x080021f0      0x7c0 ./Drivers/STM32U5xx_HAL_Driver/Src/stm32u5xx_hal_hcd.o
 .text.HCD_RXQLVL_IRQHandler
                0x080029b0      0x174 ./Drivers/STM32U5xx_HAL_Driver/Src/stm32u5xx_hal_hcd.o
 .text.HCD_Port_IRQHandler
                0x08002b24       0xe6 ./Drivers/STM32U5xx_HAL_Driver/Src/stm32u5xx_hal_hcd.o
 *fill*         0x08002c0a        0x2 
 .text.HAL_PWREx_ControlVoltageScaling
                0x08002c0c       0xfc ./Drivers/STM32U5xx_HAL_Driver/Src/stm32u5xx_hal_pwr_ex.o
                0x08002c0c                HAL_PWREx_ControlVoltageScaling
 .text.HAL_PWREx_GetVoltageRange
                0x08002d08       0x1c ./Drivers/STM32U5xx_HAL_Driver/Src/stm32u5xx_hal_pwr_ex.o
                0x08002d08                HAL_PWREx_GetVoltageRange
 .text.HAL_PWREx_ConfigSupply
                0x08002d24       0xa0 ./Drivers/STM32U5xx_HAL_Driver/Src/stm32u5xx_hal_pwr_ex.o
                0x08002d24                HAL_PWREx_ConfigSupply
 .text.HAL_PWREx_EnableVddUSB
                0x08002dc4       0x20 ./Drivers/STM32U5xx_HAL_Driver/Src/stm32u5xx_hal_pwr_ex.o
                0x08002dc4                HAL_PWREx_EnableVddUSB
 .text.HAL_PWREx_EnableUSBHSTranceiverSupply
                0x08002de4       0x3c ./Drivers/STM32U5xx_HAL_Driver/Src/stm32u5xx_hal_pwr_ex.o
                0x08002de4                HAL_PWREx_EnableUSBHSTranceiverSupply
 .text.HAL_RCC_OscConfig
                0x08002e20      0xdb0 ./Drivers/STM32U5xx_HAL_Driver/Src/stm32u5xx_hal_rcc.o
                0x08002e20                HAL_RCC_OscConfig
 .text.HAL_RCC_ClockConfig
                0x08003bd0      0x3e4 ./Drivers/STM32U5xx_HAL_Driver/Src/stm32u5xx_hal_rcc.o
                0x08003bd0                HAL_RCC_ClockConfig
 .text.HAL_RCC_GetSysClockFreq
                0x08003fb4      0x20c ./Drivers/STM32U5xx_HAL_Driver/Src/stm32u5xx_hal_rcc.o
                0x08003fb4                HAL_RCC_GetSysClockFreq
 .text.HAL_RCC_GetHCLKFreq
                0x080041c0       0x34 ./Drivers/STM32U5xx_HAL_Driver/Src/stm32u5xx_hal_rcc.o
                0x080041c0                HAL_RCC_GetHCLKFreq
 .text.RCC_SetFlashLatencyFromMSIRange
                0x080041f4      0x10c ./Drivers/STM32U5xx_HAL_Driver/Src/stm32u5xx_hal_rcc.o
 .text.HAL_RCCEx_PeriphCLKConfig
                0x08004300      0xe34 ./Drivers/STM32U5xx_HAL_Driver/Src/stm32u5xx_hal_rcc_ex.o
                0x08004300                HAL_RCCEx_PeriphCLKConfig
 .text.RCCEx_PLL2_Config
                0x08005134      0x130 ./Drivers/STM32U5xx_HAL_Driver/Src/stm32u5xx_hal_rcc_ex.o
 .text.RCCEx_PLL3_Config
                0x08005264      0x130 ./Drivers/STM32U5xx_HAL_Driver/Src/stm32u5xx_hal_rcc_ex.o
 .text.USB_CoreInit
                0x08005394       0x6a ./Drivers/STM32U5xx_HAL_Driver/Src/stm32u5xx_ll_usb.o
                0x08005394                USB_CoreInit
 .text.USB_EnableGlobalInt
                0x080053fe       0x22 ./Drivers/STM32U5xx_HAL_Driver/Src/stm32u5xx_ll_usb.o
                0x080053fe                USB_EnableGlobalInt
 .text.USB_DisableGlobalInt
                0x08005420       0x22 ./Drivers/STM32U5xx_HAL_Driver/Src/stm32u5xx_ll_usb.o
                0x08005420                USB_DisableGlobalInt
 .text.USB_SetCurrentMode
                0x08005442       0x98 ./Drivers/STM32U5xx_HAL_Driver/Src/stm32u5xx_ll_usb.o
                0x08005442                USB_SetCurrentMode
 .text.USB_FlushTxFifo
                0x080054da       0x64 ./Drivers/STM32U5xx_HAL_Driver/Src/stm32u5xx_ll_usb.o
                0x080054da                USB_FlushTxFifo
 .text.USB_FlushRxFifo
                0x0800553e       0x5c ./Drivers/STM32U5xx_HAL_Driver/Src/stm32u5xx_ll_usb.o
                0x0800553e                USB_FlushRxFifo
 .text.USB_WritePacket
                0x0800559a       0x7c ./Drivers/STM32U5xx_HAL_Driver/Src/stm32u5xx_ll_usb.o
                0x0800559a                USB_WritePacket
 .text.USB_ReadPacket
                0x08005616       0xb0 ./Drivers/STM32U5xx_HAL_Driver/Src/stm32u5xx_ll_usb.o
                0x08005616                USB_ReadPacket
 .text.USB_ReadInterrupts
                0x080056c6       0x26 ./Drivers/STM32U5xx_HAL_Driver/Src/stm32u5xx_ll_usb.o
                0x080056c6                USB_ReadInterrupts
 .text.USB_ReadChInterrupts
                0x080056ec       0x42 ./Drivers/STM32U5xx_HAL_Driver/Src/stm32u5xx_ll_usb.o
                0x080056ec                USB_ReadChInterrupts
 .text.USB_GetMode
                0x0800572e       0x1c ./Drivers/STM32U5xx_HAL_Driver/Src/stm32u5xx_ll_usb.o
                0x0800572e                USB_GetMode
 .text.USB_CoreReset
                0x0800574a       0x70 ./Drivers/STM32U5xx_HAL_Driver/Src/stm32u5xx_ll_usb.o
 *fill*         0x080057ba        0x2 
 .text.USB_HostInit
                0x080057bc      0x1a0 ./Drivers/STM32U5xx_HAL_Driver/Src/stm32u5xx_ll_usb.o
                0x080057bc                USB_HostInit
 .text.USB_InitFSLSPClkSel
                0x0800595c       0x7a ./Drivers/STM32U5xx_HAL_Driver/Src/stm32u5xx_ll_usb.o
                0x0800595c                USB_InitFSLSPClkSel
 .text.USB_ResetPort
                0x080059d6       0x54 ./Drivers/STM32U5xx_HAL_Driver/Src/stm32u5xx_ll_usb.o
                0x080059d6                USB_ResetPort
 .text.USB_DriveVbus
                0x08005a2a       0x72 ./Drivers/STM32U5xx_HAL_Driver/Src/stm32u5xx_ll_usb.o
                0x08005a2a                USB_DriveVbus
 .text.USB_GetHostSpeed
                0x08005a9c       0x2e ./Drivers/STM32U5xx_HAL_Driver/Src/stm32u5xx_ll_usb.o
                0x08005a9c                USB_GetHostSpeed
 .text.USB_GetCurrentFrame
                0x08005aca       0x22 ./Drivers/STM32U5xx_HAL_Driver/Src/stm32u5xx_ll_usb.o
                0x08005aca                USB_GetCurrentFrame
 .text.USB_HC_Init
                0x08005aec      0x258 ./Drivers/STM32U5xx_HAL_Driver/Src/stm32u5xx_ll_usb.o
                0x08005aec                USB_HC_Init
 .text.USB_HC_StartXfer
                0x08005d44      0x4f4 ./Drivers/STM32U5xx_HAL_Driver/Src/stm32u5xx_ll_usb.o
                0x08005d44                USB_HC_StartXfer
 .text.USB_HC_ReadInterrupt
                0x08006238       0x22 ./Drivers/STM32U5xx_HAL_Driver/Src/stm32u5xx_ll_usb.o
                0x08006238                USB_HC_ReadInterrupt
 .text.USB_HC_Halt
                0x0800625a      0x240 ./Drivers/STM32U5xx_HAL_Driver/Src/stm32u5xx_ll_usb.o
                0x0800625a                USB_HC_Halt
 .text.USB_HC_Activate
                0x0800649a       0x56 ./Drivers/STM32U5xx_HAL_Driver/Src/stm32u5xx_ll_usb.o
                0x0800649a                USB_HC_Activate
 .text.USB_DoPing
                0x080064f0       0x78 ./Drivers/STM32U5xx_HAL_Driver/Src/stm32u5xx_ll_usb.o
                0x080064f0                USB_DoPing
 .text.USB_StopHost
                0x08006568      0x124 ./Drivers/STM32U5xx_HAL_Driver/Src/stm32u5xx_ll_usb.o
                0x08006568                USB_StopHost
 .text.disk_status
                0x0800668c       0x34 ./Drivers/Vendor/FatFs/source/diskio.o
                0x0800668c                disk_status
 .text.disk_initialize
                0x080066c0       0x50 ./Drivers/Vendor/FatFs/source/diskio.o
                0x080066c0                disk_initialize
 .text.disk_read
                0x08006710       0x40 ./Drivers/Vendor/FatFs/source/diskio.o
                0x08006710                disk_read
 .text.disk_write
                0x08006750       0x40 ./Drivers/Vendor/FatFs/source/diskio.o
                0x08006750                disk_write
 .text.disk_ioctl
                0x08006790       0x3c ./Drivers/Vendor/FatFs/source/diskio.o
                0x08006790                disk_ioctl
 .text.get_fattime
                0x080067cc       0x10 ./Drivers/Vendor/FatFs/source/diskio.o
                0x080067cc                get_fattime
 .text.ld_word  0x080067dc       0x32 ./Drivers/Vendor/FatFs/source/ff.o
 .text.ld_dword
                0x0800680e       0x46 ./Drivers/Vendor/FatFs/source/ff.o
 .text.st_word  0x08006854       0x36 ./Drivers/Vendor/FatFs/source/ff.o
 .text.st_dword
                0x0800688a       0x58 ./Drivers/Vendor/FatFs/source/ff.o
 .text.dbc_1st  0x080068e2       0x40 ./Drivers/Vendor/FatFs/source/ff.o
 .text.dbc_2nd  0x08006922       0x54 ./Drivers/Vendor/FatFs/source/ff.o
 *fill*         0x08006976        0x2 
 .text.chk_share
                0x08006978       0xb8 ./Drivers/Vendor/FatFs/source/ff.o
 .text.enq_share
                0x08006a30       0x44 ./Drivers/Vendor/FatFs/source/ff.o
 .text.inc_share
                0x08006a74      0x11c ./Drivers/Vendor/FatFs/source/ff.o
 .text.dec_share
                0x08006b90       0x78 ./Drivers/Vendor/FatFs/source/ff.o
 .text.clear_share
                0x08006c08       0x48 ./Drivers/Vendor/FatFs/source/ff.o
 .text.sync_window
                0x08006c50       0x78 ./Drivers/Vendor/FatFs/source/ff.o
 .text.move_window
                0x08006cc8       0x5a ./Drivers/Vendor/FatFs/source/ff.o
 *fill*         0x08006d22        0x2 
 .text.sync_fs  0x08006d24       0xdc ./Drivers/Vendor/FatFs/source/ff.o
 .text.clst2sect
                0x08006e00       0x3e ./Drivers/Vendor/FatFs/source/ff.o
 .text.get_fat  0x08006e3e      0x14e ./Drivers/Vendor/FatFs/source/ff.o
 .text.put_fat  0x08006f8c      0x1d4 ./Drivers/Vendor/FatFs/source/ff.o
 .text.remove_chain
                0x08007160       0xca ./Drivers/Vendor/FatFs/source/ff.o
 .text.create_chain
                0x0800722a      0x1a2 ./Drivers/Vendor/FatFs/source/ff.o
 .text.clmt_clust
                0x080073cc       0x68 ./Drivers/Vendor/FatFs/source/ff.o
 .text.dir_clear
                0x08007434       0x90 ./Drivers/Vendor/FatFs/source/ff.o
 .text.dir_sdi  0x080074c4       0xf6 ./Drivers/Vendor/FatFs/source/ff.o
 .text.dir_next
                0x080075ba      0x12c ./Drivers/Vendor/FatFs/source/ff.o
 .text.dir_alloc
                0x080076e6       0x8e ./Drivers/Vendor/FatFs/source/ff.o
 .text.ld_clust
                0x08007774       0x3e ./Drivers/Vendor/FatFs/source/ff.o
 .text.st_clust
                0x080077b2       0x40 ./Drivers/Vendor/FatFs/source/ff.o
 .text.dir_find
                0x080077f2       0xaa ./Drivers/Vendor/FatFs/source/ff.o
 .text.dir_register
                0x0800789c       0x64 ./Drivers/Vendor/FatFs/source/ff.o
 .text.get_fileinfo
                0x08007900       0xd0 ./Drivers/Vendor/FatFs/source/ff.o
 .text.create_name
                0x080079d0      0x190 ./Drivers/Vendor/FatFs/source/ff.o
 .text.follow_path
                0x08007b60       0xde ./Drivers/Vendor/FatFs/source/ff.o
 .text.get_ldnumber
                0x08007c3e       0x8a ./Drivers/Vendor/FatFs/source/ff.o
 .text.check_fs
                0x08007cc8      0x148 ./Drivers/Vendor/FatFs/source/ff.o
 .text.find_volume
                0x08007e10       0xbe ./Drivers/Vendor/FatFs/source/ff.o
 *fill*         0x08007ece        0x2 
 .text.mount_volume
                0x08007ed0      0x3fc ./Drivers/Vendor/FatFs/source/ff.o
 .text.validate
                0x080082cc       0x6a ./Drivers/Vendor/FatFs/source/ff.o
 *fill*         0x08008336        0x2 
 .text.f_mount  0x08008338       0x98 ./Drivers/Vendor/FatFs/source/ff.o
                0x08008338                f_mount
 .text.f_open   0x080083d0      0x386 ./Drivers/Vendor/FatFs/source/ff.o
                0x080083d0                f_open
 .text.f_read   0x08008756      0x27e ./Drivers/Vendor/FatFs/source/ff.o
                0x08008756                f_read
 .text.f_sync   0x080089d4       0xfc ./Drivers/Vendor/FatFs/source/ff.o
                0x080089d4                f_sync
 .text.f_close  0x08008ad0       0x54 ./Drivers/Vendor/FatFs/source/ff.o
                0x08008ad0                f_close
 .text.f_stat   0x08008b24       0x72 ./Drivers/Vendor/FatFs/source/ff.o
                0x08008b24                f_stat
 *fill*         0x08008b96        0x2 
 .text.FATFS_LinkDriverEx
                0x08008b98       0x98 ./Drivers/Vendor/FatFs/source/ff_gen_drv.o
                0x08008b98                FATFS_LinkDriverEx
 .text.FATFS_LinkDriver
                0x08008c30       0x1e ./Drivers/Vendor/FatFs/source/ff_gen_drv.o
                0x08008c30                FATFS_LinkDriver
 .text.USBH_initialize
                0x08008c4e       0x18 ./Drivers/Vendor/FatFs/source/drivers/USB/usbh_diskio.o
                0x08008c4e                USBH_initialize
 *fill*         0x08008c66        0x2 
 .text.USBH_status
                0x08008c68       0x48 ./Drivers/Vendor/FatFs/source/drivers/USB/usbh_diskio.o
                0x08008c68                USBH_status
 .text.USBH_read
                0x08008cb0      0x100 ./Drivers/Vendor/FatFs/source/drivers/USB/usbh_diskio.o
                0x08008cb0                USBH_read
 .text.USB_FATFS_ResultString
                0x08008db0      0x11c ./FATFS/App/fatfs_usb.o
 .text.USB_FATFS_Crc32Update
                0x08008ecc       0x70 ./FATFS/App/fatfs_usb.o
 .text.MX_FATFS_USB_Init
                0x08008f3c       0x38 ./FATFS/App/fatfs_usb.o
                0x08008f3c                MX_FATFS_USB_Init
 .text.USB_FATFS_Mount
                0x08008f74       0x4c ./FATFS/App/fatfs_usb.o
                0x08008f74                USB_FATFS_Mount
 .text.USB_FATFS_Unmount
                0x08008fc0       0x48 ./FATFS/App/fatfs_usb.o
                0x08008fc0                USB_FATFS_Unmount
 .text.USB_FATFS_GetFileSize
                0x08009008       0x74 ./FATFS/App/fatfs_usb.o
                0x08009008                USB_FATFS_GetFileSize
 .text.USB_FATFS_ReadTextFile
                0x0800907c       0xd8 ./FATFS/App/fatfs_usb.o
                0x0800907c                USB_FATFS_ReadTextFile
 .text.USB_FATFS_ReadFilePreview
                0x08009154       0xb0 ./FATFS/App/fatfs_usb.o
                0x08009154                USB_FATFS_ReadFilePreview
 .text.USB_FATFS_ComputeFileCrc32
                0x08009204      0x108 ./FATFS/App/fatfs_usb.o
                0x08009204                USB_FATFS_ComputeFileCrc32
 .text.USBH_MSC_InterfaceInit
                0x0800930c      0x244 ./Middlewares/ST/STM32_USB_Host_Library/Class/MSC/Src/usbh_msc.o
 .text.USBH_MSC_InterfaceDeInit
                0x08009550       0x8c ./Middlewares/ST/STM32_USB_Host_Library/Class/MSC/Src/usbh_msc.o
 .text.USBH_MSC_ClassRequest
                0x080095dc       0xe4 ./Middlewares/ST/STM32_USB_Host_Library/Class/MSC/Src/usbh_msc.o
 .text.USBH_MSC_Process
                0x080096c0      0x99c ./Middlewares/ST/STM32_USB_Host_Library/Class/MSC/Src/usbh_msc.o
 .text.USBH_MSC_StateName
                0x0800a05c       0x98 ./Middlewares/ST/STM32_USB_Host_Library/Class/MSC/Src/usbh_msc.o
 .text.USBH_MSC_SOFProcess
                0x0800a0f4       0x16 ./Middlewares/ST/STM32_USB_Host_Library/Class/MSC/Src/usbh_msc.o
 *fill*         0x0800a10a        0x2 
 .text.USBH_MSC_RdWrProcess
                0x0800a10c      0x21c ./Middlewares/ST/STM32_USB_Host_Library/Class/MSC/Src/usbh_msc.o
 .text.USBH_MSC_UnitIsReady
                0x0800a328       0x56 ./Middlewares/ST/STM32_USB_Host_Library/Class/MSC/Src/usbh_msc.o
                0x0800a328                USBH_MSC_UnitIsReady
 .text.USBH_MSC_GetLUNInfo
                0x0800a37e       0x52 ./Middlewares/ST/STM32_USB_Host_Library/Class/MSC/Src/usbh_msc.o
                0x0800a37e                USBH_MSC_GetLUNInfo
 .text.USBH_MSC_Read
                0x0800a3d0       0xc0 ./Middlewares/ST/STM32_USB_Host_Library/Class/MSC/Src/usbh_msc.o
                0x0800a3d0                USBH_MSC_Read
 .text.USBH_MSC_BOT_REQ_Reset
                0x0800a490       0x3a ./Middlewares/ST/STM32_USB_Host_Library/Class/MSC/Src/usbh_msc_bot.o
                0x0800a490                USBH_MSC_BOT_REQ_Reset
 .text.USBH_MSC_BOT_REQ_GetMaxLUN
                0x0800a4ca       0x3c ./Middlewares/ST/STM32_USB_Host_Library/Class/MSC/Src/usbh_msc_bot.o
                0x0800a4ca                USBH_MSC_BOT_REQ_GetMaxLUN
 *fill*         0x0800a506        0x2 
 .text.USBH_MSC_BOT_Init
                0x0800a508       0x44 ./Middlewares/ST/STM32_USB_Host_Library/Class/MSC/Src/usbh_msc_bot.o
                0x0800a508                USBH_MSC_BOT_Init
 .text.USBH_MSC_BOT_Process
                0x0800a54c      0x444 ./Middlewares/ST/STM32_USB_Host_Library/Class/MSC/Src/usbh_msc_bot.o
                0x0800a54c                USBH_MSC_BOT_Process
 .text.USBH_MSC_BOT_Abort
                0x0800a990       0x58 ./Middlewares/ST/STM32_USB_Host_Library/Class/MSC/Src/usbh_msc_bot.o
 .text.USBH_MSC_DecodeCSW
                0x0800a9e8       0x88 ./Middlewares/ST/STM32_USB_Host_Library/Class/MSC/Src/usbh_msc_bot.o
 .text.USBH_MSC_SCSI_TestUnitReady
                0x0800aa70       0x86 ./Middlewares/ST/STM32_USB_Host_Library/Class/MSC/Src/usbh_msc_scsi.o
                0x0800aa70                USBH_MSC_SCSI_TestUnitReady
 .text.USBH_MSC_SCSI_ReadCapacity
                0x0800aaf6       0xf4 ./Middlewares/ST/STM32_USB_Host_Library/Class/MSC/Src/usbh_msc_scsi.o
                0x0800aaf6                USBH_MSC_SCSI_ReadCapacity
 .text.USBH_MSC_SCSI_Inquiry
                0x0800abea      0x14a ./Middlewares/ST/STM32_USB_Host_Library/Class/MSC/Src/usbh_msc_scsi.o
                0x0800abea                USBH_MSC_SCSI_Inquiry
 .text.USBH_MSC_SCSI_RequestSense
                0x0800ad34      0x110 ./Middlewares/ST/STM32_USB_Host_Library/Class/MSC/Src/usbh_msc_scsi.o
                0x0800ad34                USBH_MSC_SCSI_RequestSense
 .text.USBH_MSC_SCSI_Write
                0x0800ae44       0xe0 ./Middlewares/ST/STM32_USB_Host_Library/Class/MSC/Src/usbh_msc_scsi.o
                0x0800ae44                USBH_MSC_SCSI_Write
 .text.USBH_MSC_SCSI_Read
                0x0800af24       0xe0 ./Middlewares/ST/STM32_USB_Host_Library/Class/MSC/Src/usbh_msc_scsi.o
                0x0800af24                USBH_MSC_SCSI_Read
 .text.USBH_Init
                0x0800b004       0x74 ./Middlewares/ST/STM32_USB_Host_Library/Core/Src/usbh_core.o
                0x0800b004                USBH_Init
 .text.DeInitStateMachine
                0x0800b078       0xe2 ./Middlewares/ST/STM32_USB_Host_Library/Core/Src/usbh_core.o
 .text.USBH_RegisterClass
                0x0800b15a       0x54 ./Middlewares/ST/STM32_USB_Host_Library/Core/Src/usbh_core.o
                0x0800b15a                USBH_RegisterClass
 *fill*         0x0800b1ae        0x2 
 .text.USBH_SelectInterface
                0x0800b1b0       0xb4 ./Middlewares/ST/STM32_USB_Host_Library/Core/Src/usbh_core.o
                0x0800b1b0                USBH_SelectInterface
 .text.USBH_FindInterface
                0x0800b264       0x8c ./Middlewares/ST/STM32_USB_Host_Library/Core/Src/usbh_core.o
                0x0800b264                USBH_FindInterface
 .text.USBH_Start
                0x0800b2f0       0x20 ./Middlewares/ST/STM32_USB_Host_Library/Core/Src/usbh_core.o
                0x0800b2f0                USBH_Start
 .text.USBH_Stop
                0x0800b310       0x38 ./Middlewares/ST/STM32_USB_Host_Library/Core/Src/usbh_core.o
                0x0800b310                USBH_Stop
 .text.USBH_Process
                0x0800b348      0x4bc ./Middlewares/ST/STM32_USB_Host_Library/Core/Src/usbh_core.o
                0x0800b348                USBH_Process
 .text.USBH_HandleEnum
                0x0800b804      0x4ec ./Middlewares/ST/STM32_USB_Host_Library/Core/Src/usbh_core.o
 .text.USBH_LL_SetTimer
                0x0800bcf0       0x1e ./Middlewares/ST/STM32_USB_Host_Library/Core/Src/usbh_core.o
                0x0800bcf0                USBH_LL_SetTimer
 .text.USBH_LL_IncTimer
                0x0800bd0e       0x24 ./Middlewares/ST/STM32_USB_Host_Library/Core/Src/usbh_core.o
                0x0800bd0e                USBH_LL_IncTimer
 .text.USBH_HandleSof
                0x0800bd32       0x30 ./Middlewares/ST/STM32_USB_Host_Library/Core/Src/usbh_core.o
 .text.USBH_LL_PortEnabled
                0x0800bd62       0x1c ./Middlewares/ST/STM32_USB_Host_Library/Core/Src/usbh_core.o
                0x0800bd62                USBH_LL_PortEnabled
 .text.USBH_LL_PortDisabled
                0x0800bd7e       0x24 ./Middlewares/ST/STM32_USB_Host_Library/Core/Src/usbh_core.o
                0x0800bd7e                USBH_LL_PortDisabled
 .text.USBH_LL_Connect
                0x0800bda2       0x2e ./Middlewares/ST/STM32_USB_Host_Library/Core/Src/usbh_core.o
                0x0800bda2                USBH_LL_Connect
 .text.USBH_LL_Disconnect
                0x0800bdd0       0x48 ./Middlewares/ST/STM32_USB_Host_Library/Core/Src/usbh_core.o
                0x0800bdd0                USBH_LL_Disconnect
 .text.USBH_Get_DevDesc
                0x0800be18       0x58 ./Middlewares/ST/STM32_USB_Host_Library/Core/Src/usbh_ctlreq.o
                0x0800be18                USBH_Get_DevDesc
 .text.USBH_Get_CfgDesc
                0x0800be70       0x54 ./Middlewares/ST/STM32_USB_Host_Library/Core/Src/usbh_ctlreq.o
                0x0800be70                USBH_Get_CfgDesc
 .text.USBH_Get_StringDesc
                0x0800bec4       0x68 ./Middlewares/ST/STM32_USB_Host_Library/Core/Src/usbh_ctlreq.o
                0x0800bec4                USBH_Get_StringDesc
 .text.USBH_GetDescriptor
                0x0800bf2c       0x6a ./Middlewares/ST/STM32_USB_Host_Library/Core/Src/usbh_ctlreq.o
                0x0800bf2c                USBH_GetDescriptor
 .text.USBH_SetAddress
                0x0800bf96       0x48 ./Middlewares/ST/STM32_USB_Host_Library/Core/Src/usbh_ctlreq.o
                0x0800bf96                USBH_SetAddress
 .text.USBH_SetCfg
                0x0800bfde       0x46 ./Middlewares/ST/STM32_USB_Host_Library/Core/Src/usbh_ctlreq.o
                0x0800bfde                USBH_SetCfg
 .text.USBH_SetFeature
                0x0800c024       0x48 ./Middlewares/ST/STM32_USB_Host_Library/Core/Src/usbh_ctlreq.o
                0x0800c024                USBH_SetFeature
 .text.USBH_ClrFeature
                0x0800c06c       0x48 ./Middlewares/ST/STM32_USB_Host_Library/Core/Src/usbh_ctlreq.o
                0x0800c06c                USBH_ClrFeature
 .text.USBH_ParseDevDesc
                0x0800c0b4      0x160 ./Middlewares/ST/STM32_USB_Host_Library/Core/Src/usbh_ctlreq.o
 .text.USBH_ParseCfgDesc
                0x0800c214      0x1f8 ./Middlewares/ST/STM32_USB_Host_Library/Core/Src/usbh_ctlreq.o
 .text.USBH_ParseInterfaceDesc
                0x0800c40c       0x5e ./Middlewares/ST/STM32_USB_Host_Library/Core/Src/usbh_ctlreq.o
 .text.USBH_ParseEPDesc
                0x0800c46a      0x1d0 ./Middlewares/ST/STM32_USB_Host_Library/Core/Src/usbh_ctlreq.o
 .text.USBH_ParseStringDesc
                0x0800c63a       0x66 ./Middlewares/ST/STM32_USB_Host_Library/Core/Src/usbh_ctlreq.o
 .text.USBH_GetNextDesc
                0x0800c6a0       0x34 ./Middlewares/ST/STM32_USB_Host_Library/Core/Src/usbh_ctlreq.o
                0x0800c6a0                USBH_GetNextDesc
 .text.USBH_CtlReq
                0x0800c6d4       0x7a ./Middlewares/ST/STM32_USB_Host_Library/Core/Src/usbh_ctlreq.o
                0x0800c6d4                USBH_CtlReq
 *fill*         0x0800c74e        0x2 
 .text.USBH_HandleControl
                0x0800c750      0x380 ./Middlewares/ST/STM32_USB_Host_Library/Core/Src/usbh_ctlreq.o
 .text.USBH_CtlSendSetup
                0x0800cad0       0x34 ./Middlewares/ST/STM32_USB_Host_Library/Core/Src/usbh_ioreq.o
                0x0800cad0                USBH_CtlSendSetup
 .text.USBH_CtlSendData
                0x0800cb04       0x4a ./Middlewares/ST/STM32_USB_Host_Library/Core/Src/usbh_ioreq.o
                0x0800cb04                USBH_CtlSendData
 .text.USBH_CtlReceiveData
                0x0800cb4e       0x3c ./Middlewares/ST/STM32_USB_Host_Library/Core/Src/usbh_ioreq.o
                0x0800cb4e                USBH_CtlReceiveData
 .text.USBH_BulkSendData
                0x0800cb8a       0x4a ./Middlewares/ST/STM32_USB_Host_Library/Core/Src/usbh_ioreq.o
                0x0800cb8a                USBH_BulkSendData
 .text.USBH_BulkReceiveData
                0x0800cbd4       0x3c ./Middlewares/ST/STM32_USB_Host_Library/Core/Src/usbh_ioreq.o
                0x0800cbd4                USBH_BulkReceiveData
 .text.USBH_OpenPipe
                0x0800cc10       0x3e ./Middlewares/ST/STM32_USB_Host_Library/Core/Src/usbh_pipes.o
                0x0800cc10                USBH_OpenPipe
 .text.USBH_ActivatePipe
                0x0800cc4e       0x20 ./Middlewares/ST/STM32_USB_Host_Library/Core/Src/usbh_pipes.o
                0x0800cc4e                USBH_ActivatePipe
 .text.USBH_ClosePipe
                0x0800cc6e       0x20 ./Middlewares/ST/STM32_USB_Host_Library/Core/Src/usbh_pipes.o
                0x0800cc6e                USBH_ClosePipe
 .text.USBH_AllocPipe
                0x0800cc8e       0x42 ./Middlewares/ST/STM32_USB_Host_Library/Core/Src/usbh_pipes.o
                0x0800cc8e                USBH_AllocPipe
 .text.USBH_FreePipe
                0x0800ccd0       0x3c ./Middlewares/ST/STM32_USB_Host_Library/Core/Src/usbh_pipes.o
                0x0800ccd0                USBH_FreePipe
 .text.USBH_GetFreePipe
                0x0800cd0c       0x48 ./Middlewares/ST/STM32_USB_Host_Library/Core/Src/usbh_pipes.o
 .text.ITM_SendChar
                0x0800cd54       0x4e ./Src/main.o
 .text._write   0x0800cda2       0x38 ./Src/main.o
                0x0800cda2                _write
 *fill*         0x0800cdda        0x2 
 .text.main     0x0800cddc       0x78 ./Src/main.o
                0x0800cddc                main
 .text.Recovery_Loop
                0x0800ce54       0x68 ./Src/main.o
 .text.Boot_WaitUsbAtStart
                0x0800cebc       0x5c ./Src/main.o
 .text.Boot_WaitForValidUpdate
                0x0800cf18       0x6c ./Src/main.o
 .text.Boot_RunStartupPolicy
                0x0800cf84       0x84 ./Src/main.o
 .text.SystemPower_Config
                0x0800d008       0x18 ./Src/main.o
 .text.SystemClock_Config
                0x0800d020       0xa6 ./Src/main.o
 *fill*         0x0800d0c6        0x2 
 .text.MX_GPIO_Init
                0x0800d0c8       0xbc ./Src/main.o
 .text.Error_Handler
                0x0800d184        0xc ./Src/main.o
                0x0800d184                Error_Handler
 .text.OTG_HS_IRQHandler
                0x0800d190       0x14 ./Src/stm32u5xx_it.o
                0x0800d190                OTG_HS_IRQHandler
 .text.NMI_Handler
                0x0800d1a4        0x8 ./Src/stm32u5xx_it.o
                0x0800d1a4                NMI_Handler
 .text.HardFault_Handler
                0x0800d1ac        0x8 ./Src/stm32u5xx_it.o
                0x0800d1ac                HardFault_Handler
 .text.MemManage_Handler
                0x0800d1b4        0x8 ./Src/stm32u5xx_it.o
                0x0800d1b4                MemManage_Handler
 .text.BusFault_Handler
                0x0800d1bc        0x8 ./Src/stm32u5xx_it.o
                0x0800d1bc                BusFault_Handler
 .text.UsageFault_Handler
                0x0800d1c4        0x8 ./Src/stm32u5xx_it.o
                0x0800d1c4                UsageFault_Handler
 .text.DebugMon_Handler
                0x0800d1cc        0xe ./Src/stm32u5xx_it.o
                0x0800d1cc                DebugMon_Handler
 .text.SysTick_Handler
                0x0800d1da        0xc ./Src/stm32u5xx_it.o
                0x0800d1da                SysTick_Handler
 .text._read    0x0800d1e6       0x3a ./Src/syscalls.o
                0x0800d1e6                _read
 .text._close   0x0800d220       0x18 ./Src/syscalls.o
                0x0800d220                _close
 .text._fstat   0x0800d238       0x20 ./Src/syscalls.o
                0x0800d238                _fstat
 .text._isatty  0x0800d258       0x16 ./Src/syscalls.o
                0x0800d258                _isatty
 .text._lseek   0x0800d26e       0x1a ./Src/syscalls.o
                0x0800d26e                _lseek
 .text._sbrk    0x0800d288       0x6c ./Src/sysmem.o
                0x0800d288                _sbrk
 .text.SystemInit
                0x0800d2f4       0x70 ./Src/system_stm32u5xx.o
                0x0800d2f4                SystemInit
 .text.Reset_Handler
                0x0800d364       0x5c ./Startup/startup_stm32u599nihxq.o
                0x0800d364                Reset_Handler
 .text.Default_Handler
                0x0800d3c0        0x2 ./Startup/startup_stm32u599nihxq.o
                0x0800d3c0                EXTI2_IRQHandler
                0x0800d3c0                TIM8_TRG_COM_IRQHandler
                0x0800d3c0                TIM8_CC_IRQHandler
                0x0800d3c0                EXTI5_IRQHandler
                0x0800d3c0                FLASH_S_IRQHandler
                0x0800d3c0                EXTI13_IRQHandler
                0x0800d3c0                DCACHE2_IRQHandler
                0x0800d3c0                TIM1_CC_IRQHandler
                0x0800d3c0                TSC_IRQHandler
                0x0800d3c0                TAMP_IRQHandler
                0x0800d3c0                DSIHOST_IRQHandler
                0x0800d3c0                TIM6_IRQHandler
                0x0800d3c0                EXTI12_IRQHandler
                0x0800d3c0                CORDIC_IRQHandler
                0x0800d3c0                PendSV_Handler
                0x0800d3c0                EXTI3_IRQHandler
                0x0800d3c0                ADC12_IRQHandler
                0x0800d3c0                LPTIM4_IRQHandler
                0x0800d3c0                EXTI8_IRQHandler
                0x0800d3c0                LPTIM2_IRQHandler
                0x0800d3c0                GPDMA1_CH5_IRQHandler
                0x0800d3c0                GPDMA1_CH12_IRQHandler
                0x0800d3c0                GFXMMU_IRQHandler
                0x0800d3c0                I2C3_ER_IRQHandler
                0x0800d3c0                I2C5_EV_IRQHandler
                0x0800d3c0                PWR_S3WU_IRQHandler
                0x0800d3c0                GPDMA1_CH15_IRQHandler
                0x0800d3c0                MDF1_FLT2_IRQHandler
                0x0800d3c0                LCD_TFT_IRQHandler
                0x0800d3c0                LPTIM3_IRQHandler
                0x0800d3c0                GPDMA1_CH11_IRQHandler
                0x0800d3c0                EXTI0_IRQHandler
                0x0800d3c0                I2C2_EV_IRQHandler
                0x0800d3c0                FPU_IRQHandler
                0x0800d3c0                MDF1_FLT4_IRQHandler
                0x0800d3c0                FDCAN1_IT1_IRQHandler
                0x0800d3c0                RAMCFG_IRQHandler
                0x0800d3c0                DCACHE1_IRQHandler
                0x0800d3c0                GPDMA1_CH3_IRQHandler
                0x0800d3c0                SPI1_IRQHandler
                0x0800d3c0                OCTOSPI1_IRQHandler
                0x0800d3c0                GPDMA1_CH4_IRQHandler
                0x0800d3c0                GPDMA1_CH14_IRQHandler
                0x0800d3c0                TIM8_UP_IRQHandler
                0x0800d3c0                RCC_S_IRQHandler
                0x0800d3c0                OCTOSPI2_IRQHandler
                0x0800d3c0                SAI2_IRQHandler
                0x0800d3c0                MDF1_FLT1_IRQHandler
                0x0800d3c0                USART6_IRQHandler
                0x0800d3c0                MDF1_FLT5_IRQHandler
                0x0800d3c0                EXTI15_IRQHandler
                0x0800d3c0                TIM17_IRQHandler
                0x0800d3c0                USART3_IRQHandler
                0x0800d3c0                RTC_IRQHandler
                0x0800d3c0                EXTI9_IRQHandler
                0x0800d3c0                HSPI1_IRQHandler
                0x0800d3c0                UART5_IRQHandler
                0x0800d3c0                GPDMA1_CH7_IRQHandler
                0x0800d3c0                LPDMA1_CH1_IRQHandler
                0x0800d3c0                TIM4_IRQHandler
                0x0800d3c0                I2C1_EV_IRQHandler
                0x0800d3c0                TIM16_IRQHandler
                0x0800d3c0                UART4_IRQHandler
                0x0800d3c0                SecureFault_Handler
                0x0800d3c0                GPDMA1_CH6_IRQHandler
                0x0800d3c0                TIM3_IRQHandler
                0x0800d3c0                RCC_IRQHandler
                0x0800d3c0                TIM1_TRG_COM_IRQHandler
                0x0800d3c0                Default_Handler
                0x0800d3c0                GPDMA1_CH1_IRQHandler
                0x0800d3c0                FMAC_IRQHandler
                0x0800d3c0                I2C5_ER_IRQHandler
                0x0800d3c0                GPDMA1_CH0_IRQHandler
                0x0800d3c0                TIM7_IRQHandler
                0x0800d3c0                SDMMC1_IRQHandler
                0x0800d3c0                TIM5_IRQHandler
                0x0800d3c0                UCPD1_IRQHandler
                0x0800d3c0                TIM15_IRQHandler
                0x0800d3c0                I2C3_EV_IRQHandler
                0x0800d3c0                GPDMA1_CH9_IRQHandler
                0x0800d3c0                PVD_PVM_IRQHandler
                0x0800d3c0                GPU2D_IRQSYS_IRQHandler
                0x0800d3c0                SPI2_IRQHandler
                0x0800d3c0                LCD_TFT_ERR_IRQHandler
                0x0800d3c0                LPDMA1_CH3_IRQHandler
                0x0800d3c0                GPDMA1_CH2_IRQHandler
                0x0800d3c0                EXTI14_IRQHandler
                0x0800d3c0                EXTI11_IRQHandler
                0x0800d3c0                SVC_Handler
                0x0800d3c0                CRS_IRQHandler
                0x0800d3c0                LSECSSD_IRQHandler
                0x0800d3c0                EXTI4_IRQHandler
                0x0800d3c0                RTC_S_IRQHandler
                0x0800d3c0                RNG_IRQHandler
                0x0800d3c0                GPDMA1_CH8_IRQHandler
                0x0800d3c0                GPDMA1_CH13_IRQHandler
                0x0800d3c0                COMP_IRQHandler
                0x0800d3c0                TIM1_UP_IRQHandler
                0x0800d3c0                ADC4_IRQHandler
                0x0800d3c0                WWDG_IRQHandler
                0x0800d3c0                I2C4_EV_IRQHandler
                0x0800d3c0                IWDG_IRQHandler
                0x0800d3c0                I2C6_ER_IRQHandler
                0x0800d3c0                LPUART1_IRQHandler
                0x0800d3c0                MDF1_FLT0_IRQHandler
                0x0800d3c0                FDCAN1_IT0_IRQHandler
                0x0800d3c0                TIM2_IRQHandler
                0x0800d3c0                LPDMA1_CH2_IRQHandler
                0x0800d3c0                GPDMA1_CH10_IRQHandler
                0x0800d3c0                EXTI7_IRQHandler
                0x0800d3c0                DMA2D_IRQHandler
                0x0800d3c0                TIM1_BRK_IRQHandler
                0x0800d3c0                EXTI1_IRQHandler
                0x0800d3c0                SDMMC2_IRQHandler
                0x0800d3c0                DAC1_IRQHandler
                0x0800d3c0                GTZC_IRQHandler
                0x0800d3c0                MDF1_FLT3_IRQHandler
                0x0800d3c0                USART2_IRQHandler
                0x0800d3c0                I2C6_EV_IRQHandler
                0x0800d3c0                ADF1_FLT0_IRQHandler
                0x0800d3c0                I2C2_ER_IRQHandler
                0x0800d3c0                TIM8_BRK_IRQHandler
                0x0800d3c0                FLASH_IRQHandler
                0x0800d3c0                USART1_IRQHandler
                0x0800d3c0                EXTI10_IRQHandler
                0x0800d3c0                SPI3_IRQHandler
                0x0800d3c0                I2C1_ER_IRQHandler
                0x0800d3c0                LPDMA1_CH0_IRQHandler
                0x0800d3c0                FMC_IRQHandler
                0x0800d3c0                GPU2D_IRQ_IRQHandler
                0x0800d3c0                EXTI6_IRQHandler
                0x0800d3c0                LPTIM1_IRQHandler
                0x0800d3c0                DCMI_PSSI_IRQHandler
                0x0800d3c0                I2C4_ER_IRQHandler
                0x0800d3c0                ICACHE_IRQHandler
                0x0800d3c0                SAI1_IRQHandler
                0x0800d3c0                HASH_IRQHandler
 *fill*         0x0800d3c2        0x2 
 .text.__NVIC_SystemReset
                0x0800d3c4       0x2c ./USB_Host/App/usb_host.o
 .text.MX_USB_HOST_Init
                0x0800d3f0       0x90 ./USB_Host/App/usb_host.o
                0x0800d3f0                MX_USB_HOST_Init
 .text.USBH_IsFlashReady
                0x0800d480       0x20 ./USB_Host/App/usb_host.o
                0x0800d480                USBH_IsFlashReady
 .text.USBH_HasValidUpdateImage
                0x0800d4a0       0x18 ./USB_Host/App/usb_host.o
                0x0800d4a0                USBH_HasValidUpdateImage
 .text.USBH_IsUpdateCheckComplete
                0x0800d4b8       0x18 ./USB_Host/App/usb_host.o
                0x0800d4b8                USBH_IsUpdateCheckComplete
 .text.USBH_ClearUpdateDetection
                0x0800d4d0       0x18 ./USB_Host/App/usb_host.o
                0x0800d4d0                USBH_ClearUpdateDetection
 .text.MX_USB_HOST_Process
                0x0800d4e8       0x48 ./USB_Host/App/usb_host.o
                0x0800d4e8                MX_USB_HOST_Process
 .text.USBH_AppTask
                0x0800d530      0x1bc ./USB_Host/App/usb_host.o
                0x0800d530                USBH_AppTask
 .text.USBH_UserProcess
                0x0800d6ec      0x1ac ./USB_Host/App/usb_host.o
 .text.USBH_AppIsTransientFatFsError
                0x0800d898       0x46 ./USB_Host/App/usb_host.o
 *fill*         0x0800d8de        0x2 
 .text.USBH_AppIsLunReady
                0x0800d8e0       0x3c ./USB_Host/App/usb_host.o
 .text.USBH_AppTimeReached
                0x0800d91c       0x24 ./USB_Host/App/usb_host.o
 .text.USBH_AppPowerCycle
                0x0800d940      0x174 ./USB_Host/App/usb_host.o
 .text.USBH_AppValidateUpdateImage
                0x0800dab4       0x5c ./USB_Host/App/usb_host.o
 .text.USBH_AppValidateOneImage
                0x0800db10      0x198 ./USB_Host/App/usb_host.o
 .text.HAL_HCD_MspInit
                0x0800dca8      0x294 ./USB_Host/Target/usbh_conf.o
                0x0800dca8                HAL_HCD_MspInit
 .text.HAL_HCD_SOF_Callback
                0x0800df3c       0x1c ./USB_Host/Target/usbh_conf.o
                0x0800df3c                HAL_HCD_SOF_Callback
 .text.HAL_HCD_Connect_Callback
                0x0800df58       0x1c ./USB_Host/Target/usbh_conf.o
                0x0800df58                HAL_HCD_Connect_Callback
 .text.HAL_HCD_Disconnect_Callback
                0x0800df74       0x1c ./USB_Host/Target/usbh_conf.o
                0x0800df74                HAL_HCD_Disconnect_Callback
 .text.HAL_HCD_HC_NotifyURBChange_Callback
                0x0800df90       0x1c ./USB_Host/Target/usbh_conf.o
                0x0800df90                HAL_HCD_HC_NotifyURBChange_Callback
 .text.HAL_HCD_PortEnabled_Callback
                0x0800dfac       0x1c ./USB_Host/Target/usbh_conf.o
                0x0800dfac                HAL_HCD_PortEnabled_Callback
 .text.HAL_HCD_PortDisabled_Callback
                0x0800dfc8       0x1c ./USB_Host/Target/usbh_conf.o
                0x0800dfc8                HAL_HCD_PortDisabled_Callback
 .text.USBH_LL_Init
                0x0800dfe4       0x78 ./USB_Host/Target/usbh_conf.o
                0x0800dfe4                USBH_LL_Init
 .text.USBH_LL_Start
                0x0800e05c       0x26 ./USB_Host/Target/usbh_conf.o
                0x0800e05c                USBH_LL_Start
 .text.USBH_LL_Stop
                0x0800e082       0x26 ./USB_Host/Target/usbh_conf.o
                0x0800e082                USBH_LL_Stop
 .text.USBH_LL_GetSpeed
                0x0800e0a8       0x3e ./USB_Host/Target/usbh_conf.o
                0x0800e0a8                USBH_LL_GetSpeed
 .text.USBH_LL_ResetPort
                0x0800e0e6       0x26 ./USB_Host/Target/usbh_conf.o
                0x0800e0e6                USBH_LL_ResetPort
 .text.USBH_LL_GetLastXferSize
                0x0800e10c       0x26 ./USB_Host/Target/usbh_conf.o
                0x0800e10c                USBH_LL_GetLastXferSize
 .text.USBH_LL_OpenPipe
                0x0800e132       0x4a ./USB_Host/Target/usbh_conf.o
                0x0800e132                USBH_LL_OpenPipe
 .text.USBH_LL_ActivatePipe
                0x0800e17c       0x2e ./USB_Host/Target/usbh_conf.o
                0x0800e17c                USBH_LL_ActivatePipe
 .text.USBH_LL_ClosePipe
                0x0800e1aa       0x2e ./USB_Host/Target/usbh_conf.o
                0x0800e1aa                USBH_LL_ClosePipe
 .text.USBH_LL_SubmitURB
                0x0800e1d8       0x50 ./USB_Host/Target/usbh_conf.o
                0x0800e1d8                USBH_LL_SubmitURB
 .text.USBH_LL_GetURBState
                0x0800e228       0x26 ./USB_Host/Target/usbh_conf.o
                0x0800e228                USBH_LL_GetURBState
 *fill*         0x0800e24e        0x2 
 .text.USBH_LL_DriverVBUS
                0x0800e250       0x60 ./USB_Host/Target/usbh_conf.o
                0x0800e250                USBH_LL_DriverVBUS
 .text.USBH_LL_SetToggle
                0x0800e2b0       0x54 ./USB_Host/Target/usbh_conf.o
                0x0800e2b0                USBH_LL_SetToggle
 .text.USBH_LL_GetToggle
                0x0800e304       0x4a ./USB_Host/Target/usbh_conf.o
                0x0800e304                USBH_LL_GetToggle
 .text.USBH_Delay
                0x0800e34e       0x16 ./USB_Host/Target/usbh_conf.o
                0x0800e34e                USBH_Delay
 .text.USBH_Get_USB_Status
                0x0800e364       0x2c ./USB_Host/Target/usbh_conf.o
                0x0800e364                USBH_Get_USB_Status
 .text.malloc   0x0800e390       0x10 C:/ST/STM32CubeIDE_1.18.1/STM32CubeIDE/plugins/com.st.stm32cube.ide.mcu.externaltools.gnu-tools-for-stm32.14.3.rel1.win32_1.0.100.202602081740/tools/bin/../lib/gcc/arm-none-eabi/14.3.1/../../../../arm-none-eabi/lib/thumb/v8-m.main+fp/hard\libc_nano.a(libc_a-malloc.o)
                0x0800e390                malloc
 .text.free     0x0800e3a0       0x10 C:/ST/STM32CubeIDE_1.18.1/STM32CubeIDE/plugins/com.st.stm32cube.ide.mcu.externaltools.gnu-tools-for-stm32.14.3.rel1.win32_1.0.100.202602081740/tools/bin/../lib/gcc/arm-none-eabi/14.3.1/../../../../arm-none-eabi/lib/thumb/v8-m.main+fp/hard\libc_nano.a(libc_a-malloc.o)
                0x0800e3a0                free
 .text.sbrk_aligned
                0x0800e3b0       0x44 C:/ST/STM32CubeIDE_1.18.1/STM32CubeIDE/plugins/com.st.stm32cube.ide.mcu.externaltools.gnu-tools-for-stm32.14.3.rel1.win32_1.0.100.202602081740/tools/bin/../lib/gcc/arm-none-eabi/14.3.1/../../../../arm-none-eabi/lib/thumb/v8-m.main+fp/hard\libc_nano.a(libc_a-mallocr.o)
 .text._malloc_r
                0x0800e3f4      0x100 C:/ST/STM32CubeIDE_1.18.1/STM32CubeIDE/plugins/com.st.stm32cube.ide.mcu.externaltools.gnu-tools-for-stm32.14.3.rel1.win32_1.0.100.202602081740/tools/bin/../lib/gcc/arm-none-eabi/14.3.1/../../../../arm-none-eabi/lib/thumb/v8-m.main+fp/hard\libc_nano.a(libc_a-mallocr.o)
                0x0800e3f4                _malloc_r
 .text.__malloc_lock
                0x0800e4f4        0xc C:/ST/STM32CubeIDE_1.18.1/STM32CubeIDE/plugins/com.st.stm32cube.ide.mcu.externaltools.gnu-tools-for-stm32.14.3.rel1.win32_1.0.100.202602081740/tools/bin/../lib/gcc/arm-none-eabi/14.3.1/../../../../arm-none-eabi/lib/thumb/v8-m.main+fp/hard\libc_nano.a(libc_a-mlock.o)
                0x0800e4f4                __malloc_lock
 .text.__malloc_unlock
                0x0800e500        0xc C:/ST/STM32CubeIDE_1.18.1/STM32CubeIDE/plugins/com.st.stm32cube.ide.mcu.externaltools.gnu-tools-for-stm32.14.3.rel1.win32_1.0.100.202602081740/tools/bin/../lib/gcc/arm-none-eabi/14.3.1/../../../../arm-none-eabi/lib/thumb/v8-m.main+fp/hard\libc_nano.a(libc_a-mlock.o)
                0x0800e500                __malloc_unlock
 .text._strtoul_l.isra.0
                0x0800e50c       0xdc C:/ST/STM32CubeIDE_1.18.1/STM32CubeIDE/plugins/com.st.stm32cube.ide.mcu.externaltools.gnu-tools-for-stm32.14.3.rel1.win32_1.0.100.202602081740/tools/bin/../lib/gcc/arm-none-eabi/14.3.1/../../../../arm-none-eabi/lib/thumb/v8-m.main+fp/hard\libc_nano.a(libc_a-strtoul.o)
 .text.strtoul  0x0800e5e8       0x14 C:/ST/STM32CubeIDE_1.18.1/STM32CubeIDE/plugins/com.st.stm32cube.ide.mcu.externaltools.gnu-tools-for-stm32.14.3.rel1.win32_1.0.100.202602081740/tools/bin/../lib/gcc/arm-none-eabi/14.3.1/../../../../arm-none-eabi/lib/thumb/v8-m.main+fp/hard\libc_nano.a(libc_a-strtoul.o)
                0x0800e5e8                strtoul
 .text.std      0x0800e5fc       0x6c C:/ST/STM32CubeIDE_1.18.1/STM32CubeIDE/plugins/com.st.stm32cube.ide.mcu.externaltools.gnu-tools-for-stm32.14.3.rel1.win32_1.0.100.202602081740/tools/bin/../lib/gcc/arm-none-eabi/14.3.1/../../../../arm-none-eabi/lib/thumb/v8-m.main+fp/hard\libc_nano.a(libc_a-findfp.o)
 .text.stdio_exit_handler
                0x0800e668       0x18 C:/ST/STM32CubeIDE_1.18.1/STM32CubeIDE/plugins/com.st.stm32cube.ide.mcu.externaltools.gnu-tools-for-stm32.14.3.rel1.win32_1.0.100.202602081740/tools/bin/../lib/gcc/arm-none-eabi/14.3.1/../../../../arm-none-eabi/lib/thumb/v8-m.main+fp/hard\libc_nano.a(libc_a-findfp.o)
 .text.cleanup_stdio
                0x0800e680       0x40 C:/ST/STM32CubeIDE_1.18.1/STM32CubeIDE/plugins/com.st.stm32cube.ide.mcu.externaltools.gnu-tools-for-stm32.14.3.rel1.win32_1.0.100.202602081740/tools/bin/../lib/gcc/arm-none-eabi/14.3.1/../../../../arm-none-eabi/lib/thumb/v8-m.main+fp/hard\libc_nano.a(libc_a-findfp.o)
 .text.global_stdio_init.part.0
                0x0800e6c0       0x40 C:/ST/STM32CubeIDE_1.18.1/STM32CubeIDE/plugins/com.st.stm32cube.ide.mcu.externaltools.gnu-tools-for-stm32.14.3.rel1.win32_1.0.100.202602081740/tools/bin/../lib/gcc/arm-none-eabi/14.3.1/../../../../arm-none-eabi/lib/thumb/v8-m.main+fp/hard\libc_nano.a(libc_a-findfp.o)
 .text.__sfp_lock_acquire
                0x0800e700        0xc C:/ST/STM32CubeIDE_1.18.1/STM32CubeIDE/plugins/com.st.stm32cube.ide.mcu.externaltools.gnu-tools-for-stm32.14.3.rel1.win32_1.0.100.202602081740/tools/bin/../lib/gcc/arm-none-eabi/14.3.1/../../../../arm-none-eabi/lib/thumb/v8-m.main+fp/hard\libc_nano.a(libc_a-findfp.o)
                0x0800e700                __sfp_lock_acquire
 .text.__sfp_lock_release
                0x0800e70c        0xc C:/ST/STM32CubeIDE_1.18.1/STM32CubeIDE/plugins/com.st.stm32cube.ide.mcu.externaltools.gnu-tools-for-stm32.14.3.rel1.win32_1.0.100.202602081740/tools/bin/../lib/gcc/arm-none-eabi/14.3.1/../../../../arm-none-eabi/lib/thumb/v8-m.main+fp/hard\libc_nano.a(libc_a-findfp.o)
                0x0800e70c                __sfp_lock_release
 .text.__sinit  0x0800e718       0x30 C:/ST/STM32CubeIDE_1.18.1/STM32CubeIDE/plugins/com.st.stm32cube.ide.mcu.externaltools.gnu-tools-for-stm32.14.3.rel1.win32_1.0.100.202602081740/tools/bin/../lib/gcc/arm-none-eabi/14.3.1/../../../../arm-none-eabi/lib/thumb/v8-m.main+fp/hard\libc_nano.a(libc_a-findfp.o)
                0x0800e718                __sinit
 .text._fwalk_sglue
                0x0800e748       0x3c C:/ST/STM32CubeIDE_1.18.1/STM32CubeIDE/plugins/com.st.stm32cube.ide.mcu.externaltools.gnu-tools-for-stm32.14.3.rel1.win32_1.0.100.202602081740/tools/bin/../lib/gcc/arm-none-eabi/14.3.1/../../../../arm-none-eabi/lib/thumb/v8-m.main+fp/hard\libc_nano.a(libc_a-fwalk.o)
                0x0800e748                _fwalk_sglue
 .text.printf   0x0800e784       0x24 C:/ST/STM32CubeIDE_1.18.1/STM32CubeIDE/plugins/com.st.stm32cube.ide.mcu.externaltools.gnu-tools-for-stm32.14.3.rel1.win32_1.0.100.202602081740/tools/bin/../lib/gcc/arm-none-eabi/14.3.1/../../../../arm-none-eabi/lib/thumb/v8-m.main+fp/hard\libc_nano.a(libc_a-printf.o)
                0x0800e784                iprintf
                0x0800e784                printf
 .text.putchar  0x0800e7a8       0x10 C:/ST/STM32CubeIDE_1.18.1/STM32CubeIDE/plugins/com.st.stm32cube.ide.mcu.externaltools.gnu-tools-for-stm32.14.3.rel1.win32_1.0.100.202602081740/tools/bin/../lib/gcc/arm-none-eabi/14.3.1/../../../../arm-none-eabi/lib/thumb/v8-m.main+fp/hard\libc_nano.a(libc_a-putchar.o)
                0x0800e7a8                putchar
 .text._puts_r  0x0800e7b8       0xaa C:/ST/STM32CubeIDE_1.18.1/STM32CubeIDE/plugins/com.st.stm32cube.ide.mcu.externaltools.gnu-tools-for-stm32.14.3.rel1.win32_1.0.100.202602081740/tools/bin/../lib/gcc/arm-none-eabi/14.3.1/../../../../arm-none-eabi/lib/thumb/v8-m.main+fp/hard\libc_nano.a(libc_a-puts.o)
                0x0800e7b8                _puts_r
 *fill*         0x0800e862        0x2 
 .text.puts     0x0800e864       0x10 C:/ST/STM32CubeIDE_1.18.1/STM32CubeIDE/plugins/com.st.stm32cube.ide.mcu.externaltools.gnu-tools-for-stm32.14.3.rel1.win32_1.0.100.202602081740/tools/bin/../lib/gcc/arm-none-eabi/14.3.1/../../../../arm-none-eabi/lib/thumb/v8-m.main+fp/hard\libc_nano.a(libc_a-puts.o)
                0x0800e864                puts
 .text.__sread  0x0800e874       0x22 C:/ST/STM32CubeIDE_1.18.1/STM32CubeIDE/plugins/com.st.stm32cube.ide.mcu.externaltools.gnu-tools-for-stm32.14.3.rel1.win32_1.0.100.202602081740/tools/bin/../lib/gcc/arm-none-eabi/14.3.1/../../../../arm-none-eabi/lib/thumb/v8-m.main+fp/hard\libc_nano.a(libc_a-stdio.o)
                0x0800e874                __sread
 .text.__swrite
                0x0800e896       0x38 C:/ST/STM32CubeIDE_1.18.1/STM32CubeIDE/plugins/com.st.stm32cube.ide.mcu.externaltools.gnu-tools-for-stm32.14.3.rel1.win32_1.0.100.202602081740/tools/bin/../lib/gcc/arm-none-eabi/14.3.1/../../../../arm-none-eabi/lib/thumb/v8-m.main+fp/hard\libc_nano.a(libc_a-stdio.o)
                0x0800e896                __swrite
 .text.__sseek  0x0800e8ce       0x26 C:/ST/STM32CubeIDE_1.18.1/STM32CubeIDE/plugins/com.st.stm32cube.ide.mcu.externaltools.gnu-tools-for-stm32.14.3.rel1.win32_1.0.100.202602081740/tools/bin/../lib/gcc/arm-none-eabi/14.3.1/../../../../arm-none-eabi/lib/thumb/v8-m.main+fp/hard\libc_nano.a(libc_a-stdio.o)
                0x0800e8ce                __sseek
 .text.__sclose
                0x0800e8f4        0x8 C:/ST/STM32CubeIDE_1.18.1/STM32CubeIDE/plugins/com.st.stm32cube.ide.mcu.externaltools.gnu-tools-for-stm32.14.3.rel1.win32_1.0.100.202602081740/tools/bin/../lib/gcc/arm-none-eabi/14.3.1/../../../../arm-none-eabi/lib/thumb/v8-m.main+fp/hard\libc_nano.a(libc_a-stdio.o)
                0x0800e8f4                __sclose
 .text.__swbuf_r
                0x0800e8fc       0x7c C:/ST/STM32CubeIDE_1.18.1/STM32CubeIDE/plugins/com.st.stm32cube.ide.mcu.externaltools.gnu-tools-for-stm32.14.3.rel1.win32_1.0.100.202602081740/tools/bin/../lib/gcc/arm-none-eabi/14.3.1/../../../../arm-none-eabi/lib/thumb/v8-m.main+fp/hard\libc_nano.a(libc_a-wbuf.o)
                0x0800e8fc                __swbuf_r
 .text.__swsetup_r
                0x0800e978       0xa8 C:/ST/STM32CubeIDE_1.18.1/STM32CubeIDE/plugins/com.st.stm32cube.ide.mcu.externaltools.gnu-tools-for-stm32.14.3.rel1.win32_1.0.100.202602081740/tools/bin/../lib/gcc/arm-none-eabi/14.3.1/../../../../arm-none-eabi/lib/thumb/v8-m.main+fp/hard\libc_nano.a(libc_a-wsetup.o)
                0x0800e978                __swsetup_r
 .text.memcmp   0x0800ea20       0x20 C:/ST/STM32CubeIDE_1.18.1/STM32CubeIDE/plugins/com.st.stm32cube.ide.mcu.externaltools.gnu-tools-for-stm32.14.3.rel1.win32_1.0.100.202602081740/tools/bin/../lib/gcc/arm-none-eabi/14.3.1/../../../../arm-none-eabi/lib/thumb/v8-m.main+fp/hard\libc_nano.a(libc_a-memcmp.o)
                0x0800ea20                memcmp
 .text.memset   0x0800ea40       0x10 C:/ST/STM32CubeIDE_1.18.1/STM32CubeIDE/plugins/com.st.stm32cube.ide.mcu.externaltools.gnu-tools-for-stm32.14.3.rel1.win32_1.0.100.202602081740/tools/bin/../lib/gcc/arm-none-eabi/14.3.1/../../../../arm-none-eabi/lib/thumb/v8-m.main+fp/hard\libc_nano.a(libc_a-memset.o)
                0x0800ea40                memset
 .text.strchr   0x0800ea50       0x1a C:/ST/STM32CubeIDE_1.18.1/STM32CubeIDE/plugins/com.st.stm32cube.ide.mcu.externaltools.gnu-tools-for-stm32.14.3.rel1.win32_1.0.100.202602081740/tools/bin/../lib/gcc/arm-none-eabi/14.3.1/../../../../arm-none-eabi/lib/thumb/v8-m.main+fp/hard\libc_nano.a(libc_a-strchr.o)
                0x0800ea50                strchr
 *fill*         0x0800ea6a        0x2 
 .text._close_r
                0x0800ea6c       0x20 C:/ST/STM32CubeIDE_1.18.1/STM32CubeIDE/plugins/com.st.stm32cube.ide.mcu.externaltools.gnu-tools-for-stm32.14.3.rel1.win32_1.0.100.202602081740/tools/bin/../lib/gcc/arm-none-eabi/14.3.1/../../../../arm-none-eabi/lib/thumb/v8-m.main+fp/hard\libc_nano.a(libc_a-closer.o)
                0x0800ea6c                _close_r
 .text._lseek_r
                0x0800ea8c       0x24 C:/ST/STM32CubeIDE_1.18.1/STM32CubeIDE/plugins/com.st.stm32cube.ide.mcu.externaltools.gnu-tools-for-stm32.14.3.rel1.win32_1.0.100.202602081740/tools/bin/../lib/gcc/arm-none-eabi/14.3.1/../../../../arm-none-eabi/lib/thumb/v8-m.main+fp/hard\libc_nano.a(libc_a-lseekr.o)
                0x0800ea8c                _lseek_r
 .text._read_r  0x0800eab0       0x24 C:/ST/STM32CubeIDE_1.18.1/STM32CubeIDE/plugins/com.st.stm32cube.ide.mcu.externaltools.gnu-tools-for-stm32.14.3.rel1.win32_1.0.100.202602081740/tools/bin/../lib/gcc/arm-none-eabi/14.3.1/../../../../arm-none-eabi/lib/thumb/v8-m.main+fp/hard\libc_nano.a(libc_a-readr.o)
                0x0800eab0                _read_r
 .text._sbrk_r  0x0800ead4       0x20 C:/ST/STM32CubeIDE_1.18.1/STM32CubeIDE/plugins/com.st.stm32cube.ide.mcu.externaltools.gnu-tools-for-stm32.14.3.rel1.win32_1.0.100.202602081740/tools/bin/../lib/gcc/arm-none-eabi/14.3.1/../../../../arm-none-eabi/lib/thumb/v8-m.main+fp/hard\libc_nano.a(libc_a-sbrkr.o)
                0x0800ead4                _sbrk_r
 .text._write_r
                0x0800eaf4       0x24 C:/ST/STM32CubeIDE_1.18.1/STM32CubeIDE/plugins/com.st.stm32cube.ide.mcu.externaltools.gnu-tools-for-stm32.14.3.rel1.win32_1.0.100.202602081740/tools/bin/../lib/gcc/arm-none-eabi/14.3.1/../../../../arm-none-eabi/lib/thumb/v8-m.main+fp/hard\libc_nano.a(libc_a-writer.o)
                0x0800eaf4                _write_r
 .text.__errno  0x0800eb18        0xc C:/ST/STM32CubeIDE_1.18.1/STM32CubeIDE/plugins/com.st.stm32cube.ide.mcu.externaltools.gnu-tools-for-stm32.14.3.rel1.win32_1.0.100.202602081740/tools/bin/../lib/gcc/arm-none-eabi/14.3.1/../../../../arm-none-eabi/lib/thumb/v8-m.main+fp/hard\libc_nano.a(libc_a-errno.o)
                0x0800eb18                __errno
 .text.__libc_init_array
                0x0800eb24       0x48 C:/ST/STM32CubeIDE_1.18.1/STM32CubeIDE/plugins/com.st.stm32cube.ide.mcu.externaltools.gnu-tools-for-stm32.14.3.rel1.win32_1.0.100.202602081740/tools/bin/../lib/gcc/arm-none-eabi/14.3.1/../../../../arm-none-eabi/lib/thumb/v8-m.main+fp/hard\libc_nano.a(libc_a-init.o)
                0x0800eb24                __libc_init_array
 .text.__retarget_lock_init_recursive
                0x0800eb6c        0x2 C:/ST/STM32CubeIDE_1.18.1/STM32CubeIDE/plugins/com.st.stm32cube.ide.mcu.externaltools.gnu-tools-for-stm32.14.3.rel1.win32_1.0.100.202602081740/tools/bin/../lib/gcc/arm-none-eabi/14.3.1/../../../../arm-none-eabi/lib/thumb/v8-m.main+fp/hard\libc_nano.a(libc_a-lock.o)
                0x0800eb6c                __retarget_lock_init_recursive
 .text.__retarget_lock_acquire_recursive
                0x0800eb6e        0x2 C:/ST/STM32CubeIDE_1.18.1/STM32CubeIDE/plugins/com.st.stm32cube.ide.mcu.externaltools.gnu-tools-for-stm32.14.3.rel1.win32_1.0.100.202602081740/tools/bin/../lib/gcc/arm-none-eabi/14.3.1/../../../../arm-none-eabi/lib/thumb/v8-m.main+fp/hard\libc_nano.a(libc_a-lock.o)
                0x0800eb6e                __retarget_lock_acquire_recursive
 .text.__retarget_lock_release_recursive
                0x0800eb70        0x2 C:/ST/STM32CubeIDE_1.18.1/STM32CubeIDE/plugins/com.st.stm32cube.ide.mcu.externaltools.gnu-tools-for-stm32.14.3.rel1.win32_1.0.100.202602081740/tools/bin/../lib/gcc/arm-none-eabi/14.3.1/../../../../arm-none-eabi/lib/thumb/v8-m.main+fp/hard\libc_nano.a(libc_a-lock.o)
                0x0800eb70                __retarget_lock_release_recursive
 .text.memcpy   0x0800eb72       0x1a C:/ST/STM32CubeIDE_1.18.1/STM32CubeIDE/plugins/com.st.stm32cube.ide.mcu.externaltools.gnu-tools-for-stm32.14.3.rel1.win32_1.0.100.202602081740/tools/bin/../lib/gcc/arm-none-eabi/14.3.1/../../../../arm-none-eabi/lib/thumb/v8-m.main+fp/hard\libc_nano.a(libc_a-memcpy-stub.o)
                0x0800eb72                memcpy
 .text._free_r  0x0800eb8c       0x94 C:/ST/STM32CubeIDE_1.18.1/STM32CubeIDE/plugins/com.st.stm32cube.ide.mcu.externaltools.gnu-tools-for-stm32.14.3.rel1.win32_1.0.100.202602081740/tools/bin/../lib/gcc/arm-none-eabi/14.3.1/../../../../arm-none-eabi/lib/thumb/v8-m.main+fp/hard\libc_nano.a(libc_a-freer.o)
                0x0800eb8c                _free_r
 .text.__sfputc_r
                0x0800ec20       0x2e C:/ST/STM32CubeIDE_1.18.1/STM32CubeIDE/plugins/com.st.stm32cube.ide.mcu.externaltools.gnu-tools-for-stm32.14.3.rel1.win32_1.0.100.202602081740/tools/bin/../lib/gcc/arm-none-eabi/14.3.1/../../../../arm-none-eabi/lib/thumb/v8-m.main+fp/hard\libc_nano.a(libc_a-nano-vfprintf.o)
 .text.__sfputs_r
                0x0800ec4e       0x24 C:/ST/STM32CubeIDE_1.18.1/STM32CubeIDE/plugins/com.st.stm32cube.ide.mcu.externaltools.gnu-tools-for-stm32.14.3.rel1.win32_1.0.100.202602081740/tools/bin/../lib/gcc/arm-none-eabi/14.3.1/../../../../arm-none-eabi/lib/thumb/v8-m.main+fp/hard\libc_nano.a(libc_a-nano-vfprintf.o)
                0x0800ec4e                __sfputs_r
 *fill*         0x0800ec72        0x2 
 .text._vfprintf_r
                0x0800ec74      0x228 C:/ST/STM32CubeIDE_1.18.1/STM32CubeIDE/plugins/com.st.stm32cube.ide.mcu.externaltools.gnu-tools-for-stm32.14.3.rel1.win32_1.0.100.202602081740/tools/bin/../lib/gcc/arm-none-eabi/14.3.1/../../../../arm-none-eabi/lib/thumb/v8-m.main+fp/hard\libc_nano.a(libc_a-nano-vfprintf.o)
                0x0800ec74                _vfprintf_r
                0x0800ec74                _vfiprintf_r
 .text._printf_common
                0x0800ee9c       0xe4 C:/ST/STM32CubeIDE_1.18.1/STM32CubeIDE/plugins/com.st.stm32cube.ide.mcu.externaltools.gnu-tools-for-stm32.14.3.rel1.win32_1.0.100.202602081740/tools/bin/../lib/gcc/arm-none-eabi/14.3.1/../../../../arm-none-eabi/lib/thumb/v8-m.main+fp/hard\libc_nano.a(libc_a-nano-vfprintf_i.o)
                0x0800ee9c                _printf_common
 .text._printf_i
                0x0800ef80      0x24c C:/ST/STM32CubeIDE_1.18.1/STM32CubeIDE/plugins/com.st.stm32cube.ide.mcu.externaltools.gnu-tools-for-stm32.14.3.rel1.win32_1.0.100.202602081740/tools/bin/../lib/gcc/arm-none-eabi/14.3.1/../../../../arm-none-eabi/lib/thumb/v8-m.main+fp/hard\libc_nano.a(libc_a-nano-vfprintf_i.o)
                0x0800ef80                _printf_i
 .text.__sflush_r
                0x0800f1cc      0x100 C:/ST/STM32CubeIDE_1.18.1/STM32CubeIDE/plugins/com.st.stm32cube.ide.mcu.externaltools.gnu-tools-for-stm32.14.3.rel1.win32_1.0.100.202602081740/tools/bin/../lib/gcc/arm-none-eabi/14.3.1/../../../../arm-none-eabi/lib/thumb/v8-m.main+fp/hard\libc_nano.a(libc_a-fflush.o)
                0x0800f1cc                __sflush_r
 .text._fflush_r
                0x0800f2cc       0x50 C:/ST/STM32CubeIDE_1.18.1/STM32CubeIDE/plugins/com.st.stm32cube.ide.mcu.externaltools.gnu-tools-for-stm32.14.3.rel1.win32_1.0.100.202602081740/tools/bin/../lib/gcc/arm-none-eabi/14.3.1/../../../../arm-none-eabi/lib/thumb/v8-m.main+fp/hard\libc_nano.a(libc_a-fflush.o)
                0x0800f2cc                _fflush_r
 .text.__swhatbuf_r
                0x0800f31c       0x48 C:/ST/STM32CubeIDE_1.18.1/STM32CubeIDE/plugins/com.st.stm32cube.ide.mcu.externaltools.gnu-tools-for-stm32.14.3.rel1.win32_1.0.100.202602081740/tools/bin/../lib/gcc/arm-none-eabi/14.3.1/../../../../arm-none-eabi/lib/thumb/v8-m.main+fp/hard\libc_nano.a(libc_a-makebuf.o)
                0x0800f31c                __swhatbuf_r
 .text.__smakebuf_r
                0x0800f364       0x72 C:/ST/STM32CubeIDE_1.18.1/STM32CubeIDE/plugins/com.st.stm32cube.ide.mcu.externaltools.gnu-tools-for-stm32.14.3.rel1.win32_1.0.100.202602081740/tools/bin/../lib/gcc/arm-none-eabi/14.3.1/../../../../arm-none-eabi/lib/thumb/v8-m.main+fp/hard\libc_nano.a(libc_a-makebuf.o)
                0x0800f364                __smakebuf_r
 .text._putc_r  0x0800f3d6       0x68 C:/ST/STM32CubeIDE_1.18.1/STM32CubeIDE/plugins/com.st.stm32cube.ide.mcu.externaltools.gnu-tools-for-stm32.14.3.rel1.win32_1.0.100.202602081740/tools/bin/../lib/gcc/arm-none-eabi/14.3.1/../../../../arm-none-eabi/lib/thumb/v8-m.main+fp/hard\libc_nano.a(libc_a-putc.o)
                0x0800f3d6                _putc_r
 *fill*         0x0800f43e        0x2 
 .text._fstat_r
                0x0800f440       0x24 C:/ST/STM32CubeIDE_1.18.1/STM32CubeIDE/plugins/com.st.stm32cube.ide.mcu.externaltools.gnu-tools-for-stm32.14.3.rel1.win32_1.0.100.202602081740/tools/bin/../lib/gcc/arm-none-eabi/14.3.1/../../../../arm-none-eabi/lib/thumb/v8-m.main+fp/hard\libc_nano.a(libc_a-fstatr.o)
                0x0800f440                _fstat_r
 .text._isatty_r
                0x0800f464       0x20 C:/ST/STM32CubeIDE_1.18.1/STM32CubeIDE/plugins/com.st.stm32cube.ide.mcu.externaltools.gnu-tools-for-stm32.14.3.rel1.win32_1.0.100.202602081740/tools/bin/../lib/gcc/arm-none-eabi/14.3.1/../../../../arm-none-eabi/lib/thumb/v8-m.main+fp/hard\libc_nano.a(libc_a-isattyr.o)
                0x0800f464                _isatty_r
 .text.memchr   0x0800f484       0x1c C:/ST/STM32CubeIDE_1.18.1/STM32CubeIDE/plugins/com.st.stm32cube.ide.mcu.externaltools.gnu-tools-for-stm32.14.3.rel1.win32_1.0.100.202602081740/tools/bin/../lib/gcc/arm-none-eabi/14.3.1/../../../../arm-none-eabi/lib/thumb/v8-m.main+fp/hard\libc_nano.a(libc_a-memchr-stub.o)
                0x0800f484                memchr
 *(.glue_7)
 .glue_7        0x0800f4a0        0x0 linker stubs
 *(.glue_7t)
 .glue_7t       0x0800f4a0        0x0 linker stubs
 *(.eh_frame)
 .eh_frame      0x0800f4a0        0x0 C:/ST/STM32CubeIDE_1.18.1/STM32CubeIDE/plugins/com.st.stm32cube.ide.mcu.externaltools.gnu-tools-for-stm32.14.3.rel1.win32_1.0.100.202602081740/tools/bin/../lib/gcc/arm-none-eabi/14.3.1/thumb/v8-m.main+fp/hard/crtbegin.o
 *(.init)
 .init          0x0800f4a0        0x4 C:/ST/STM32CubeIDE_1.18.1/STM32CubeIDE/plugins/com.st.stm32cube.ide.mcu.externaltools.gnu-tools-for-stm32.14.3.rel1.win32_1.0.100.202602081740/tools/bin/../lib/gcc/arm-none-eabi/14.3.1/thumb/v8-m.main+fp/hard/crti.o
                0x0800f4a0                _init
 .init          0x0800f4a4        0x8 C:/ST/STM32CubeIDE_1.18.1/STM32CubeIDE/plugins/com.st.stm32cube.ide.mcu.externaltools.gnu-tools-for-stm32.14.3.rel1.win32_1.0.100.202602081740/tools/bin/../lib/gcc/arm-none-eabi/14.3.1/thumb/v8-m.main+fp/hard/crtn.o
 *(.fini)
 .fini          0x0800f4ac        0x4 C:/ST/STM32CubeIDE_1.18.1/STM32CubeIDE/plugins/com.st.stm32cube.ide.mcu.externaltools.gnu-tools-for-stm32.14.3.rel1.win32_1.0.100.202602081740/tools/bin/../lib/gcc/arm-none-eabi/14.3.1/thumb/v8-m.main+fp/hard/crti.o
                0x0800f4ac                _fini
 .fini          0x0800f4b0        0x8 C:/ST/STM32CubeIDE_1.18.1/STM32CubeIDE/plugins/com.st.stm32cube.ide.mcu.externaltools.gnu-tools-for-stm32.14.3.rel1.win32_1.0.100.202602081740/tools/bin/../lib/gcc/arm-none-eabi/14.3.1/thumb/v8-m.main+fp/hard/crtn.o
                0x0800f4b8                        _etext = .

.vfp11_veneer   0x0800f4b8        0x0
 .vfp11_veneer  0x0800f4b8        0x0 linker stubs

.v4_bx          0x0800f4b8        0x0
 .v4_bx         0x0800f4b8        0x0 linker stubs

.iplt           0x0800f4b8        0x0
 .iplt          0x0800f4b8        0x0 C:/ST/STM32CubeIDE_1.18.1/STM32CubeIDE/plugins/com.st.stm32cube.ide.mcu.externaltools.gnu-tools-for-stm32.14.3.rel1.win32_1.0.100.202602081740/tools/bin/../lib/gcc/arm-none-eabi/14.3.1/thumb/v8-m.main+fp/hard/crtbegin.o

.rodata         0x0800f4b8     0x1610
 *(.rodata)
 .rodata        0x0800f4b8      0x225 ./Boot/Src/boot_jump.o
 *fill*         0x0800f6dd        0x3 
 .rodata        0x0800f6e0       0x5b ./Drivers/Vendor/FatFs/source/ff.o
 *fill*         0x0800f73b        0x1 
 .rodata        0x0800f73c      0x3ee ./FATFS/App/fatfs_usb.o
 *fill*         0x0800fb2a        0x2 
 .rodata        0x0800fb2c      0x258 ./Middlewares/ST/STM32_USB_Host_Library/Class/MSC/Src/usbh_msc.o
 .rodata        0x0800fd84       0x1e ./Middlewares/ST/STM32_USB_Host_Library/Class/MSC/Src/usbh_msc_scsi.o
 *fill*         0x0800fda2        0x2 
 .rodata        0x0800fda4      0x2c8 ./Middlewares/ST/STM32_USB_Host_Library/Core/Src/usbh_core.o
 .rodata        0x0801006c      0x1ce ./Src/main.o
 *fill*         0x0801023a        0x2 
 .rodata        0x0801023c      0x5d8 ./USB_Host/App/usb_host.o
 .rodata        0x08010814       0x9a ./USB_Host/Target/usbh_conf.o
 *(.rodata*)
 *fill*         0x080108ae        0x2 
 .rodata.LPGPIO_Map
                0x080108b0       0x80 ./Drivers/STM32U5xx_HAL_Driver/Src/stm32u5xx_hal_gpio.o
 .rodata.USBH_Driver
                0x08010930       0x14 ./Drivers/Vendor/FatFs/source/drivers/USB/usbh_diskio.o
                0x08010930                USBH_Driver
 .rodata.AHBPrescTable
                0x08010944       0x10 ./Src/system_stm32u5xx.o
                0x08010944                AHBPrescTable
 .rodata.MSIRangeTable
                0x08010954       0x40 ./Src/system_stm32u5xx.o
                0x08010954                MSIRangeTable
 .rodata._ctype_
                0x08010994      0x101 C:/ST/STM32CubeIDE_1.18.1/STM32CubeIDE/plugins/com.st.stm32cube.ide.mcu.externaltools.gnu-tools-for-stm32.14.3.rel1.win32_1.0.100.202602081740/tools/bin/../lib/gcc/arm-none-eabi/14.3.1/../../../../arm-none-eabi/lib/thumb/v8-m.main+fp/hard\libc_nano.a(libc_a-ctype_.o)
                0x08010994                _ctype_
 .rodata._vfprintf_r.str1.1
                0x08010a95       0x33 C:/ST/STM32CubeIDE_1.18.1/STM32CubeIDE/plugins/com.st.stm32cube.ide.mcu.externaltools.gnu-tools-for-stm32.14.3.rel1.win32_1.0.100.202602081740/tools/bin/../lib/gcc/arm-none-eabi/14.3.1/../../../../arm-none-eabi/lib/thumb/v8-m.main+fp/hard\libc_nano.a(libc_a-nano-vfprintf.o)
                                 0x11 (size before relaxing)
 .rodata._printf_i.str1.1
                0x08010ac8       0x22 C:/ST/STM32CubeIDE_1.18.1/STM32CubeIDE/plugins/com.st.stm32cube.ide.mcu.externaltools.gnu-tools-for-stm32.14.3.rel1.win32_1.0.100.202602081740/tools/bin/../lib/gcc/arm-none-eabi/14.3.1/../../../../arm-none-eabi/lib/thumb/v8-m.main+fp/hard\libc_nano.a(libc_a-nano-vfprintf_i.o)

.ARM.extab
 *(.ARM.extab* .gnu.linkonce.armextab.*)

.ARM            0x08010ac8        0x0
                0x08010ac8                        __exidx_start = .
 *(.ARM.exidx*)
                0x08010ac8                        __exidx_end = .

.preinit_array  0x08010ac8        0x0
                0x08010ac8                        PROVIDE (__preinit_array_start = .)
 *(.preinit_array*)
                0x08010ac8                        PROVIDE (__preinit_array_end = .)

.init_array     0x08010ac8        0x4
                0x08010ac8                        PROVIDE (__init_array_start = .)
 *(SORT_BY_NAME(.init_array.*))
 *(.init_array*)
 .init_array    0x08010ac8        0x4 C:/ST/STM32CubeIDE_1.18.1/STM32CubeIDE/plugins/com.st.stm32cube.ide.mcu.externaltools.gnu-tools-for-stm32.14.3.rel1.win32_1.0.100.202602081740/tools/bin/../lib/gcc/arm-none-eabi/14.3.1/thumb/v8-m.main+fp/hard/crtbegin.o
                0x08010acc                        PROVIDE (__init_array_end = .)

.fini_array     0x08010acc        0x4
                [!provide]                        PROVIDE (__fini_array_start = .)
 *(SORT_BY_NAME(.fini_array.*))
 *(.fini_array*)
 .fini_array    0x08010acc        0x4 C:/ST/STM32CubeIDE_1.18.1/STM32CubeIDE/plugins/com.st.stm32cube.ide.mcu.externaltools.gnu-tools-for-stm32.14.3.rel1.win32_1.0.100.202602081740/tools/bin/../lib/gcc/arm-none-eabi/14.3.1/thumb/v8-m.main+fp/hard/crtbegin.o
                [!provide]                        PROVIDE (__fini_array_end = .)
                0x08010ad0                        _sidata = LOADADDR (.data)

.rel.dyn        0x08010ad0        0x0
 .rel.iplt      0x08010ad0        0x0 C:/ST/STM32CubeIDE_1.18.1/STM32CubeIDE/plugins/com.st.stm32cube.ide.mcu.externaltools.gnu-tools-for-stm32.14.3.rel1.win32_1.0.100.202602081740/tools/bin/../lib/gcc/arm-none-eabi/14.3.1/thumb/v8-m.main+fp/hard/crtbegin.o

.data           0x20000000       0x8c load address 0x08010ad0
                0x20000000                        _sdata = .
 *(.data)
 *(.data*)
 .data.uwTickPrio
                0x20000000        0x4 ./Drivers/STM32U5xx_HAL_Driver/Src/stm32u5xx_hal.o
                0x20000000                uwTickPrio
 .data.uwTickFreq
                0x20000004        0x1 ./Drivers/STM32U5xx_HAL_Driver/Src/stm32u5xx_hal.o
                0x20000004                uwTickFreq
 *fill*         0x20000005        0x3 
 .data.USBH_msc
                0x20000008       0x20 ./Middlewares/ST/STM32_USB_Host_Library/Class/MSC/Src/usbh_msc.o
                0x20000008                USBH_msc
 .data.last_msc_state.2
                0x20000028        0x1 ./Middlewares/ST/STM32_USB_Host_Library/Class/MSC/Src/usbh_msc.o
 .data.last_lun_index.1
                0x20000029        0x1 ./Middlewares/ST/STM32_USB_Host_Library/Class/MSC/Src/usbh_msc.o
 .data.last_lun_state.0
                0x2000002a        0x1 ./Middlewares/ST/STM32_USB_Host_Library/Class/MSC/Src/usbh_msc.o
 *fill*         0x2000002b        0x1 
 .data.SystemCoreClock
                0x2000002c        0x4 ./Src/system_stm32u5xx.o
                0x2000002c                SystemCoreClock
 .data.__sglue  0x20000030        0xc C:/ST/STM32CubeIDE_1.18.1/STM32CubeIDE/plugins/com.st.stm32cube.ide.mcu.externaltools.gnu-tools-for-stm32.14.3.rel1.win32_1.0.100.202602081740/tools/bin/../lib/gcc/arm-none-eabi/14.3.1/../../../../arm-none-eabi/lib/thumb/v8-m.main+fp/hard\libc_nano.a(libc_a-findfp.o)
                0x20000030                __sglue
 .data._impure_ptr
                0x2000003c        0x4 C:/ST/STM32CubeIDE_1.18.1/STM32CubeIDE/plugins/com.st.stm32cube.ide.mcu.externaltools.gnu-tools-for-stm32.14.3.rel1.win32_1.0.100.202602081740/tools/bin/../lib/gcc/arm-none-eabi/14.3.1/../../../../arm-none-eabi/lib/thumb/v8-m.main+fp/hard\libc_nano.a(libc_a-impure.o)
                0x2000003c                _impure_ptr
 .data._impure_data
                0x20000040       0x4c C:/ST/STM32CubeIDE_1.18.1/STM32CubeIDE/plugins/com.st.stm32cube.ide.mcu.externaltools.gnu-tools-for-stm32.14.3.rel1.win32_1.0.100.202602081740/tools/bin/../lib/gcc/arm-none-eabi/14.3.1/../../../../arm-none-eabi/lib/thumb/v8-m.main+fp/hard\libc_nano.a(libc_a-impure.o)
                0x20000040                _impure_data
 *(.RamFunc)
 *(.RamFunc*)
                0x2000008c                        _edata = .

.igot.plt       0x2000008c        0x0 load address 0x08010b5c
 .igot.plt      0x2000008c        0x0 C:/ST/STM32CubeIDE_1.18.1/STM32CubeIDE/plugins/com.st.stm32cube.ide.mcu.externaltools.gnu-tools-for-stm32.14.3.rel1.win32_1.0.100.202602081740/tools/bin/../lib/gcc/arm-none-eabi/14.3.1/thumb/v8-m.main+fp/hard/crtbegin.o

.bss            0x200000a0     0x116a load address 0x08010b5c
                0x200000a0                        _sbss = .
                0x200000a0                        __bss_start__ = _sbss
 *(.bss)
 .bss           0x200000a0       0x1c C:/ST/STM32CubeIDE_1.18.1/STM32CubeIDE/plugins/com.st.stm32cube.ide.mcu.externaltools.gnu-tools-for-stm32.14.3.rel1.win32_1.0.100.202602081740/tools/bin/../lib/gcc/arm-none-eabi/14.3.1/thumb/v8-m.main+fp/hard/crtbegin.o
 *(.bss*)
 .bss.uwTick    0x200000bc        0x4 ./Drivers/STM32U5xx_HAL_Driver/Src/stm32u5xx_hal.o
                0x200000bc                uwTick
 .bss.FatFs     0x200000c0        0x8 ./Drivers/Vendor/FatFs/source/ff.o
 .bss.Fsid      0x200000c8        0x2 ./Drivers/Vendor/FatFs/source/ff.o
 *fill*         0x200000ca        0x2 
 .bss.Files     0x200000cc       0x40 ./Drivers/Vendor/FatFs/source/ff.o
 .bss.disk      0x2000010c       0x10 ./Drivers/Vendor/FatFs/source/ff_gen_drv.o
                0x2000010c                disk
 *fill*         0x2000011c        0x4 
 .bss.usbh_sector_buf
                0x20000120      0x200 ./Drivers/Vendor/FatFs/source/drivers/USB/usbh_diskio.o
 .bss.USBHPath  0x20000320        0x4 ./FATFS/App/fatfs_usb.o
                0x20000320                USBHPath
 .bss.USBHFatFS
                0x20000324      0x230 ./FATFS/App/fatfs_usb.o
                0x20000324                USBHFatFS
 .bss.USBHFile  0x20000554      0x230 ./FATFS/App/fatfs_usb.o
                0x20000554                USBHFile
 *fill*         0x20000784       0x1c 
 .bss.usb_file_buffer
                0x200007a0      0x100 ./FATFS/App/fatfs_usb.o
 .bss.__sbrk_heap_end
                0x200008a0        0x4 ./Src/sysmem.o
 .bss.hUsbHostHS
                0x200008a4      0x3e0 ./USB_Host/App/usb_host.o
                0x200008a4                hUsbHostHS
 .bss.Appli_state
                0x20000c84        0x1 ./USB_Host/App/usb_host.o
                0x20000c84                Appli_state
 .bss.usb_update_check_pending
                0x20000c85        0x1 ./USB_Host/App/usb_host.o
 .bss.usb_update_check_done
                0x20000c86        0x1 ./USB_Host/App/usb_host.o
 *fill*         0x20000c87        0x1 
 .bss.usb_connect_tick
                0x20000c88        0x4 ./USB_Host/App/usb_host.o
 .bss.usb_action_due_tick
                0x20000c8c        0x4 ./USB_Host/App/usb_host.o
 .bss.usb_msc_init_deadline_tick
                0x20000c90        0x4 ./USB_Host/App/usb_host.o
 .bss.usb_reenum_attempted
                0x20000c94        0x1 ./USB_Host/App/usb_host.o
 .bss.usb_media_recovery_attempted
                0x20000c95        0x1 ./USB_Host/App/usb_host.o
 .bss.usb_mount_pending
                0x20000c96        0x1 ./USB_Host/App/usb_host.o
 .bss.usb_mount_retry_count
                0x20000c97        0x1 ./USB_Host/App/usb_host.o
 .bss.usb_read_retry_count
                0x20000c98        0x1 ./USB_Host/App/usb_host.o
 .bss.usb_power_cycle_count
                0x20000c99        0x1 ./USB_Host/App/usb_host.o
 .bss.usb_valid_update_found
                0x20000c9a        0x1 ./USB_Host/App/usb_host.o
 *fill*         0x20000c9b        0x1 
 .bss.usb_last_failure_reason
                0x20000c9c        0x4 ./USB_Host/App/usb_host.o
 .bss.hhcd_USB_OTG_HS
                0x20000ca0      0x420 ./USB_Host/Target/usbh_conf.o
                0x20000ca0                hhcd_USB_OTG_HS
 .bss.__malloc_sbrk_start
                0x200010c0        0x4 C:/ST/STM32CubeIDE_1.18.1/STM32CubeIDE/plugins/com.st.stm32cube.ide.mcu.externaltools.gnu-tools-for-stm32.14.3.rel1.win32_1.0.100.202602081740/tools/bin/../lib/gcc/arm-none-eabi/14.3.1/../../../../arm-none-eabi/lib/thumb/v8-m.main+fp/hard\libc_nano.a(libc_a-mallocr.o)
                0x200010c0                __malloc_sbrk_start
 .bss.__malloc_free_list
                0x200010c4        0x4 C:/ST/STM32CubeIDE_1.18.1/STM32CubeIDE/plugins/com.st.stm32cube.ide.mcu.externaltools.gnu-tools-for-stm32.14.3.rel1.win32_1.0.100.202602081740/tools/bin/../lib/gcc/arm-none-eabi/14.3.1/../../../../arm-none-eabi/lib/thumb/v8-m.main+fp/hard\libc_nano.a(libc_a-mallocr.o)
                0x200010c4                __malloc_free_list
 .bss.__sf      0x200010c8      0x138 C:/ST/STM32CubeIDE_1.18.1/STM32CubeIDE/plugins/com.st.stm32cube.ide.mcu.externaltools.gnu-tools-for-stm32.14.3.rel1.win32_1.0.100.202602081740/tools/bin/../lib/gcc/arm-none-eabi/14.3.1/../../../../arm-none-eabi/lib/thumb/v8-m.main+fp/hard\libc_nano.a(libc_a-findfp.o)
                0x200010c8                __sf
 .bss.__stdio_exit_handler
                0x20001200        0x4 C:/ST/STM32CubeIDE_1.18.1/STM32CubeIDE/plugins/com.st.stm32cube.ide.mcu.externaltools.gnu-tools-for-stm32.14.3.rel1.win32_1.0.100.202602081740/tools/bin/../lib/gcc/arm-none-eabi/14.3.1/../../../../arm-none-eabi/lib/thumb/v8-m.main+fp/hard\libc_nano.a(libc_a-findfp.o)
                0x20001200                __stdio_exit_handler
 .bss.errno     0x20001204        0x4 C:/ST/STM32CubeIDE_1.18.1/STM32CubeIDE/plugins/com.st.stm32cube.ide.mcu.externaltools.gnu-tools-for-stm32.14.3.rel1.win32_1.0.100.202602081740/tools/bin/../lib/gcc/arm-none-eabi/14.3.1/../../../../arm-none-eabi/lib/thumb/v8-m.main+fp/hard\libc_nano.a(libc_a-reent.o)
                0x20001204                errno
 .bss.__lock___malloc_recursive_mutex
                0x20001208        0x1 C:/ST/STM32CubeIDE_1.18.1/STM32CubeIDE/plugins/com.st.stm32cube.ide.mcu.externaltools.gnu-tools-for-stm32.14.3.rel1.win32_1.0.100.202602081740/tools/bin/../lib/gcc/arm-none-eabi/14.3.1/../../../../arm-none-eabi/lib/thumb/v8-m.main+fp/hard\libc_nano.a(libc_a-lock.o)
                0x20001208                __lock___malloc_recursive_mutex
 .bss.__lock___sfp_recursive_mutex
                0x20001209        0x1 C:/ST/STM32CubeIDE_1.18.1/STM32CubeIDE/plugins/com.st.stm32cube.ide.mcu.externaltools.gnu-tools-for-stm32.14.3.rel1.win32_1.0.100.202602081740/tools/bin/../lib/gcc/arm-none-eabi/14.3.1/../../../../arm-none-eabi/lib/thumb/v8-m.main+fp/hard\libc_nano.a(libc_a-lock.o)
                0x20001209                __lock___sfp_recursive_mutex
 *(COMMON)
                0x2000120a                        _ebss = .
                0x2000120a                        __bss_end__ = _ebss

._user_heap_stack
                0x2000120a      0x606 load address 0x08010b5c
                0x20001210                        . = ALIGN (0x8)
 *fill*         0x2000120a        0x6 
                [!provide]                        PROVIDE (end = .)
                0x20001210                        PROVIDE (_end = .)
                0x20001410                        . = (. + _Min_Heap_Size)
 *fill*         0x20001210      0x200 
                0x20001810                        . = (. + _Min_Stack_Size)
 *fill*         0x20001410      0x400 
                0x20001810                        . = ALIGN (0x8)

/DISCARD/
 libc.a(*)
 libm.a(*)
 libgcc.a(*)

.ARM.attributes
                0x00000000       0x36
 *(.ARM.attributes)
 .ARM.attributes
                0x00000000       0x26 C:/ST/STM32CubeIDE_1.18.1/STM32CubeIDE/plugins/com.st.stm32cube.ide.mcu.externaltools.gnu-tools-for-stm32.14.3.rel1.win32_1.0.100.202602081740/tools/bin/../lib/gcc/arm-none-eabi/14.3.1/thumb/v8-m.main+fp/hard/crti.o
 .ARM.attributes
                0x00000026       0x38 C:/ST/STM32CubeIDE_1.18.1/STM32CubeIDE/plugins/com.st.stm32cube.ide.mcu.externaltools.gnu-tools-for-stm32.14.3.rel1.win32_1.0.100.202602081740/tools/bin/../lib/gcc/arm-none-eabi/14.3.1/thumb/v8-m.main+fp/hard/crtbegin.o
 .ARM.attributes
                0x0000005e       0x3a ./Boot/Src/boot_jump.o
 .ARM.attributes
                0x00000098       0x3a ./Drivers/STM32U5xx_HAL_Driver/Src/stm32u5xx_hal.o
 .ARM.attributes
                0x000000d2       0x3a ./Drivers/STM32U5xx_HAL_Driver/Src/stm32u5xx_hal_cortex.o
 .ARM.attributes
                0x0000010c       0x3a ./Drivers/STM32U5xx_HAL_Driver/Src/stm32u5xx_hal_gpio.o
 .ARM.attributes
                0x00000146       0x3a ./Drivers/STM32U5xx_HAL_Driver/Src/stm32u5xx_hal_hcd.o
 .ARM.attributes
                0x00000180       0x3a ./Drivers/STM32U5xx_HAL_Driver/Src/stm32u5xx_hal_pwr_ex.o
 .ARM.attributes
                0x000001ba       0x3a ./Drivers/STM32U5xx_HAL_Driver/Src/stm32u5xx_hal_rcc.o
 .ARM.attributes
                0x000001f4       0x3a ./Drivers/STM32U5xx_HAL_Driver/Src/stm32u5xx_hal_rcc_ex.o
 .ARM.attributes
                0x0000022e       0x3a ./Drivers/STM32U5xx_HAL_Driver/Src/stm32u5xx_ll_usb.o
 .ARM.attributes
                0x00000268       0x3a ./Drivers/Vendor/FatFs/source/diskio.o
 .ARM.attributes
                0x000002a2       0x3a ./Drivers/Vendor/FatFs/source/ff.o
 .ARM.attributes
                0x000002dc       0x3a ./Drivers/Vendor/FatFs/source/ff_gen_drv.o
 .ARM.attributes
                0x00000316       0x3a ./Drivers/Vendor/FatFs/source/drivers/USB/usbh_diskio.o
 .ARM.attributes
                0x00000350       0x3a ./FATFS/App/fatfs_usb.o
 .ARM.attributes
                0x0000038a       0x3a ./Middlewares/ST/STM32_USB_Host_Library/Class/MSC/Src/usbh_msc.o
 .ARM.attributes
                0x000003c4       0x3a ./Middlewares/ST/STM32_USB_Host_Library/Class/MSC/Src/usbh_msc_bot.o
 .ARM.attributes
                0x000003fe       0x3a ./Middlewares/ST/STM32_USB_Host_Library/Class/MSC/Src/usbh_msc_scsi.o
 .ARM.attributes
                0x00000438       0x3a ./Middlewares/ST/STM32_USB_Host_Library/Core/Src/usbh_core.o
 .ARM.attributes