C:/Roberto/O3/O3_Bootloader/Boot/USB/Src/usb_msc_service.c:41:6:UsbMscService_Init	8	static
C:/Roberto/O3/O3_Bootloader/Boot/USB/Src/usb_msc_service.c:56:6:UsbMscService_Process	16	static
C:/Roberto/O3/O3_Bootloader/Boot/USB/Src/usb_msc_service.c:148:6:UsbMscService_SetEnabled	16	static
C:/Roberto/O3/O3_Bootloader/Boot/USB/Src/usb_msc_service.c:169:9:UsbMscService_IsEnabled	4	static
C:/Roberto/O3/O3_Bootloader/Boot/USB/Src/usb_msc_service.c:174:9:UsbMscService_IsDeviceConnected	4	static
C:/Roberto/O3/O3_Bootloader/Boot/USB/Src/usb_msc_service.c:179:9:UsbMscService_IsReady	4	static
C:/Roberto/O3/O3_Bootloader/Boot/USB/Src/usb_msc_service.c:184:15:UsbMscService_GetState	4	static
C:/Roberto/O3/O3_Bootloader/Boot/USB/Src/usb_msc_service.c:189:13:UsbMscService_GetStateName	4	static
C:/Roberto/O3/O3_Bootloader/Boot/USB/Src/usb_msc_service.c:210:10:UsbMscService_GetLastError	4	static
C:/Roberto/O3/O3_Bootloader/Boot/USB/Src/usb_msc_service.c:217:13:UsbMscService_UserProcess	24	static
C:/Roberto/O3/O3_Bootloader/Boot/USB/Src/usb_msc_service.c:291:13:UsbMscService_SetState	16	static
C:/Roberto/O3/O3_Bootloader/Boot/USB/Src/usb_msc_service.c:302:13:UsbMscService_RestartHost	8	static
C:/Roberto/O3/O3_Bootloader/Boot/USB/Src/usb_msc_service.c:319:6:UsbMscService_ForceRestart	8	static
C:/Roberto/O3/O3_Bootloader/Boot/USB/Src/usb_msc_service.c:328:13:UsbMscService_TriggerRecovery	24	static
