C:/Roberto/O3/O3_Bootloader/Boot/USB/Src/usbh_conf.c:14:6:USBH_LL_SetVbusDelay	16	static
C:/Roberto/O3/O3_Bootloader/Boot/USB/Src/usbh_conf.c:19:6:USBH_LL_HardResetHostController	16	static
C:/Roberto/O3/O3_Bootloader/Boot/USB/Src/usbh_conf.c:43:6:HAL_HCD_MspInit	288	static
C:/Roberto/O3/O3_Bootloader/Boot/USB/Src/usbh_conf.c:115:6:HAL_HCD_MspDeInit	16	static
C:/Roberto/O3/O3_Bootloader/Boot/USB/Src/usbh_conf.c:132:6:HAL_HCD_SOF_Callback	16	static
C:/Roberto/O3/O3_Bootloader/Boot/USB/Src/usbh_conf.c:140:6:HAL_HCD_Connect_Callback	16	static
C:/Roberto/O3/O3_Bootloader/Boot/USB/Src/usbh_conf.c:148:6:HAL_HCD_Disconnect_Callback	16	static
C:/Roberto/O3/O3_Bootloader/Boot/USB/Src/usbh_conf.c:156:6:HAL_HCD_HC_NotifyURBChange_Callback	16	static
C:/Roberto/O3/O3_Bootloader/Boot/USB/Src/usbh_conf.c:165:6:HAL_HCD_PortEnabled_Callback	16	static
C:/Roberto/O3/O3_Bootloader/Boot/USB/Src/usbh_conf.c:173:6:HAL_HCD_PortDisabled_Callback	16	static
C:/Roberto/O3/O3_Bootloader/Boot/USB/Src/usbh_conf.c:181:20:USBH_LL_Init	16	static
C:/Roberto/O3/O3_Bootloader/Boot/USB/Src/usbh_conf.c:207:20:USBH_LL_DeInit	16	static
C:/Roberto/O3/O3_Bootloader/Boot/USB/Src/usbh_conf.c:212:20:USBH_LL_Start	16	static
C:/Roberto/O3/O3_Bootloader/Boot/USB/Src/usbh_conf.c:217:20:USBH_LL_Stop	16	static
C:/Roberto/O3/O3_Bootloader/Boot/USB/Src/usbh_conf.c:222:19:USBH_LL_GetSpeed	16	static
C:/Roberto/O3/O3_Bootloader/Boot/USB/Src/usbh_conf.c:237:20:USBH_LL_ResetPort	16	static
C:/Roberto/O3/O3_Bootloader/Boot/USB/Src/usbh_conf.c:242:10:USBH_LL_GetLastXferSize	16	static
C:/Roberto/O3/O3_Bootloader/Boot/USB/Src/usbh_conf.c:247:20:USBH_LL_OpenPipe	40	static
C:/Roberto/O3/O3_Bootloader/Boot/USB/Src/usbh_conf.c:265:20:USBH_LL_ActivatePipe	16	static
C:/Roberto/O3/O3_Bootloader/Boot/USB/Src/usbh_conf.c:270:20:USBH_LL_ClosePipe	16	static
C:/Roberto/O3/O3_Bootloader/Boot/USB/Src/usbh_conf.c:276:20:USBH_LL_SubmitURB	40	static
C:/Roberto/O3/O3_Bootloader/Boot/USB/Src/usbh_conf.c:295:22:USBH_LL_GetURBState	32	static
C:/Roberto/O3/O3_Bootloader/Boot/USB/Src/usbh_conf.c:340:20:USBH_LL_DriverVBUS	16	static
C:/Roberto/O3/O3_Bootloader/Boot/USB/Src/usbh_conf.c:357:20:USBH_LL_SetToggle	24	static
C:/Roberto/O3/O3_Bootloader/Boot/USB/Src/usbh_conf.c:373:9:USBH_LL_GetToggle	24	static
C:/Roberto/O3/O3_Bootloader/Boot/USB/Src/usbh_conf.c:385:6:USBH_Delay	16	static
C:/Roberto/O3/O3_Bootloader/Boot/USB/Src/usbh_conf.c:390:27:USBH_Get_USB_Status	16	static
