C:/Roberto/O3/O3_Bootloader/FATFS/App/fatfs_usb.c:9:20:USB_FATFS_ResultString	16	static
C:/Roberto/O3/O3_Bootloader/FATFS/App/fatfs_usb.c:37:17:USB_FATFS_Crc32Update	32	static
C:/Roberto/O3/O3_Bootloader/FATFS/App/fatfs_usb.c:61:6:MX_FATFS_USB_Init	8	static
C:/Roberto/O3/O3_Bootloader/FATFS/App/fatfs_usb.c:73:9:USB_FATFS_Mount	24	static
C:/Roberto/O3/O3_Bootloader/FATFS/App/fatfs_usb.c:84:9:USB_FATFS_Unmount	24	static
C:/Roberto/O3/O3_Bootloader/FATFS/App/fatfs_usb.c:95:9:USB_FATFS_GetFileSize	56	static
C:/Roberto/O3/O3_Bootloader/FATFS/App/fatfs_usb.c:112:9:USB_FATFS_ReadTextFile	40	static
C:/Roberto/O3/O3_Bootloader/FATFS/App/fatfs_usb.c:157:9:USB_FATFS_ReadFilePreview	40	static
C:/Roberto/O3/O3_Bootloader/FATFS/App/fatfs_usb.c:190:9:USB_FATFS_ComputeFileCrc32	48	static
