C:/Roberto/O3/O3_Bootloader/Middlewares/ST/STM32_USB_Host_Library/Class/MSC/Src/usbh_msc.c:142:27:USBH_MSC_InterfaceInit	48	static
C:/Roberto/O3/O3_Bootloader/Middlewares/ST/STM32_USB_Host_Library/Class/MSC/Src/usbh_msc.c:240:27:USBH_MSC_InterfaceDeInit	24	static
C:/Roberto/O3/O3_Bootloader/Middlewares/ST/STM32_USB_Host_Library/Class/MSC/Src/usbh_msc.c:274:27:USBH_MSC_ClassRequest	24	static
C:/Roberto/O3/O3_Bootloader/Middlewares/ST/STM32_USB_Host_Library/Class/MSC/Src/usbh_msc.c:331:27:USBH_MSC_Process	40	static
C:/Roberto/O3/O3_Bootloader/Middlewares/ST/STM32_USB_Host_Library/Class/MSC/Src/usbh_msc.c:604:20:USBH_MSC_StateName	16	static
C:/Roberto/O3/O3_Bootloader/Middlewares/ST/STM32_USB_Host_Library/Class/MSC/Src/usbh_msc.c:636:27:USBH_MSC_SOFProcess	16	static
C:/Roberto/O3/O3_Bootloader/Middlewares/ST/STM32_USB_Host_Library/Class/MSC/Src/usbh_msc.c:650:27:USBH_MSC_RdWrProcess	40	static
C:/Roberto/O3/O3_Bootloader/Middlewares/ST/STM32_USB_Host_Library/Class/MSC/Src/usbh_msc.c:755:9:USBH_MSC_IsReady	24	static
C:/Roberto/O3/O3_Bootloader/Middlewares/ST/STM32_USB_Host_Library/Class/MSC/Src/usbh_msc.c:778:9:USBH_MSC_GetMaxLUN	24	static
C:/Roberto/O3/O3_Bootloader/Middlewares/ST/STM32_USB_Host_Library/Class/MSC/Src/usbh_msc.c:797:9:USBH_MSC_UnitIsReady	24	static
C:/Roberto/O3/O3_Bootloader/Middlewares/ST/STM32_USB_Host_Library/Class/MSC/Src/usbh_msc.c:824:20:USBH_MSC_GetLUNInfo	32	static
C:/Roberto/O3/O3_Bootloader/Middlewares/ST/STM32_USB_Host_Library/Class/MSC/Src/usbh_msc.c:852:20:USBH_MSC_Read	40	static
C:/Roberto/O3/O3_Bootloader/Middlewares/ST/STM32_USB_Host_Library/Class/MSC/Src/usbh_msc.c:898:20:USBH_MSC_Write	40	static
