C:/Roberto/O3/O3_Bootloader/Middlewares/ST/STM32_USB_Host_Library/Class/MSC/Src/usbh_msc.c:140:27:USBH_MSC_InterfaceInit	48	static
C:/Roberto/O3/O3_Bootloader/Middlewares/ST/STM32_USB_Host_Library/Class/MSC/Src/usbh_msc.c:238:27:USBH_MSC_InterfaceDeInit	24	static
C:/Roberto/O3/O3_Bootloader/Middlewares/ST/STM32_USB_Host_Library/Class/MSC/Src/usbh_msc.c:272:27:USBH_MSC_ClassRequest	24	static
C:/Roberto/O3/O3_Bootloader/Middlewares/ST/STM32_USB_Host_Library/Class/MSC/Src/usbh_msc.c:339:27:USBH_MSC_Process	24	static
C:/Roberto/O3/O3_Bootloader/Middlewares/ST/STM32_USB_Host_Library/Class/MSC/Src/usbh_msc.c:589:27:USBH_MSC_SOFProcess	16	static
C:/Roberto/O3/O3_Bootloader/Middlewares/ST/STM32_USB_Host_Library/Class/MSC/Src/usbh_msc.c:597:20:USBH_MSC_StatusString	16	static
C:/Roberto/O3/O3_Bootloader/Middlewares/ST/STM32_USB_Host_Library/Class/MSC/Src/usbh_msc.c:624:27:USBH_MSC_RdWrProcess	40	static
C:/Roberto/O3/O3_Bootloader/Middlewares/ST/STM32_USB_Host_Library/Class/MSC/Src/usbh_msc.c:746:9:USBH_MSC_IsReady	24	static
C:/Roberto/O3/O3_Bootloader/Middlewares/ST/STM32_USB_Host_Library/Class/MSC/Src/usbh_msc.c:769:9:USBH_MSC_GetMaxLUN	24	static
C:/Roberto/O3/O3_Bootloader/Middlewares/ST/STM32_USB_Host_Library/Class/MSC/Src/usbh_msc.c:788:9:USBH_MSC_UnitIsReady	24	static
C:/Roberto/O3/O3_Bootloader/Middlewares/ST/STM32_USB_Host_Library/Class/MSC/Src/usbh_msc.c:815:20:USBH_MSC_GetLUNInfo	32	static
C:/Roberto/O3/O3_Bootloader/Middlewares/ST/STM32_USB_Host_Library/Class/MSC/Src/usbh_msc.c:843:20:USBH_MSC_Read	48	static
C:/Roberto/O3/O3_Bootloader/Middlewares/ST/STM32_USB_Host_Library/Class/MSC/Src/usbh_msc.c:903:20:USBH_MSC_Write	40	static
