C:/Roberto/O3/O3_Bootloader/Middlewares/ST/STM32_USB_Host_Library/Class/MSC/Src/usbh_msc.c:138:27:USBH_MSC_InterfaceInit	48	static
C:/Roberto/O3/O3_Bootloader/Middlewares/ST/STM32_USB_Host_Library/Class/MSC/Src/usbh_msc.c:236:27:USBH_MSC_InterfaceDeInit	24	static
C:/Roberto/O3/O3_Bootloader/Middlewares/ST/STM32_USB_Host_Library/Class/MSC/Src/usbh_msc.c:270:27:USBH_MSC_ClassRequest	24	static
C:/Roberto/O3/O3_Bootloader/Middlewares/ST/STM32_USB_Host_Library/Class/MSC/Src/usbh_msc.c:337:27:USBH_MSC_Process	24	static
C:/Roberto/O3/O3_Bootloader/Middlewares/ST/STM32_USB_Host_Library/Class/MSC/Src/usbh_msc.c:587:27:USBH_MSC_SOFProcess	16	static
C:/Roberto/O3/O3_Bootloader/Middlewares/ST/STM32_USB_Host_Library/Class/MSC/Src/usbh_msc.c:595:20:USBH_MSC_StatusString	16	static
C:/Roberto/O3/O3_Bootloader/Middlewares/ST/STM32_USB_Host_Library/Class/MSC/Src/usbh_msc.c:622:27:USBH_MSC_RdWrProcess	32	static
C:/Roberto/O3/O3_Bootloader/Middlewares/ST/STM32_USB_Host_Library/Class/MSC/Src/usbh_msc.c:739:9:USBH_MSC_IsReady	24	static
C:/Roberto/O3/O3_Bootloader/Middlewares/ST/STM32_USB_Host_Library/Class/MSC/Src/usbh_msc.c:762:9:USBH_MSC_GetMaxLUN	24	static
C:/Roberto/O3/O3_Bootloader/Middlewares/ST/STM32_USB_Host_Library/Class/MSC/Src/usbh_msc.c:781:9:USBH_MSC_UnitIsReady	24	static
C:/Roberto/O3/O3_Bootloader/Middlewares/ST/STM32_USB_Host_Library/Class/MSC/Src/usbh_msc.c:808:20:USBH_MSC_GetLUNInfo	32	static
C:/Roberto/O3/O3_Bootloader/Middlewares/ST/STM32_USB_Host_Library/Class/MSC/Src/usbh_msc.c:836:20:USBH_MSC_Read	48	static
C:/Roberto/O3/O3_Bootloader/Middlewares/ST/STM32_USB_Host_Library/Class/MSC/Src/usbh_msc.c:899:20:USBH_MSC_Write	40	static
