../../Drivers/CMSIS/Include/core_cm33.h:2711:34:__NVIC_SystemReset	4	static,ignoring_inline_asm
C:/Roberto/O3/O3_Bootloader/USB_Host/App/usb_host.c:78:6:MX_USB_HOST_Init	8	static
C:/Roberto/O3/O3_Bootloader/USB_Host/App/usb_host.c:113:9:USBH_IsFlashReady	4	static
C:/Roberto/O3/O3_Bootloader/USB_Host/App/usb_host.c:122:6:MX_USB_HOST_Process	8	static
C:/Roberto/O3/O3_Bootloader/USB_Host/App/usb_host.c:147:6:USBH_AppTask	16	static
C:/Roberto/O3/O3_Bootloader/USB_Host/App/usb_host.c:234:13:USBH_UserProcess	24	static
C:/Roberto/O3/O3_Bootloader/USB_Host/App/usb_host.c:304:16:USBH_AppIsTransientFatFsError	16	static
C:/Roberto/O3/O3_Bootloader/USB_Host/App/usb_host.c:318:16:USBH_AppIsLunReady	16	static
C:/Roberto/O3/O3_Bootloader/USB_Host/App/usb_host.c:328:16:USBH_AppTimeReached	16	static
C:/Roberto/O3/O3_Bootloader/USB_Host/App/usb_host.c:333:13:USBH_AppPowerCycle	24	static
