../../Drivers/CMSIS/Include/core_cm33.h:2711:34:__NVIC_SystemReset	4	static,ignoring_inline_asm
C:/Roberto/O3/O3_Bootloader/USB_Host/App/usb_host.c:90:6:MX_USB_HOST_Init	8	static
C:/Roberto/O3/O3_Bootloader/USB_Host/App/usb_host.c:125:9:USBH_IsFlashReady	4	static
C:/Roberto/O3/O3_Bootloader/USB_Host/App/usb_host.c:130:9:USBH_HasValidUpdateImage	4	static
C:/Roberto/O3/O3_Bootloader/USB_Host/App/usb_host.c:135:9:USBH_IsUpdateCheckComplete	4	static
C:/Roberto/O3/O3_Bootloader/USB_Host/App/usb_host.c:140:6:USBH_ClearUpdateDetection	4	static
C:/Roberto/O3/O3_Bootloader/USB_Host/App/usb_host.c:149:6:MX_USB_HOST_Process	8	static
C:/Roberto/O3/O3_Bootloader/USB_Host/App/usb_host.c:174:6:USBH_AppTask	16	static
C:/Roberto/O3/O3_Bootloader/USB_Host/App/usb_host.c:262:13:USBH_UserProcess	24	static
C:/Roberto/O3/O3_Bootloader/USB_Host/App/usb_host.c:335:16:USBH_AppIsTransientFatFsError	16	static
C:/Roberto/O3/O3_Bootloader/USB_Host/App/usb_host.c:349:16:USBH_AppIsLunReady	16	static
C:/Roberto/O3/O3_Bootloader/USB_Host/App/usb_host.c:359:16:USBH_AppTimeReached	16	static
C:/Roberto/O3/O3_Bootloader/USB_Host/App/usb_host.c:364:13:USBH_AppPowerCycle	24	static
C:/Roberto/O3/O3_Bootloader/USB_Host/App/usb_host.c:426:16:USBH_AppValidateUpdateImage	8	static
C:/Roberto/O3/O3_Bootloader/USB_Host/App/usb_host.c:448:16:USBH_AppValidateOneImage	80	static
