C:/Roberto/O3/O3_Bootloader/USB_Host/App/usb_host.c:59:6:MX_USB_HOST_Init	8	static
C:/Roberto/O3/O3_Bootloader/USB_Host/App/usb_host.c:94:9:USBH_IsFlashReady	4	static
C:/Roberto/O3/O3_Bootloader/USB_Host/App/usb_host.c:103:6:MX_USB_HOST_Process	8	static
C:/Roberto/O3/O3_Bootloader/USB_Host/App/usb_host.c:118:6:USBH_AppTask	40	static
C:/Roberto/O3/O3_Bootloader/USB_Host/App/usb_host.c:195:13:USBH_UserProcess	24	static
C:/Roberto/O3/O3_Bootloader/USB_Host/App/usb_host.c:249:16:USBH_AppIsTransientFatFsError	16	static
C:/Roberto/O3/O3_Bootloader/USB_Host/App/usb_host.c:263:16:USBH_AppIsLunReady	16	static
