../../Drivers/CMSIS/Include/core_cm33.h:2711:34:__NVIC_SystemReset	4	static,ignoring_inline_asm
C:/Roberto/O3/O3_Bootloader/USB_Host/App/usb_host.c:92:6:MX_USB_HOST_Init	8	static
C:/Roberto/O3/O3_Bootloader/USB_Host/App/usb_host.c:127:9:USBH_IsFlashReady	4	static
C:/Roberto/O3/O3_Bootloader/USB_Host/App/usb_host.c:132:9:USBH_WasUsbSeen	4	static
C:/Roberto/O3/O3_Bootloader/USB_Host/App/usb_host.c:137:9:USBH_HasPhysicalConnection	4	static
C:/Roberto/O3/O3_Bootloader/USB_Host/App/usb_host.c:142:9:USBH_HasValidUpdateImage	4	static
C:/Roberto/O3/O3_Bootloader/USB_Host/App/usb_host.c:147:9:USBH_IsUpdateCheckComplete	4	static
C:/Roberto/O3/O3_Bootloader/USB_Host/App/usb_host.c:152:6:USBH_ClearUpdateDetection	4	static
C:/Roberto/O3/O3_Bootloader/USB_Host/App/usb_host.c:163:6:MX_USB_HOST_Process	8	static
C:/Roberto/O3/O3_Bootloader/USB_Host/App/usb_host.c:188:6:USBH_AppTask	16	static
C:/Roberto/O3/O3_Bootloader/USB_Host/App/usb_host.c:276:13:USBH_UserProcess	24	static
C:/Roberto/O3/O3_Bootloader/USB_Host/App/usb_host.c:352:16:USBH_AppIsTransientFatFsError	16	static
C:/Roberto/O3/O3_Bootloader/USB_Host/App/usb_host.c:366:16:USBH_AppIsLunReady	16	static
C:/Roberto/O3/O3_Bootloader/USB_Host/App/usb_host.c:376:16:USBH_AppTimeReached	16	static
C:/Roberto/O3/O3_Bootloader/USB_Host/App/usb_host.c:381:13:USBH_AppPowerCycle	24	static
C:/Roberto/O3/O3_Bootloader/USB_Host/App/usb_host.c:443:16:USBH_AppValidateUpdateImage	8	static
C:/Roberto/O3/O3_Bootloader/USB_Host/App/usb_host.c:465:16:USBH_AppValidateOneImage	80	static
