../../Drivers/CMSIS/Include/core_cm33.h:3212:26:ITM_SendChar	16	static,ignoring_inline_asm
../Src/main.c:52:5:_write	32	static
../Src/main.c:69:5:main	16	static
../Src/main.c:98:13:Recovery_Loop	16	static
../Src/main.c:112:13:Boot_RunStartupPolicy	16	static
../Src/main.c:134:17:crc32_update	32	static
../Src/main.c:156:13:ReadBinChunkedTest	96	static
../Src/main.c:300:13:FlashAppIntTest	80	static
../Src/main.c:451:13:FlashAppOspiTest	64	static
../Src/main.c:635:13:UsbFsMountTestLoop	88	static
../Src/main.c:805:13:SystemPower_Config	8	static
../Src/main.c:818:13:SystemClock_Config	128	static
../Src/main.c:861:13:MX_GPIO_Init	40	static
../Src/main.c:888:6:Error_Handler	4	static,ignoring_inline_asm
