../../Drivers/CMSIS/Include/core_cm33.h:3212:26:ITM_SendChar	4
../Src/main.c:86:5:_write	2
../Src/main.c:101:13:BootDisplay_EnsureInit	2
../Src/main.c:114:16:UsbBootCheck	9
../Src/main.c:163:13:BootDisplay_UpdateProgress	3
../Src/main.c:182:13:BootDisplay_Fail	2
../Src/main.c:191:13:Boot_ShowCountdown	7
../Src/main.c:237:13:Boot_ShowApplicationLaunchCountdown	1
../Src/main.c:252:13:Boot_ShowProgrammingCountdown	1
../Src/main.c:271:13:BootDisplay_FlashEraseProgress	1
../Src/main.c:276:13:BootDisplay_OspiEraseProgress	1
../Src/main.c:284:22:UsbReadChunkWithRecovery	7
../Src/main.c:337:5:main	2
../Src/main.c:358:13:Recovery_Loop	2
../Src/main.c:382:13:Boot_SelectBootPath	3
../Src/main.c:401:13:Boot_SelectAppOrRecovery	4
../Src/main.c:434:13:FlashAppInt	15
../Src/main.c:571:13:FlashAppOspi	17
../Src/main.c:752:16:UsbProcessUpdate	38
../Src/main.c:1117:13:SystemPower_Config	2
../Src/main.c:1128:13:SystemClock_Config	4
../Src/main.c:1182:13:MX_GPIO_Init	1
../Src/main.c:1207:6:Error_Handler	1
