../../Drivers/CMSIS/Include/core_cm33.h:3212:26:ITM_SendChar	16	static,ignoring_inline_asm
../Src/main.c:85:5:_write	32	static
../Src/main.c:100:13:BootDisplay_EnsureInit	8	static
../Src/main.c:113:16:UsbBootCheck	32	static
../Src/main.c:162:13:BootDisplay_UpdateProgress	32	static
../Src/main.c:181:13:BootDisplay_Fail	16	static
../Src/main.c:190:13:Boot_ShowCountdown	104	static
../Src/main.c:236:13:Boot_ShowApplicationLaunchCountdown	16	static
../Src/main.c:251:13:Boot_ShowProgrammingCountdown	24	static
../Src/main.c:270:13:BootDisplay_FlashEraseProgress	16	static
../Src/main.c:275:13:BootDisplay_OspiEraseProgress	16	static
../Src/main.c:283:22:UsbReadChunkWithRecovery	48	static
../Src/main.c:336:5:main	16	static
../Src/main.c:370:13:Recovery_Loop	16	static
../Src/main.c:394:13:Boot_SelectBootPath	8	static
../Src/main.c:413:13:Boot_SelectAppOrRecovery	16	static
../Src/main.c:446:13:FlashAppInt	64	static
../Src/main.c:579:13:FlashAppOspi	88	static
../Src/main.c:757:16:UsbProcessUpdate	640	static
../Src/main.c:1127:13:SystemPower_Config	8	static
../Src/main.c:1138:13:SystemClock_Config	128	static
../Src/main.c:1192:13:MX_GPIO_Init	40	static
../Src/main.c:1217:6:Error_Handler	4	static,ignoring_inline_asm
