../../Drivers/CMSIS/Include/core_cm33.h:3212:26:ITM_SendChar	16	static,ignoring_inline_asm
../Src/main.c:50:5:_write	32	static
../Src/main.c:70:13:crc32_hw_init	16	static
../Src/main.c:92:17:crc32_update	32	static
../Src/main.c:110:13:crc32_deinit	8	static
../Src/main.c:123:22:UsbReadChunkWithRecovery	48	static
../Src/main.c:176:5:main	16	static
../Src/main.c:202:13:Recovery_Loop	16	static
../Src/main.c:216:13:Boot_RunStartupPolicy	16	static
../Src/main.c:240:13:FlashAppInt	56	static
../Src/main.c:336:13:FlashAppOspi	72	static
../Src/main.c:464:13:UsbUpdateLoop	88	static
../Src/main.c:618:13:SystemPower_Config	8	static
../Src/main.c:629:13:SystemClock_Config	128	static
../Src/main.c:669:13:MX_GPIO_Init	40	static
../Src/main.c:694:6:Error_Handler	4	static,ignoring_inline_asm
