../../Drivers/CMSIS/Include/core_cm33.h:3212:26:ITM_SendChar	16	static,ignoring_inline_asm
../Src/main.c:43:5:_write	32	static
../Src/main.c:60:5:main	16	static
../Src/main.c:94:13:Recovery_Loop	16	static
../Src/main.c:108:13:Boot_RunStartupPolicy	16	static
../Src/main.c:129:13:UsbMscLayerTestLoop	16	static
../Src/main.c:159:17:crc32_update	32	static
../Src/main.c:180:13:ReadBinTest	72	static
../Src/main.c:239:13:UsbFsMountTestLoop	80	static
../Src/main.c:386:13:SystemPower_Config	8	static
../Src/main.c:401:13:SystemClock_Config	128	static
../Src/main.c:444:13:MX_GPIO_Init	40	static
../Src/main.c:471:6:Error_Handler	4	static,ignoring_inline_asm
