../../Drivers/CMSIS/Include/core_cm33.h:3212:26:ITM_SendChar	16	static,ignoring_inline_asm
../Src/main.c:73:5:_write	32	static
../Src/main.c:93:13:crc32_hw_init	16	static
../Src/main.c:115:17:crc32_update	32	static
../Src/main.c:133:13:crc32_deinit	8	static
../Src/main.c:143:13:BootDisplay_EnsureInit	8	static
../Src/main.c:156:16:UsbBootCheck	32	static
../Src/main.c:205:13:BootDisplay_UpdateProgress	32	static
../Src/main.c:224:13:BootDisplay_Fail	16	static
../Src/main.c:233:13:Boot_ShowCountdown	104	static
../Src/main.c:279:13:Boot_ShowApplicationLaunchCountdown	16	static
../Src/main.c:295:13:Boot_ShowProgrammingCountdown	16	static
../Src/main.c:308:13:BootDisplay_FlashEraseProgress	16	static
../Src/main.c:313:13:BootDisplay_OspiEraseProgress	16	static
../Src/main.c:321:22:UsbReadChunkWithRecovery	48	static
../Src/main.c:374:5:main	16	static
../Src/main.c:395:13:Recovery_Loop	16	static
../Src/main.c:416:13:Boot_SelectBootPath	8	static
../Src/main.c:435:13:Boot_SelectAppOrRecovery	16	static
../Src/main.c:463:13:FlashAppInt	56	static
../Src/main.c:581:13:FlashAppOspi	72	static
../Src/main.c:740:13:UsbProcessUpdate	88	static
../Src/main.c:884:13:SystemPower_Config	8	static
../Src/main.c:895:13:SystemClock_Config	128	static
../Src/main.c:935:13:MX_GPIO_Init	40	static
../Src/main.c:960:6:Error_Handler	4	static,ignoring_inline_asm
