../../Drivers/CMSIS/Include/core_cm33.h:3212:26:ITM_SendChar	16	static,ignoring_inline_asm
../Src/main.c:84:5:_write	32	static
../Src/main.c:99:13:BootDisplay_EnsureInit	8	static
../Src/main.c:112:16:UsbBootCheck	32	static
../Src/main.c:161:13:BootDisplay_UpdateProgress	32	static
../Src/main.c:180:13:BootDisplay_Fail	16	static
../Src/main.c:189:13:Boot_ShowCountdown	104	static
../Src/main.c:235:13:Boot_ShowApplicationLaunchCountdown	16	static
../Src/main.c:250:13:Boot_ShowProgrammingCountdown	24	static
../Src/main.c:269:13:BootDisplay_FlashEraseProgress	16	static
../Src/main.c:274:13:BootDisplay_OspiEraseProgress	16	static
../Src/main.c:282:22:UsbReadChunkWithRecovery	48	static
../Src/main.c:335:5:main	16	static
../Src/main.c:356:13:Recovery_Loop	16	static
../Src/main.c:380:13:Boot_SelectBootPath	8	static
../Src/main.c:399:13:Boot_SelectAppOrRecovery	16	static
../Src/main.c:432:13:FlashAppInt	64	static
../Src/main.c:569:13:FlashAppOspi	88	static
../Src/main.c:750:16:UsbProcessUpdate	640	static
../Src/main.c:1115:13:SystemPower_Config	8	static
../Src/main.c:1126:13:SystemClock_Config	128	static
../Src/main.c:1166:13:MX_GPIO_Init	40	static
../Src/main.c:1191:6:Error_Handler	4	static,ignoring_inline_asm
