../../Drivers/CMSIS/Include/core_cm33.h:3212:26:ITM_SendChar	16	static,ignoring_inline_asm
../Src/main.c:50:5:_write	32	static
../Src/main.c:67:5:main	16	static
../Src/main.c:101:13:Recovery_Loop	16	static
../Src/main.c:115:13:Boot_RunStartupPolicy	16	static
../Src/main.c:136:13:UsbMscLayerTestLoop	16	static
../Src/main.c:166:17:crc32_update	32	static
../Src/main.c:187:13:ReadBinTest	72	static
../Src/main.c:249:13:ReadBinChunkedTest	88	static
../Src/main.c:391:13:UsbFsMountTestLoop	88	static
../Src/main.c:556:13:SystemPower_Config	8	static
../Src/main.c:571:13:SystemClock_Config	128	static
../Src/main.c:614:13:MX_GPIO_Init	40	static
../Src/main.c:641:6:Error_Handler	4	static,ignoring_inline_asm
