../../Drivers/CMSIS/Include/core_cm33.h:3212:26:ITM_SendChar	16	static,ignoring_inline_asm
../Src/main.c:88:5:_write	32	static
../Src/main.c:103:13:BootDisplay_EnsureInit	8	static
../Src/main.c:116:16:UsbBootCheck	32	static
../Src/main.c:165:13:BootDisplay_UpdateProgress	32	static
../Src/main.c:184:13:BootDisplay_Fail	16	static
../Src/main.c:193:13:Boot_ShowCountdown	104	static
../Src/main.c:239:13:Boot_ShowApplicationLaunchCountdown	16	static
../Src/main.c:254:13:Boot_ShowProgrammingCountdown	24	static
../Src/main.c:273:13:BootDisplay_FlashEraseProgress	16	static
../Src/main.c:278:13:BootDisplay_OspiEraseProgress	16	static
../Src/main.c:286:22:UsbReadChunkWithRecovery	48	static
../Src/main.c:339:5:main	16	static
../Src/main.c:373:13:Recovery_Loop	16	static
../Src/main.c:397:13:Boot_SelectBootPath	8	static
../Src/main.c:416:13:Boot_SelectAppOrRecovery	16	static
../Src/main.c:449:13:FlashAppInt	64	static
../Src/main.c:582:13:FlashAppOspi	88	static
../Src/main.c:760:16:UsbProcessUpdate	760	static
../Src/main.c:1149:13:SystemPower_Config	8	static
../Src/main.c:1160:13:SystemClock_Config	128	static
../Src/main.c:1214:13:MX_GPIO_Init	40	static
../Src/main.c:1239:6:Error_Handler	4	static,ignoring_inline_asm
