../../Drivers/CMSIS/Include/core_cm33.h:3212:26:ITM_SendChar	16	static,ignoring_inline_asm
../Src/main.c:65:5:_write	32	static
../Src/main.c:85:13:crc32_hw_init	16	static
../Src/main.c:107:17:crc32_update	32	static
../Src/main.c:125:13:crc32_deinit	8	static
../Src/main.c:135:13:BootDisplay_EnsureInit	8	static
../Src/main.c:148:16:UsbBootCheck	32	static
../Src/main.c:197:13:BootDisplay_UpdateProgress	32	static
../Src/main.c:216:13:BootDisplay_Fail	16	static
../Src/main.c:225:13:BootDisplay_FlashEraseProgress	16	static
../Src/main.c:230:13:BootDisplay_OspiEraseProgress	16	static
../Src/main.c:238:22:UsbReadChunkWithRecovery	48	static
../Src/main.c:291:5:main	16	static
../Src/main.c:312:13:Recovery_Loop	16	static
../Src/main.c:333:13:Boot_SelectBootPath	8	static
../Src/main.c:352:13:Boot_SelectAppOrRecovery	16	static
../Src/main.c:380:13:FlashAppInt	56	static
../Src/main.c:498:13:FlashAppOspi	72	static
../Src/main.c:659:13:UsbProcessUpdate	88	static
../Src/main.c:801:13:SystemPower_Config	8	static
../Src/main.c:812:13:SystemClock_Config	128	static
../Src/main.c:852:13:MX_GPIO_Init	40	static
../Src/main.c:877:6:Error_Handler	4	static,ignoring_inline_asm
