../../Drivers/CMSIS/Include/core_cm33.h:3212:26:ITM_SendChar	16	static,ignoring_inline_asm
../Src/main.c:67:5:_write	32	static
../Src/main.c:87:13:crc32_hw_init	16	static
../Src/main.c:109:17:crc32_update	32	static
../Src/main.c:127:13:crc32_deinit	8	static
../Src/main.c:137:13:BootDisplay_EnsureInit	8	static
../Src/main.c:150:16:UsbBootCheck	32	static
../Src/main.c:199:13:BootDisplay_UpdateProgress	32	static
../Src/main.c:218:13:BootDisplay_Fail	16	static
../Src/main.c:227:13:Boot_ShowApplicationLaunchCountdown	88	static
../Src/main.c:268:13:BootDisplay_FlashEraseProgress	16	static
../Src/main.c:273:13:BootDisplay_OspiEraseProgress	16	static
../Src/main.c:281:22:UsbReadChunkWithRecovery	48	static
../Src/main.c:334:5:main	16	static
../Src/main.c:355:13:Recovery_Loop	16	static
../Src/main.c:376:13:Boot_SelectBootPath	8	static
../Src/main.c:399:13:Boot_SelectAppOrRecovery	16	static
../Src/main.c:427:13:FlashAppInt	56	static
../Src/main.c:545:13:FlashAppOspi	72	static
../Src/main.c:704:13:UsbProcessUpdate	88	static
../Src/main.c:846:13:SystemPower_Config	8	static
../Src/main.c:857:13:SystemClock_Config	128	static
../Src/main.c:897:13:MX_GPIO_Init	40	static
../Src/main.c:922:6:Error_Handler	4	static,ignoring_inline_asm
