../../Drivers/CMSIS/Include/core_cm33.h:3212:26:ITM_SendChar	16	static,ignoring_inline_asm
../Src/main.c:40:5:_write	32	static
../Src/main.c:57:5:main	16	static
../Src/main.c:88:13:Recovery_Loop	16	static
../Src/main.c:118:16:Boot_WaitUsbAtStart	24	static
../Src/main.c:140:16:Boot_WaitForValidUpdate	8	static
../Src/main.c:160:13:Boot_RunStartupPolicy	16	static
../Src/main.c:204:13:SystemPower_Config	8	static
../Src/main.c:219:13:SystemClock_Config	128	static
../Src/main.c:262:13:MX_GPIO_Init	40	static
../Src/main.c:289:6:Error_Handler	4	static,ignoring_inline_asm
