../../Drivers/CMSIS/Include/core_cm33.h:3212:26:ITM_SendChar	16	static,ignoring_inline_asm
../Src/main.c:59:5:_write	32	static
../Src/main.c:79:13:crc32_hw_init	16	static
../Src/main.c:101:17:crc32_update	32	static
../Src/main.c:119:13:crc32_deinit	8	static
../Src/main.c:129:13:BootDisplay_EnsureInit	8	static
../Src/main.c:138:16:UsbBootProbe	32	static
../Src/main.c:187:13:BootDisplay_UpdateProgress	32	static
../Src/main.c:208:13:BootDisplay_FlashEraseProgress	16	static
../Src/main.c:213:13:BootDisplay_OspiEraseProgress	16	static
../Src/main.c:221:22:UsbReadChunkWithRecovery	48	static
../Src/main.c:274:5:main	16	static
../Src/main.c:309:13:Recovery_Loop	16	static
../Src/main.c:327:13:Boot_RunStartupPolicy	16	static
../Src/main.c:357:13:FlashAppInt	56	static
../Src/main.c:475:13:FlashAppOspi	72	static
../Src/main.c:635:13:UsbUpdateLoop	88	static
../Src/main.c:806:13:SystemPower_Config	8	static
../Src/main.c:817:13:SystemClock_Config	128	static
../Src/main.c:857:13:MX_GPIO_Init	40	static
../Src/main.c:882:6:Error_Handler	4	static,ignoring_inline_asm
