../../Drivers/CMSIS/Include/core_cm33.h:3212:26:ITM_SendChar	16	static,ignoring_inline_asm
../Src/main.c:45:5:_write	32	static
../Src/main.c:62:5:main	16	static
../Src/main.c:91:13:Recovery_Loop	16	static
../Src/main.c:105:13:Boot_RunStartupPolicy	16	static
../Src/main.c:127:17:crc32_update	32	static
../Src/main.c:149:13:ReadBinChunkedTest	88	static
../Src/main.c:293:13:FlashAppIntTest	72	static
../Src/main.c:443:13:UsbFsMountTestLoop	88	static
../Src/main.c:610:13:SystemPower_Config	8	static
../Src/main.c:623:13:SystemClock_Config	128	static
../Src/main.c:666:13:MX_GPIO_Init	40	static
../Src/main.c:693:6:Error_Handler	4	static,ignoring_inline_asm
