C:/Roberto/O3/O3_Bootloader/Core/Src/stm32u5xx_it.c:14:6:OTG_HS_IRQHandler	8	static
C:/Roberto/O3/O3_Bootloader/Core/Src/stm32u5xx_it.c:19:6:NMI_Handler	4	static
C:/Roberto/O3/O3_Bootloader/Core/Src/stm32u5xx_it.c:24:6:HardFault_Handler	4	static
C:/Roberto/O3/O3_Bootloader/Core/Src/stm32u5xx_it.c:29:6:MemManage_Handler	4	static
C:/Roberto/O3/O3_Bootloader/Core/Src/stm32u5xx_it.c:34:6:BusFault_Handler	4	static
C:/Roberto/O3/O3_Bootloader/Core/Src/stm32u5xx_it.c:39:6:UsageFault_Handler	4	static
C:/Roberto/O3/O3_Bootloader/Core/Src/stm32u5xx_it.c:44:6:DebugMon_Handler	4	static
C:/Roberto/O3/O3_Bootloader/Core/Src/stm32u5xx_it.c:53:6:SysTick_Handler	8	static
