C:/Roberto/O3/O3_Bootloader/Core/Src/stm32u5xx_it.c:13:6:OTG_HS_IRQHandler	8	static
C:/Roberto/O3/O3_Bootloader/Core/Src/stm32u5xx_it.c:18:6:NMI_Handler	4	static
C:/Roberto/O3/O3_Bootloader/Core/Src/stm32u5xx_it.c:23:6:HardFault_Handler	4	static
C:/Roberto/O3/O3_Bootloader/Core/Src/stm32u5xx_it.c:28:6:MemManage_Handler	4	static
C:/Roberto/O3/O3_Bootloader/Core/Src/stm32u5xx_it.c:33:6:BusFault_Handler	4	static
C:/Roberto/O3/O3_Bootloader/Core/Src/stm32u5xx_it.c:38:6:UsageFault_Handler	4	static
C:/Roberto/O3/O3_Bootloader/Core/Src/stm32u5xx_it.c:43:6:DebugMon_Handler	4	static
C:/Roberto/O3/O3_Bootloader/Core/Src/stm32u5xx_it.c:52:6:SysTick_Handler	8	static
