C:/Roberto/O3/O3_Bootloader/Boot/Src/boot_ospi.c:26:13:BootOspi_MspInit	280	static
C:/Roberto/O3/O3_Bootloader/Boot/Src/boot_ospi.c:76:16:BootOspi_MemoryReset	8	static
C:/Roberto/O3/O3_Bootloader/Boot/Src/boot_ospi.c:97:16:BootOspi_EnterOpiMode	24	static
C:/Roberto/O3/O3_Bootloader/Boot/Src/boot_ospi.c:135:18:BootOspi_Init	32	static
C:/Roberto/O3/O3_Bootloader/Boot/Src/boot_ospi.c:201:18:BootOspi_Erase	40	static
C:/Roberto/O3/O3_Bootloader/Boot/Src/boot_ospi.c:252:18:BootOspi_Program	40	static
C:/Roberto/O3/O3_Bootloader/Boot/Src/boot_ospi.c:291:21:BootOspi_GetHandle	4	static
C:/Roberto/O3/O3_Bootloader/Boot/Src/boot_ospi.c:298:18:BootOspi_EnableMemoryMapped	8	static
C:/Roberto/O3/O3_Bootloader/Boot/Src/boot_ospi.c:314:18:BootOspi_Read	40	static
