C:/Roberto/O3/O3_Bootloader/Boot/Src/boot_display.c:98:23:BootDisplay_GetGlyph	16	static
C:/Roberto/O3/O3_Bootloader/Boot/Src/boot_display.c:151:6:BootDisplay_Init	8	static
C:/Roberto/O3/O3_Bootloader/Boot/Src/boot_display.c:166:6:BootDisplay_Clear	16	static
C:/Roberto/O3/O3_Bootloader/Boot/Src/boot_display.c:183:6:BootDisplay_WriteLine	16	static
C:/Roberto/O3/O3_Bootloader/Boot/Src/boot_display.c:188:6:BootDisplay_Log	16	static
C:/Roberto/O3/O3_Bootloader/Boot/Src/boot_display.c:193:6:BootDisplay_LogColor	24	static
C:/Roberto/O3/O3_Bootloader/Boot/Src/boot_display.c:224:6:BootDisplay_ShowStatus	16	static
C:/Roberto/O3/O3_Bootloader/Boot/Src/boot_display.c:230:6:BootDisplay_ShowProgress	104	static
C:/Roberto/O3/O3_Bootloader/Boot/Src/boot_display.c:278:6:BootDisplay_ClearProgress	8	static
C:/Roberto/O3/O3_Bootloader/Boot/Src/boot_display.c:287:13:BootDisplay_PutChar	40	static
C:/Roberto/O3/O3_Bootloader/Boot/Src/boot_display.c:305:13:BootDisplay_DrawPixel	24	static
C:/Roberto/O3/O3_Bootloader/Boot/Src/boot_display.c:313:13:BootDisplay_ClearLine	32	static
C:/Roberto/O3/O3_Bootloader/Boot/Src/boot_display.c:328:13:BootDisplay_RenderLine	40	static
C:/Roberto/O3/O3_Bootloader/Boot/Src/boot_display.c:351:13:BootDisplay_ScrollLogArea	24	static
C:/Roberto/O3/O3_Bootloader/Boot/Src/boot_display.c:366:13:BootDisplay_CopyText	24	static
C:/Roberto/O3/O3_Bootloader/Boot/Src/boot_display.c:380:17:BootDisplay_ResolveColor	16	static
C:/Roberto/O3/O3_Bootloader/Boot/Src/boot_display.c:396:13:BootDisplay_GPIO_Init	48	static
C:/Roberto/O3/O3_Bootloader/Boot/Src/boot_display.c:419:13:BootDisplay_TIM3_Init	40	static
C:/Roberto/O3/O3_Bootloader/Boot/Src/boot_display.c:440:13:BootDisplay_LTDC_Init	312	static
