C:/Roberto/O3/O3_Bootloader/Boot/Src/boot_display.c:100:23:BootDisplay_GetGlyph	16	static
C:/Roberto/O3/O3_Bootloader/Boot/Src/boot_display.c:154:6:BootDisplay_Init	8	static
C:/Roberto/O3/O3_Bootloader/Boot/Src/boot_display.c:169:6:BootDisplay_Clear	16	static
C:/Roberto/O3/O3_Bootloader/Boot/Src/boot_display.c:186:6:BootDisplay_WriteLine	16	static
C:/Roberto/O3/O3_Bootloader/Boot/Src/boot_display.c:191:6:BootDisplay_WriteLineColor	24	static
C:/Roberto/O3/O3_Bootloader/Boot/Src/boot_display.c:196:6:BootDisplay_Log	16	static
C:/Roberto/O3/O3_Bootloader/Boot/Src/boot_display.c:201:6:BootDisplay_LogColor	56	static
C:/Roberto/O3/O3_Bootloader/Boot/Src/boot_display.c:235:6:BootDisplay_ShowStatus	16	static
C:/Roberto/O3/O3_Bootloader/Boot/Src/boot_display.c:241:6:BootDisplay_ShowProgress	104	static
C:/Roberto/O3/O3_Bootloader/Boot/Src/boot_display.c:289:6:BootDisplay_ClearProgress	8	static
C:/Roberto/O3/O3_Bootloader/Boot/Src/boot_display.c:298:13:BootDisplay_PutChar	40	static
C:/Roberto/O3/O3_Bootloader/Boot/Src/boot_display.c:316:13:BootDisplay_DrawPixel	24	static
C:/Roberto/O3/O3_Bootloader/Boot/Src/boot_display.c:324:6:BootDisplay_ClearLine	32	static
C:/Roberto/O3/O3_Bootloader/Boot/Src/boot_display.c:339:13:BootDisplay_RenderLine	40	static
C:/Roberto/O3/O3_Bootloader/Boot/Src/boot_display.c:362:13:BootDisplay_ScrollLogArea	24	static
C:/Roberto/O3/O3_Bootloader/Boot/Src/boot_display.c:377:13:BootDisplay_CopyText	24	static
C:/Roberto/O3/O3_Bootloader/Boot/Src/boot_display.c:390:13:BootDisplay_FormatLogLine	56	static
C:/Roberto/O3/O3_Bootloader/Boot/Src/boot_display.c:425:17:BootDisplay_ResolveColor	16	static
C:/Roberto/O3/O3_Bootloader/Boot/Src/boot_display.c:443:13:BootDisplay_GPIO_Init	48	static
C:/Roberto/O3/O3_Bootloader/Boot/Src/boot_display.c:466:13:BootDisplay_TIM3_Init	40	static
C:/Roberto/O3/O3_Bootloader/Boot/Src/boot_display.c:487:13:BootDisplay_LTDC_Init	312	static
