C:/Roberto/O3/O3_Bootloader/Boot/Src/boot_display.c:103:23:BootDisplay_GetGlyph	16	static
C:/Roberto/O3/O3_Bootloader/Boot/Src/boot_display.c:160:6:BootDisplay_Init	8	static
C:/Roberto/O3/O3_Bootloader/Boot/Src/boot_display.c:175:6:BootDisplay_Clear	16	static
C:/Roberto/O3/O3_Bootloader/Boot/Src/boot_display.c:192:6:BootDisplay_WriteLine	16	static
C:/Roberto/O3/O3_Bootloader/Boot/Src/boot_display.c:197:6:BootDisplay_WriteLineColor	24	static
C:/Roberto/O3/O3_Bootloader/Boot/Src/boot_display.c:202:6:BootDisplay_Log	16	static
C:/Roberto/O3/O3_Bootloader/Boot/Src/boot_display.c:207:6:BootDisplay_LogColor	64	static
C:/Roberto/O3/O3_Bootloader/Boot/Src/boot_display.c:241:6:BootDisplay_ShowStatus	16	static
C:/Roberto/O3/O3_Bootloader/Boot/Src/boot_display.c:247:6:BootDisplay_ShowProgress	104	static
C:/Roberto/O3/O3_Bootloader/Boot/Src/boot_display.c:295:6:BootDisplay_ClearProgress	8	static
C:/Roberto/O3/O3_Bootloader/Boot/Src/boot_display.c:304:13:BootDisplay_PutChar	40	static
C:/Roberto/O3/O3_Bootloader/Boot/Src/boot_display.c:322:13:BootDisplay_DrawPixel	24	static
C:/Roberto/O3/O3_Bootloader/Boot/Src/boot_display.c:330:6:BootDisplay_ClearLine	32	static
C:/Roberto/O3/O3_Bootloader/Boot/Src/boot_display.c:345:13:BootDisplay_RenderLine	40	static
C:/Roberto/O3/O3_Bootloader/Boot/Src/boot_display.c:368:13:BootDisplay_ScrollLogArea	24	static
C:/Roberto/O3/O3_Bootloader/Boot/Src/boot_display.c:383:13:BootDisplay_CopyText	24	static
C:/Roberto/O3/O3_Bootloader/Boot/Src/boot_display.c:396:13:BootDisplay_FormatLogLine	56	static
C:/Roberto/O3/O3_Bootloader/Boot/Src/boot_display.c:431:17:BootDisplay_ResolveColor	16	static
C:/Roberto/O3/O3_Bootloader/Boot/Src/boot_display.c:449:13:BootDisplay_GPIO_Init	48	static
C:/Roberto/O3/O3_Bootloader/Boot/Src/boot_display.c:472:13:BootDisplay_TIM3_Init	40	static
C:/Roberto/O3/O3_Bootloader/Boot/Src/boot_display.c:493:13:BootDisplay_LTDC_Init	312	static
