C:/Roberto/O3/O3_Bootloader/Boot/Src/boot_display.c:88:23:BootDisplay_GetGlyph	16	static
C:/Roberto/O3/O3_Bootloader/Boot/Src/boot_display.c:140:6:BootDisplay_Init	8	static
C:/Roberto/O3/O3_Bootloader/Boot/Src/boot_display.c:155:6:BootDisplay_Clear	16	static
C:/Roberto/O3/O3_Bootloader/Boot/Src/boot_display.c:172:6:BootDisplay_WriteLine	24	static
C:/Roberto/O3/O3_Bootloader/Boot/Src/boot_display.c:185:6:BootDisplay_Log	16	static
C:/Roberto/O3/O3_Bootloader/Boot/Src/boot_display.c:190:6:BootDisplay_LogColor	24	static
C:/Roberto/O3/O3_Bootloader/Boot/Src/boot_display.c:215:6:BootDisplay_ShowStatus	16	static
C:/Roberto/O3/O3_Bootloader/Boot/Src/boot_display.c:221:6:BootDisplay_ShowProgress	104	static
C:/Roberto/O3/O3_Bootloader/Boot/Src/boot_display.c:263:6:BootDisplay_ClearProgress	8	static
C:/Roberto/O3/O3_Bootloader/Boot/Src/boot_display.c:272:13:BootDisplay_PutChar	40	static
C:/Roberto/O3/O3_Bootloader/Boot/Src/boot_display.c:290:13:BootDisplay_DrawPixel	24	static
C:/Roberto/O3/O3_Bootloader/Boot/Src/boot_display.c:298:13:BootDisplay_ClearLine	32	static
C:/Roberto/O3/O3_Bootloader/Boot/Src/boot_display.c:313:13:BootDisplay_DrawLogLine	40	static
C:/Roberto/O3/O3_Bootloader/Boot/Src/boot_display.c:331:13:BootDisplay_ScrollLogArea	24	static
C:/Roberto/O3/O3_Bootloader/Boot/Src/boot_display.c:345:13:BootDisplay_CopyText	24	static
C:/Roberto/O3/O3_Bootloader/Boot/Src/boot_display.c:358:17:BootDisplay_ResolveColor	16	static
C:/Roberto/O3/O3_Bootloader/Boot/Src/boot_display.c:374:13:BootDisplay_GPIO_Init	48	static
C:/Roberto/O3/O3_Bootloader/Boot/Src/boot_display.c:397:13:BootDisplay_TIM3_Init	40	static
C:/Roberto/O3/O3_Bootloader/Boot/Src/boot_display.c:418:13:BootDisplay_LTDC_Init	312	static
