C:/Roberto/O3/O3_Bootloader/Boot/Src/boot_display.c:97:23:BootDisplay_GetGlyph	16	static
C:/Roberto/O3/O3_Bootloader/Boot/Src/boot_display.c:149:6:BootDisplay_Init	8	static
C:/Roberto/O3/O3_Bootloader/Boot/Src/boot_display.c:164:6:BootDisplay_Clear	16	static
C:/Roberto/O3/O3_Bootloader/Boot/Src/boot_display.c:181:6:BootDisplay_WriteLine	16	static
C:/Roberto/O3/O3_Bootloader/Boot/Src/boot_display.c:186:6:BootDisplay_Log	16	static
C:/Roberto/O3/O3_Bootloader/Boot/Src/boot_display.c:191:6:BootDisplay_LogColor	24	static
C:/Roberto/O3/O3_Bootloader/Boot/Src/boot_display.c:222:6:BootDisplay_ShowStatus	16	static
C:/Roberto/O3/O3_Bootloader/Boot/Src/boot_display.c:228:6:BootDisplay_ShowProgress	104	static
C:/Roberto/O3/O3_Bootloader/Boot/Src/boot_display.c:276:6:BootDisplay_ClearProgress	8	static
C:/Roberto/O3/O3_Bootloader/Boot/Src/boot_display.c:285:13:BootDisplay_PutChar	40	static
C:/Roberto/O3/O3_Bootloader/Boot/Src/boot_display.c:303:13:BootDisplay_DrawPixel	24	static
C:/Roberto/O3/O3_Bootloader/Boot/Src/boot_display.c:311:13:BootDisplay_ClearLine	32	static
C:/Roberto/O3/O3_Bootloader/Boot/Src/boot_display.c:326:13:BootDisplay_RenderLine	40	static
C:/Roberto/O3/O3_Bootloader/Boot/Src/boot_display.c:349:13:BootDisplay_ScrollLogArea	24	static
C:/Roberto/O3/O3_Bootloader/Boot/Src/boot_display.c:364:13:BootDisplay_CopyText	24	static
C:/Roberto/O3/O3_Bootloader/Boot/Src/boot_display.c:378:17:BootDisplay_ResolveColor	16	static
C:/Roberto/O3/O3_Bootloader/Boot/Src/boot_display.c:394:13:BootDisplay_GPIO_Init	48	static
C:/Roberto/O3/O3_Bootloader/Boot/Src/boot_display.c:417:13:BootDisplay_TIM3_Init	40	static
C:/Roberto/O3/O3_Bootloader/Boot/Src/boot_display.c:438:13:BootDisplay_LTDC_Init	312	static
