C:/Roberto/O3/O3_Bootloader/Boot/Src/sw_aes.c:138:16:xtime	16	static
C:/Roberto/O3/O3_Bootloader/Boot/Src/sw_aes.c:144:13:key_expand	24	static
C:/Roberto/O3/O3_Bootloader/Boot/Src/sw_aes.c:167:13:add_round_key	24	static
C:/Roberto/O3/O3_Bootloader/Boot/Src/sw_aes.c:177:13:sub_bytes	24	static
C:/Roberto/O3/O3_Bootloader/Boot/Src/sw_aes.c:182:13:inv_sub_bytes	24	static
C:/Roberto/O3/O3_Bootloader/Boot/Src/sw_aes.c:187:13:shift_rows	24	static
C:/Roberto/O3/O3_Bootloader/Boot/Src/sw_aes.c:194:13:inv_shift_rows	24	static
C:/Roberto/O3/O3_Bootloader/Boot/Src/sw_aes.c:201:13:mix_columns	24	static
C:/Roberto/O3/O3_Bootloader/Boot/Src/sw_aes.c:213:13:inv_mix_columns	24	static
C:/Roberto/O3/O3_Bootloader/Boot/Src/sw_aes.c:226:13:load_state	24	static
C:/Roberto/O3/O3_Bootloader/Boot/Src/sw_aes.c:231:13:store_state	24	static
C:/Roberto/O3/O3_Bootloader/Boot/Src/sw_aes.c:238:6:sw_aes256_ecb_encrypt	288	static
C:/Roberto/O3/O3_Bootloader/Boot/Src/sw_aes.c:264:13:ecb_decrypt_block	48	static
C:/Roberto/O3/O3_Bootloader/Boot/Src/sw_aes.c:282:6:sw_aes256_cbc_decrypt	312	static
C:/Roberto/O3/O3_Bootloader/Boot/Src/sw_aes.c:307:6:sw_aes256_cbc_decrypt_inplace	312	static
